<?xml version="1.0" encoding="utf-8"?>
<test-run id="2" testcasecount="303" result="Passed" total="303" passed="303" failed="0" inconclusive="0" skipped="0" asserts="0" engine-version="3.5.0.0" clr-version="4.0.30319.42000" start-time="2026-05-19 17:01:28Z" end-time="2026-05-19 17:01:30Z" duration="1,2068088">
  <test-suite type="TestSuite" id="1358" name="My project" fullname="My project" runstate="Runnable" testcasecount="303" result="Passed" start-time="2026-05-19 17:01:28Z" end-time="2026-05-19 17:01:30Z" duration="1.206809" total="303" passed="303" failed="0" inconclusive="0" skipped="0" asserts="0">
    <properties />
    <test-suite type="Assembly" id="1385" name="Tests.Integration.GameStateManager.dll" fullname="C:/Users/dvsma/Desktop/boltsort/My project/Library/ScriptAssemblies/Tests.Integration.GameStateManager.dll" runstate="Runnable" testcasecount="25" result="Passed" start-time="2026-05-19 17:01:28Z" end-time="2026-05-19 17:01:29Z" duration="0.166550" total="25" passed="25" failed="0" inconclusive="0" skipped="0" asserts="0">
      <properties>
        <property name="_PID" value="6620" />
        <property name="_APPDOMAIN" value="Unity Child Domain" />
        <property name="platform" value="EditMode" />
      </properties>
      <test-suite type="TestSuite" id="1386" name="BoltSort" fullname="BoltSort" runstate="Runnable" testcasecount="25" result="Passed" start-time="2026-05-19 17:01:28Z" end-time="2026-05-19 17:01:29Z" duration="0.164232" total="25" passed="25" failed="0" inconclusive="0" skipped="0" asserts="0">
        <properties />
        <test-suite type="TestSuite" id="1387" name="Tests" fullname="BoltSort.Tests" runstate="Runnable" testcasecount="25" result="Passed" start-time="2026-05-19 17:01:28Z" end-time="2026-05-19 17:01:29Z" duration="0.159199" total="25" passed="25" failed="0" inconclusive="0" skipped="0" asserts="0">
          <properties />
          <test-suite type="TestSuite" id="1388" name="Integration" fullname="BoltSort.Tests.Integration" runstate="Runnable" testcasecount="25" result="Passed" start-time="2026-05-19 17:01:28Z" end-time="2026-05-19 17:01:29Z" duration="0.155013" total="25" passed="25" failed="0" inconclusive="0" skipped="0" asserts="0">
            <properties />
            <test-suite type="TestSuite" id="1389" name="GameStateManager" fullname="BoltSort.Tests.Integration.GameStateManager" runstate="Runnable" testcasecount="25" result="Passed" start-time="2026-05-19 17:01:28Z" end-time="2026-05-19 17:01:29Z" duration="0.151154" total="25" passed="25" failed="0" inconclusive="0" skipped="0" asserts="0">
              <properties />
              <test-suite type="TestFixture" id="1359" name="AppLifecycle_Test" fullname="BoltSort.Tests.Integration.GameStateManager.AppLifecycle_Test" classname="BoltSort.Tests.Integration.GameStateManager.AppLifecycle_Test" runstate="Runnable" testcasecount="25" result="Passed" start-time="2026-05-19 17:01:28Z" end-time="2026-05-19 17:01:29Z" duration="0.142240" total="25" passed="25" failed="0" inconclusive="0" skipped="0" asserts="0">
                <properties />
                <test-case id="1373" name="Test_EC06_NotInBoltSelected_SeqIdUnchangedOnRestore" fullname="BoltSort.Tests.Integration.GameStateManager.AppLifecycle_Test.Test_EC06_NotInBoltSelected_SeqIdUnchangedOnRestore" methodname="Test_EC06_NotInBoltSelected_SeqIdUnchangedOnRestore" classname="BoltSort.Tests.Integration.GameStateManager.AppLifecycle_Test" runstate="Runnable" seed="1586515152" result="Passed" start-time="2026-05-19 17:01:28Z" end-time="2026-05-19 17:01:28Z" duration="0.048188" asserts="0">
                  <properties />
                </test-case>
                <test-case id="1372" name="Test_EC06_WasInBoltSelected_IncrementsSeqIdOnRestore" fullname="BoltSort.Tests.Integration.GameStateManager.AppLifecycle_Test.Test_EC06_WasInBoltSelected_IncrementsSeqIdOnRestore" methodname="Test_EC06_WasInBoltSelected_IncrementsSeqIdOnRestore" classname="BoltSort.Tests.Integration.GameStateManager.AppLifecycle_Test" runstate="Runnable" seed="345590323" result="Passed" start-time="2026-05-19 17:01:29Z" end-time="2026-05-19 17:01:29Z" duration="0.001816" asserts="0">
                  <properties />
                </test-case>
                <test-case id="1379" name="Test_L08_ExitLevel_AllowsSubsequentLoadLevel" fullname="BoltSort.Tests.Integration.GameStateManager.AppLifecycle_Test.Test_L08_ExitLevel_AllowsSubsequentLoadLevel" methodname="Test_L08_ExitLevel_AllowsSubsequentLoadLevel" classname="BoltSort.Tests.Integration.GameStateManager.AppLifecycle_Test" runstate="Runnable" seed="134046491" result="Passed" start-time="2026-05-19 17:01:29Z" end-time="2026-05-19 17:01:29Z" duration="0.006023" asserts="0">
                  <properties />
                </test-case>
                <test-case id="1374" name="Test_L08_ExitLevel_FromActive_ClearsBoardArrays" fullname="BoltSort.Tests.Integration.GameStateManager.AppLifecycle_Test.Test_L08_ExitLevel_FromActive_ClearsBoardArrays" methodname="Test_L08_ExitLevel_FromActive_ClearsBoardArrays" classname="BoltSort.Tests.Integration.GameStateManager.AppLifecycle_Test" runstate="Runnable" seed="1653255152" result="Passed" start-time="2026-05-19 17:01:29Z" end-time="2026-05-19 17:01:29Z" duration="0.001513" asserts="0">
                  <properties />
                </test-case>
                <test-case id="1375" name="Test_L08_ExitLevel_FromActive_ClearsCounters" fullname="BoltSort.Tests.Integration.GameStateManager.AppLifecycle_Test.Test_L08_ExitLevel_FromActive_ClearsCounters" methodname="Test_L08_ExitLevel_FromActive_ClearsCounters" classname="BoltSort.Tests.Integration.GameStateManager.AppLifecycle_Test" runstate="Runnable" seed="507066410" result="Passed" start-time="2026-05-19 17:01:29Z" end-time="2026-05-19 17:01:29Z" duration="0.004937" asserts="0">
                  <properties />
                </test-case>
                <test-case id="1376" name="Test_L08_ExitLevel_FromActive_EmitsLevelUnloaded_WithLevelId" fullname="BoltSort.Tests.Integration.GameStateManager.AppLifecycle_Test.Test_L08_ExitLevel_FromActive_EmitsLevelUnloaded_WithLevelId" methodname="Test_L08_ExitLevel_FromActive_EmitsLevelUnloaded_WithLevelId" classname="BoltSort.Tests.Integration.GameStateManager.AppLifecycle_Test" runstate="Runnable" seed="622029313" result="Passed" start-time="2026-05-19 17:01:29Z" end-time="2026-05-19 17:01:29Z" duration="0.001559" asserts="0">
                  <properties />
                </test-case>
                <test-case id="1377" name="Test_L08_ExitLevel_FromActive_GsmToUnloaded" fullname="BoltSort.Tests.Integration.GameStateManager.AppLifecycle_Test.Test_L08_ExitLevel_FromActive_GsmToUnloaded" methodname="Test_L08_ExitLevel_FromActive_GsmToUnloaded" classname="BoltSort.Tests.Integration.GameStateManager.AppLifecycle_Test" runstate="Runnable" seed="1455442554" result="Passed" start-time="2026-05-19 17:01:29Z" end-time="2026-05-19 17:01:29Z" duration="0.000919" asserts="0">
                  <properties />
                </test-case>
                <test-case id="1378" name="Test_L08_ExitLevel_FromComplete_EmitsLevelUnloaded_WithLevelId" fullname="BoltSort.Tests.Integration.GameStateManager.AppLifecycle_Test.Test_L08_ExitLevel_FromComplete_EmitsLevelUnloaded_WithLevelId" methodname="Test_L08_ExitLevel_FromComplete_EmitsLevelUnloaded_WithLevelId" classname="BoltSort.Tests.Integration.GameStateManager.AppLifecycle_Test" runstate="Runnable" seed="143440348" result="Passed" start-time="2026-05-19 17:01:29Z" end-time="2026-05-19 17:01:29Z" duration="0.001120" asserts="0">
                  <properties />
                </test-case>
                <test-case id="1382" name="Test_L08_ExitLevel_FromUnloaded_IsNoOp" fullname="BoltSort.Tests.Integration.GameStateManager.AppLifecycle_Test.Test_L08_ExitLevel_FromUnloaded_IsNoOp" methodname="Test_L08_ExitLevel_FromUnloaded_IsNoOp" classname="BoltSort.Tests.Integration.GameStateManager.AppLifecycle_Test" runstate="Runnable" seed="232847980" result="Passed" start-time="2026-05-19 17:01:29Z" end-time="2026-05-19 17:01:29Z" duration="0.001339" asserts="0">
                  <properties />
                </test-case>
                <test-case id="1380" name="Test_L08Loading_ExitLevel_EmitsLevelUnloadedWithNull" fullname="BoltSort.Tests.Integration.GameStateManager.AppLifecycle_Test.Test_L08Loading_ExitLevel_EmitsLevelUnloadedWithNull" methodname="Test_L08Loading_ExitLevel_EmitsLevelUnloadedWithNull" classname="BoltSort.Tests.Integration.GameStateManager.AppLifecycle_Test" runstate="Runnable" seed="1477827796" result="Passed" start-time="2026-05-19 17:01:29Z" end-time="2026-05-19 17:01:29Z" duration="0.000824" asserts="0">
                  <properties />
                </test-case>
                <test-case id="1381" name="Test_L08Loading_ExitLevel_GsmToUnloaded_NoOtherEvents" fullname="BoltSort.Tests.Integration.GameStateManager.AppLifecycle_Test.Test_L08Loading_ExitLevel_GsmToUnloaded_NoOtherEvents" methodname="Test_L08Loading_ExitLevel_GsmToUnloaded_NoOtherEvents" classname="BoltSort.Tests.Integration.GameStateManager.AppLifecycle_Test" runstate="Runnable" seed="15106846" result="Passed" start-time="2026-05-19 17:01:29Z" end-time="2026-05-19 17:01:29Z" duration="0.000968" asserts="0">
                  <properties />
                </test-case>
                <test-case id="1383" name="Test_SER01_NullSaveSystem_InActive_NoThrowNoWrite" fullname="BoltSort.Tests.Integration.GameStateManager.AppLifecycle_Test.Test_SER01_NullSaveSystem_InActive_NoThrowNoWrite" methodname="Test_SER01_NullSaveSystem_InActive_NoThrowNoWrite" classname="BoltSort.Tests.Integration.GameStateManager.AppLifecycle_Test" runstate="Runnable" seed="423740392" result="Passed" start-time="2026-05-19 17:01:29Z" end-time="2026-05-19 17:01:29Z" duration="0.005786" asserts="0">
                  <properties />
                </test-case>
                <test-case id="1361" name="Test_SER01_OnPause_SnapshotContainsAllRequiredFields" fullname="BoltSort.Tests.Integration.GameStateManager.AppLifecycle_Test.Test_SER01_OnPause_SnapshotContainsAllRequiredFields" methodname="Test_SER01_OnPause_SnapshotContainsAllRequiredFields" classname="BoltSort.Tests.Integration.GameStateManager.AppLifecycle_Test" runstate="Runnable" seed="1018867760" result="Passed" start-time="2026-05-19 17:01:29Z" end-time="2026-05-19 17:01:29Z" duration="0.005042" asserts="0">
                  <properties />
                </test-case>
                <test-case id="1362" name="Test_SER01_OnPause_SnapshotExcludesUndoStack" fullname="BoltSort.Tests.Integration.GameStateManager.AppLifecycle_Test.Test_SER01_OnPause_SnapshotExcludesUndoStack" methodname="Test_SER01_OnPause_SnapshotExcludesUndoStack" classname="BoltSort.Tests.Integration.GameStateManager.AppLifecycle_Test" runstate="Runnable" seed="404802612" result="Passed" start-time="2026-05-19 17:01:29Z" end-time="2026-05-19 17:01:29Z" duration="0.002579" asserts="0">
                  <properties />
                </test-case>
                <test-case id="1364" name="Test_SER01_OnPause_WhenComplete_WritesSnapshot" fullname="BoltSort.Tests.Integration.GameStateManager.AppLifecycle_Test.Test_SER01_OnPause_WhenComplete_WritesSnapshot" methodname="Test_SER01_OnPause_WhenComplete_WritesSnapshot" classname="BoltSort.Tests.Integration.GameStateManager.AppLifecycle_Test" runstate="Runnable" seed="2018093953" result="Passed" start-time="2026-05-19 17:01:29Z" end-time="2026-05-19 17:01:29Z" duration="0.000743" asserts="0">
                  <properties />
                </test-case>
                <test-case id="1363" name="Test_SER01_OnPause_WhenUnloaded_DoesNotWrite" fullname="BoltSort.Tests.Integration.GameStateManager.AppLifecycle_Test.Test_SER01_OnPause_WhenUnloaded_DoesNotWrite" methodname="Test_SER01_OnPause_WhenUnloaded_DoesNotWrite" classname="BoltSort.Tests.Integration.GameStateManager.AppLifecycle_Test" runstate="Runnable" seed="267883719" result="Passed" start-time="2026-05-19 17:01:29Z" end-time="2026-05-19 17:01:29Z" duration="0.000581" asserts="0">
                  <properties />
                </test-case>
                <test-case id="1360" name="Test_SER01_OnPause_WritesSnapshotToSaveSystem" fullname="BoltSort.Tests.Integration.GameStateManager.AppLifecycle_Test.Test_SER01_OnPause_WritesSnapshotToSaveSystem" methodname="Test_SER01_OnPause_WritesSnapshotToSaveSystem" classname="BoltSort.Tests.Integration.GameStateManager.AppLifecycle_Test" runstate="Runnable" seed="1678839806" result="Passed" start-time="2026-05-19 17:01:29Z" end-time="2026-05-19 17:01:29Z" duration="0.000671" asserts="0">
                  <properties />
                </test-case>
                <test-case id="1366" name="Test_SER02_OnResume_EmitsBoardStateChanged" fullname="BoltSort.Tests.Integration.GameStateManager.AppLifecycle_Test.Test_SER02_OnResume_EmitsBoardStateChanged" methodname="Test_SER02_OnResume_EmitsBoardStateChanged" classname="BoltSort.Tests.Integration.GameStateManager.AppLifecycle_Test" runstate="Runnable" seed="69633876" result="Passed" start-time="2026-05-19 17:01:29Z" end-time="2026-05-19 17:01:29Z" duration="0.001040" asserts="0">
                  <properties />
                </test-case>
                <test-case id="1367" name="Test_SER02_OnResume_GsmStaysActive" fullname="BoltSort.Tests.Integration.GameStateManager.AppLifecycle_Test.Test_SER02_OnResume_GsmStaysActive" methodname="Test_SER02_OnResume_GsmStaysActive" classname="BoltSort.Tests.Integration.GameStateManager.AppLifecycle_Test" runstate="Runnable" seed="2014860559" result="Passed" start-time="2026-05-19 17:01:29Z" end-time="2026-05-19 17:01:29Z" duration="0.000711" asserts="0">
                  <properties />
                </test-case>
                <test-case id="1365" name="Test_SER02_OnResume_RestoresBoardState" fullname="BoltSort.Tests.Integration.GameStateManager.AppLifecycle_Test.Test_SER02_OnResume_RestoresBoardState" methodname="Test_SER02_OnResume_RestoresBoardState" classname="BoltSort.Tests.Integration.GameStateManager.AppLifecycle_Test" runstate="Runnable" seed="1132476135" result="Passed" start-time="2026-05-19 17:01:29Z" end-time="2026-05-19 17:01:29Z" duration="0.001296" asserts="0">
                  <properties />
                </test-case>
                <test-case id="1384" name="Test_SER02_OnResume_RestoresCompleteState" fullname="BoltSort.Tests.Integration.GameStateManager.AppLifecycle_Test.Test_SER02_OnResume_RestoresCompleteState" methodname="Test_SER02_OnResume_RestoresCompleteState" classname="BoltSort.Tests.Integration.GameStateManager.AppLifecycle_Test" runstate="Runnable" seed="1741603558" result="Passed" start-time="2026-05-19 17:01:29Z" end-time="2026-05-19 17:01:29Z" duration="0.001060" asserts="0">
                  <properties />
                </test-case>
                <test-case id="1368" name="Test_SER02_OnResume_UndoStackEmptyAfterRestore" fullname="BoltSort.Tests.Integration.GameStateManager.AppLifecycle_Test.Test_SER02_OnResume_UndoStackEmptyAfterRestore" methodname="Test_SER02_OnResume_UndoStackEmptyAfterRestore" classname="BoltSort.Tests.Integration.GameStateManager.AppLifecycle_Test" runstate="Runnable" seed="1975869122" result="Passed" start-time="2026-05-19 17:01:29Z" end-time="2026-05-19 17:01:29Z" duration="0.001412" asserts="0">
                  <properties />
                </test-case>
                <test-case id="1371" name="Test_SER03_InvalidSnapshot_BoardStateCleared" fullname="BoltSort.Tests.Integration.GameStateManager.AppLifecycle_Test.Test_SER03_InvalidSnapshot_BoardStateCleared" methodname="Test_SER03_InvalidSnapshot_BoardStateCleared" classname="BoltSort.Tests.Integration.GameStateManager.AppLifecycle_Test" runstate="Runnable" seed="604488934" result="Passed" start-time="2026-05-19 17:01:29Z" end-time="2026-05-19 17:01:29Z" duration="0.001030" asserts="0">
                  <properties />
                </test-case>
                <test-case id="1370" name="Test_SER03_InvalidSnapshot_GsmToUnloaded" fullname="BoltSort.Tests.Integration.GameStateManager.AppLifecycle_Test.Test_SER03_InvalidSnapshot_GsmToUnloaded" methodname="Test_SER03_InvalidSnapshot_GsmToUnloaded" classname="BoltSort.Tests.Integration.GameStateManager.AppLifecycle_Test" runstate="Runnable" seed="1296980445" result="Passed" start-time="2026-05-19 17:01:29Z" end-time="2026-05-19 17:01:29Z" duration="0.000943" asserts="0">
                  <properties />
                </test-case>
                <test-case id="1369" name="Test_SER03_NullSnapshot_EmitsSessionLoadFailed" fullname="BoltSort.Tests.Integration.GameStateManager.AppLifecycle_Test.Test_SER03_NullSnapshot_EmitsSessionLoadFailed" methodname="Test_SER03_NullSnapshot_EmitsSessionLoadFailed" classname="BoltSort.Tests.Integration.GameStateManager.AppLifecycle_Test" runstate="Runnable" seed="1344926178" result="Passed" start-time="2026-05-19 17:01:29Z" end-time="2026-05-19 17:01:29Z" duration="0.001198" asserts="0">
                  <properties />
                </test-case>
              </test-suite>
            </test-suite>
          </test-suite>
        </test-suite>
      </test-suite>
    </test-suite>
    <test-suite type="Assembly" id="1396" name="Tests.Integration.GsmSortMechanic.dll" fullname="C:/Users/dvsma/Desktop/boltsort/My project/Library/ScriptAssemblies/Tests.Integration.GsmSortMechanic.dll" runstate="Runnable" testcasecount="5" result="Passed" start-time="2026-05-19 17:01:29Z" end-time="2026-05-19 17:01:29Z" duration="0.040279" total="5" passed="5" failed="0" inconclusive="0" skipped="0" asserts="0">
      <properties>
        <property name="_PID" value="6620" />
        <property name="_APPDOMAIN" value="Unity Child Domain" />
        <property name="platform" value="EditMode" />
      </properties>
      <test-suite type="TestSuite" id="1397" name="BoltSort" fullname="BoltSort" runstate="Runnable" testcasecount="5" result="Passed" start-time="2026-05-19 17:01:29Z" end-time="2026-05-19 17:01:29Z" duration="0.036708" total="5" passed="5" failed="0" inconclusive="0" skipped="0" asserts="0">
        <properties />
        <test-suite type="TestSuite" id="1398" name="Tests" fullname="BoltSort.Tests" runstate="Runnable" testcasecount="5" result="Passed" start-time="2026-05-19 17:01:29Z" end-time="2026-05-19 17:01:29Z" duration="0.035797" total="5" passed="5" failed="0" inconclusive="0" skipped="0" asserts="0">
          <properties />
          <test-suite type="TestSuite" id="1399" name="Integration" fullname="BoltSort.Tests.Integration" runstate="Runnable" testcasecount="5" result="Passed" start-time="2026-05-19 17:01:29Z" end-time="2026-05-19 17:01:29Z" duration="0.031853" total="5" passed="5" failed="0" inconclusive="0" skipped="0" asserts="0">
            <properties />
            <test-suite type="TestSuite" id="1400" name="GsmSortMechanic" fullname="BoltSort.Tests.Integration.GsmSortMechanic" runstate="Runnable" testcasecount="5" result="Passed" start-time="2026-05-19 17:01:29Z" end-time="2026-05-19 17:01:29Z" duration="0.027913" total="5" passed="5" failed="0" inconclusive="0" skipped="0" asserts="0">
              <properties />
              <test-suite type="TestFixture" id="1390" name="SortMechanic_Deadlock_Integration_Test" fullname="BoltSort.Tests.Integration.GsmSortMechanic.SortMechanic_Deadlock_Integration_Test" classname="BoltSort.Tests.Integration.GsmSortMechanic.SortMechanic_Deadlock_Integration_Test" runstate="Runnable" testcasecount="5" result="Passed" start-time="2026-05-19 17:01:29Z" end-time="2026-05-19 17:01:29Z" duration="0.023303" total="5" passed="5" failed="0" inconclusive="0" skipped="0" asserts="0">
                <properties />
                <test-case id="1394" name="AC10_AnimationComplete_IdleExit_DeadlockBefore_MoveExecutingExited" fullname="BoltSort.Tests.Integration.GsmSortMechanic.SortMechanic_Deadlock_Integration_Test.AC10_AnimationComplete_IdleExit_DeadlockBefore_MoveExecutingExited" methodname="AC10_AnimationComplete_IdleExit_DeadlockBefore_MoveExecutingExited" classname="BoltSort.Tests.Integration.GsmSortMechanic.SortMechanic_Deadlock_Integration_Test" runstate="Runnable" seed="1401133437" result="Passed" start-time="2026-05-19 17:01:29Z" end-time="2026-05-19 17:01:29Z" duration="0.011041" asserts="0">
                  <properties />
                  <output><![CDATA[You are trying to create a MonoBehaviour using the 'new' keyword.  This is not allowed.  MonoBehaviours can only be added using AddComponent(). Alternatively, your script can inherit from ScriptableObject or no base class at all
]]></output>
                </test-case>
                <test-case id="1393" name="AC10_AnimationComplete_IdleExit_Deadlocked_EmitsDeadlockDetected" fullname="BoltSort.Tests.Integration.GsmSortMechanic.SortMechanic_Deadlock_Integration_Test.AC10_AnimationComplete_IdleExit_Deadlocked_EmitsDeadlockDetected" methodname="AC10_AnimationComplete_IdleExit_Deadlocked_EmitsDeadlockDetected" classname="BoltSort.Tests.Integration.GsmSortMechanic.SortMechanic_Deadlock_Integration_Test" runstate="Runnable" seed="135008764" result="Passed" start-time="2026-05-19 17:01:29Z" end-time="2026-05-19 17:01:29Z" duration="0.001649" asserts="0">
                  <properties />
                  <output><![CDATA[You are trying to create a MonoBehaviour using the 'new' keyword.  This is not allowed.  MonoBehaviours can only be added using AddComponent(). Alternatively, your script can inherit from ScriptableObject or no base class at all
]]></output>
                </test-case>
                <test-case id="1391" name="AC25_LevelLoaded_InitialDeadlock_EmitsDeadlockDetected" fullname="BoltSort.Tests.Integration.GsmSortMechanic.SortMechanic_Deadlock_Integration_Test.AC25_LevelLoaded_InitialDeadlock_EmitsDeadlockDetected" methodname="AC25_LevelLoaded_InitialDeadlock_EmitsDeadlockDetected" classname="BoltSort.Tests.Integration.GsmSortMechanic.SortMechanic_Deadlock_Integration_Test" runstate="Runnable" seed="1921200953" result="Passed" start-time="2026-05-19 17:01:29Z" end-time="2026-05-19 17:01:29Z" duration="0.001575" asserts="0">
                  <properties />
                  <output><![CDATA[You are trying to create a MonoBehaviour using the 'new' keyword.  This is not allowed.  MonoBehaviours can only be added using AddComponent(). Alternatively, your script can inherit from ScriptableObject or no base class at all
]]></output>
                </test-case>
                <test-case id="1392" name="AC25_LevelLoaded_NoInitialDeadlock_NoEmission" fullname="BoltSort.Tests.Integration.GsmSortMechanic.SortMechanic_Deadlock_Integration_Test.AC25_LevelLoaded_NoInitialDeadlock_NoEmission" methodname="AC25_LevelLoaded_NoInitialDeadlock_NoEmission" classname="BoltSort.Tests.Integration.GsmSortMechanic.SortMechanic_Deadlock_Integration_Test" runstate="Runnable" seed="880914611" result="Passed" start-time="2026-05-19 17:01:29Z" end-time="2026-05-19 17:01:29Z" duration="0.001400" asserts="0">
                  <properties />
                  <output><![CDATA[You are trying to create a MonoBehaviour using the 'new' keyword.  This is not allowed.  MonoBehaviours can only be added using AddComponent(). Alternatively, your script can inherit from ScriptableObject or no base class at all
]]></output>
                </test-case>
                <test-case id="1395" name="LevelLoaded_TempSlotProvidesEscape_NoDeadlock" fullname="BoltSort.Tests.Integration.GsmSortMechanic.SortMechanic_Deadlock_Integration_Test.LevelLoaded_TempSlotProvidesEscape_NoDeadlock" methodname="LevelLoaded_TempSlotProvidesEscape_NoDeadlock" classname="BoltSort.Tests.Integration.GsmSortMechanic.SortMechanic_Deadlock_Integration_Test" runstate="Runnable" seed="2020644132" result="Passed" start-time="2026-05-19 17:01:29Z" end-time="2026-05-19 17:01:29Z" duration="0.001418" asserts="0">
                  <properties />
                  <output><![CDATA[You are trying to create a MonoBehaviour using the 'new' keyword.  This is not allowed.  MonoBehaviours can only be added using AddComponent(). Alternatively, your script can inherit from ScriptableObject or no base class at all
]]></output>
                </test-case>
              </test-suite>
            </test-suite>
          </test-suite>
        </test-suite>
      </test-suite>
    </test-suite>
    <test-suite type="Assembly" id="1415" name="Tests.Integration.LevelData.dll" fullname="C:/Users/dvsma/Desktop/boltsort/My project/Library/ScriptAssemblies/Tests.Integration.LevelData.dll" runstate="Runnable" testcasecount="13" result="Passed" start-time="2026-05-19 17:01:29Z" end-time="2026-05-19 17:01:29Z" duration="0.401424" total="13" passed="13" failed="0" inconclusive="0" skipped="0" asserts="0">
      <properties>
        <property name="_PID" value="6620" />
        <property name="_APPDOMAIN" value="Unity Child Domain" />
        <property name="platform" value="EditMode" />
      </properties>
      <test-suite type="TestSuite" id="1416" name="BoltSort" fullname="BoltSort" runstate="Runnable" testcasecount="13" result="Passed" start-time="2026-05-19 17:01:29Z" end-time="2026-05-19 17:01:29Z" duration="0.400368" total="13" passed="13" failed="0" inconclusive="0" skipped="0" asserts="0">
        <properties />
        <test-suite type="TestSuite" id="1417" name="Tests" fullname="BoltSort.Tests" runstate="Runnable" testcasecount="13" result="Passed" start-time="2026-05-19 17:01:29Z" end-time="2026-05-19 17:01:29Z" duration="0.396062" total="13" passed="13" failed="0" inconclusive="0" skipped="0" asserts="0">
          <properties />
          <test-suite type="TestSuite" id="1418" name="Integration" fullname="BoltSort.Tests.Integration" runstate="Runnable" testcasecount="13" result="Passed" start-time="2026-05-19 17:01:29Z" end-time="2026-05-19 17:01:29Z" duration="0.391257" total="13" passed="13" failed="0" inconclusive="0" skipped="0" asserts="0">
            <properties />
            <test-suite type="TestSuite" id="1419" name="LevelData" fullname="BoltSort.Tests.Integration.LevelData" runstate="Runnable" testcasecount="13" result="Passed" start-time="2026-05-19 17:01:29Z" end-time="2026-05-19 17:01:29Z" duration="0.386396" total="13" passed="13" failed="0" inconclusive="0" skipped="0" asserts="0">
              <properties />
              <test-suite type="TestFixture" id="1401" name="InitAsync_Test" fullname="BoltSort.Tests.Integration.LevelData.InitAsync_Test" classname="BoltSort.Tests.Integration.LevelData.InitAsync_Test" runstate="Runnable" testcasecount="13" result="Passed" start-time="2026-05-19 17:01:29Z" end-time="2026-05-19 17:01:29Z" duration="0.381501" total="13" passed="13" failed="0" inconclusive="0" skipped="0" asserts="0">
                <properties />
                <test-case id="1411" name="Test_AddressablesFailure_EntersDegraded_NoExceptionPropagated" fullname="BoltSort.Tests.Integration.LevelData.InitAsync_Test.Test_AddressablesFailure_EntersDegraded_NoExceptionPropagated" methodname="Test_AddressablesFailure_EntersDegraded_NoExceptionPropagated" classname="BoltSort.Tests.Integration.LevelData.InitAsync_Test" runstate="Runnable" seed="601602039" result="Passed" start-time="2026-05-19 17:01:29Z" end-time="2026-05-19 17:01:29Z" duration="0.022959" asserts="0">
                  <properties>
                    <property name="_JOINTYPE" value="UnityCombinatorial" />
                  </properties>
                </test-case>
                <test-case id="1409" name="Test_ConcurrentInitializeAsync_ReturnsSameTask_LoaderCalledOnce" fullname="BoltSort.Tests.Integration.LevelData.InitAsync_Test.Test_ConcurrentInitializeAsync_ReturnsSameTask_LoaderCalledOnce" methodname="Test_ConcurrentInitializeAsync_ReturnsSameTask_LoaderCalledOnce" classname="BoltSort.Tests.Integration.LevelData.InitAsync_Test" runstate="Runnable" seed="1478742591" result="Passed" start-time="2026-05-19 17:01:29Z" end-time="2026-05-19 17:01:29Z" duration="0.248701" asserts="0">
                  <properties>
                    <property name="_JOINTYPE" value="UnityCombinatorial" />
                  </properties>
                </test-case>
                <test-case id="1404" name="Test_EmptyCatalogue_EntersDegraded_ZeroCounts" fullname="BoltSort.Tests.Integration.LevelData.InitAsync_Test.Test_EmptyCatalogue_EntersDegraded_ZeroCounts" methodname="Test_EmptyCatalogue_EntersDegraded_ZeroCounts" classname="BoltSort.Tests.Integration.LevelData.InitAsync_Test" runstate="Runnable" seed="506713576" result="Passed" start-time="2026-05-19 17:01:29Z" end-time="2026-05-19 17:01:29Z" duration="0.011359" asserts="0">
                  <properties>
                    <property name="_JOINTYPE" value="UnityCombinatorial" />
                  </properties>
                </test-case>
                <test-case id="1403" name="Test_FailureRatio21Percent_EntersDegraded_ValidRecordsRetained" fullname="BoltSort.Tests.Integration.LevelData.InitAsync_Test.Test_FailureRatio21Percent_EntersDegraded_ValidRecordsRetained" methodname="Test_FailureRatio21Percent_EntersDegraded_ValidRecordsRetained" classname="BoltSort.Tests.Integration.LevelData.InitAsync_Test" runstate="Runnable" seed="1462641522" result="Passed" start-time="2026-05-19 17:01:29Z" end-time="2026-05-19 17:01:29Z" duration="0.014594" asserts="0">
                  <properties>
                    <property name="_JOINTYPE" value="UnityCombinatorial" />
                  </properties>
                </test-case>
                <test-case id="1402" name="Test_FailureRatioExactly20Percent_EntersReady" fullname="BoltSort.Tests.Integration.LevelData.InitAsync_Test.Test_FailureRatioExactly20Percent_EntersReady" methodname="Test_FailureRatioExactly20Percent_EntersReady" classname="BoltSort.Tests.Integration.LevelData.InitAsync_Test" runstate="Runnable" seed="1109895081" result="Passed" start-time="2026-05-19 17:01:29Z" end-time="2026-05-19 17:01:29Z" duration="0.012118" asserts="0">
                  <properties>
                    <property name="_JOINTYPE" value="UnityCombinatorial" />
                  </properties>
                </test-case>
                <test-case id="1407" name="Test_GetByFilter_BeforeInit_ThrowsInvalidOperationException" fullname="BoltSort.Tests.Integration.LevelData.InitAsync_Test.Test_GetByFilter_BeforeInit_ThrowsInvalidOperationException" methodname="Test_GetByFilter_BeforeInit_ThrowsInvalidOperationException" classname="BoltSort.Tests.Integration.LevelData.InitAsync_Test" runstate="Runnable" seed="2044058762" result="Passed" start-time="2026-05-19 17:01:29Z" end-time="2026-05-19 17:01:29Z" duration="0.006736" asserts="0">
                  <properties />
                </test-case>
                <test-case id="1405" name="Test_GetLevel_BeforeInit_ThrowsInvalidOperationException" fullname="BoltSort.Tests.Integration.LevelData.InitAsync_Test.Test_GetLevel_BeforeInit_ThrowsInvalidOperationException" methodname="Test_GetLevel_BeforeInit_ThrowsInvalidOperationException" classname="BoltSort.Tests.Integration.LevelData.InitAsync_Test" runstate="Runnable" seed="861969386" result="Passed" start-time="2026-05-19 17:01:29Z" end-time="2026-05-19 17:01:29Z" duration="0.001291" asserts="0">
                  <properties />
                </test-case>
                <test-case id="1406" name="Test_GetRange_BeforeInit_ThrowsInvalidOperationException" fullname="BoltSort.Tests.Integration.LevelData.InitAsync_Test.Test_GetRange_BeforeInit_ThrowsInvalidOperationException" methodname="Test_GetRange_BeforeInit_ThrowsInvalidOperationException" classname="BoltSort.Tests.Integration.LevelData.InitAsync_Test" runstate="Runnable" seed="1281275119" result="Passed" start-time="2026-05-19 17:01:29Z" end-time="2026-05-19 17:01:29Z" duration="0.001254" asserts="0">
                  <properties />
                </test-case>
                <test-case id="1408" name="Test_Getters_WhileLoading_ThrowsInvalidOperationException" fullname="BoltSort.Tests.Integration.LevelData.InitAsync_Test.Test_Getters_WhileLoading_ThrowsInvalidOperationException" methodname="Test_Getters_WhileLoading_ThrowsInvalidOperationException" classname="BoltSort.Tests.Integration.LevelData.InitAsync_Test" runstate="Runnable" seed="298826960" result="Passed" start-time="2026-05-19 17:01:29Z" end-time="2026-05-19 17:01:29Z" duration="0.008422" asserts="0">
                  <properties>
                    <property name="_JOINTYPE" value="UnityCombinatorial" />
                  </properties>
                </test-case>
                <test-case id="1410" name="Test_InitializeAsync_WhileReady_ReturnsCompletedTask" fullname="BoltSort.Tests.Integration.LevelData.InitAsync_Test.Test_InitializeAsync_WhileReady_ReturnsCompletedTask" methodname="Test_InitializeAsync_WhileReady_ReturnsCompletedTask" classname="BoltSort.Tests.Integration.LevelData.InitAsync_Test" runstate="Runnable" seed="1100962221" result="Passed" start-time="2026-05-19 17:01:29Z" end-time="2026-05-19 17:01:29Z" duration="0.011271" asserts="0">
                  <properties>
                    <property name="_JOINTYPE" value="UnityCombinatorial" />
                  </properties>
                </test-case>
                <test-case id="1413" name="Test_OnLevelDataReady_FiresOnDegradedPath" fullname="BoltSort.Tests.Integration.LevelData.InitAsync_Test.Test_OnLevelDataReady_FiresOnDegradedPath" methodname="Test_OnLevelDataReady_FiresOnDegradedPath" classname="BoltSort.Tests.Integration.LevelData.InitAsync_Test" runstate="Runnable" seed="12140121" result="Passed" start-time="2026-05-19 17:01:29Z" end-time="2026-05-19 17:01:29Z" duration="0.010886" asserts="0">
                  <properties>
                    <property name="_JOINTYPE" value="UnityCombinatorial" />
                  </properties>
                </test-case>
                <test-case id="1412" name="Test_OnLevelDataReady_FiresOnReadyPath" fullname="BoltSort.Tests.Integration.LevelData.InitAsync_Test.Test_OnLevelDataReady_FiresOnReadyPath" methodname="Test_OnLevelDataReady_FiresOnReadyPath" classname="BoltSort.Tests.Integration.LevelData.InitAsync_Test" runstate="Runnable" seed="1798128466" result="Passed" start-time="2026-05-19 17:01:29Z" end-time="2026-05-19 17:01:29Z" duration="0.010062" asserts="0">
                  <properties>
                    <property name="_JOINTYPE" value="UnityCombinatorial" />
                  </properties>
                </test-case>
                <test-case id="1414" name="Test_SubscribeThenCheck_HandlesAlreadyReadyState" fullname="BoltSort.Tests.Integration.LevelData.InitAsync_Test.Test_SubscribeThenCheck_HandlesAlreadyReadyState" methodname="Test_SubscribeThenCheck_HandlesAlreadyReadyState" classname="BoltSort.Tests.Integration.LevelData.InitAsync_Test" runstate="Runnable" seed="647969127" result="Passed" start-time="2026-05-19 17:01:29Z" end-time="2026-05-19 17:01:29Z" duration="0.011597" asserts="0">
                  <properties>
                    <property name="_JOINTYPE" value="UnityCombinatorial" />
                  </properties>
                </test-case>
              </test-suite>
            </test-suite>
          </test-suite>
        </test-suite>
      </test-suite>
    </test-suite>
    <test-suite type="Assembly" id="1514" name="Tests.Unit.GameStateManager.dll" fullname="C:/Users/dvsma/Desktop/boltsort/My project/Library/ScriptAssemblies/Tests.Unit.GameStateManager.dll" runstate="Runnable" testcasecount="87" result="Passed" start-time="2026-05-19 17:01:29Z" end-time="2026-05-19 17:01:29Z" duration="0.194491" total="87" passed="87" failed="0" inconclusive="0" skipped="0" asserts="0">
      <properties>
        <property name="_PID" value="6620" />
        <property name="_APPDOMAIN" value="Unity Child Domain" />
        <property name="platform" value="EditMode" />
      </properties>
      <test-suite type="TestSuite" id="1515" name="BoltSort" fullname="BoltSort" runstate="Runnable" testcasecount="87" result="Passed" start-time="2026-05-19 17:01:29Z" end-time="2026-05-19 17:01:29Z" duration="0.192230" total="87" passed="87" failed="0" inconclusive="0" skipped="0" asserts="0">
        <properties />
        <test-suite type="TestSuite" id="1516" name="Tests" fullname="BoltSort.Tests" runstate="Runnable" testcasecount="87" result="Passed" start-time="2026-05-19 17:01:29Z" end-time="2026-05-19 17:01:29Z" duration="0.187508" total="87" passed="87" failed="0" inconclusive="0" skipped="0" asserts="0">
          <properties />
          <test-suite type="TestSuite" id="1517" name="Unit" fullname="BoltSort.Tests.Unit" runstate="Runnable" testcasecount="87" result="Passed" start-time="2026-05-19 17:01:29Z" end-time="2026-05-19 17:01:29Z" duration="0.182663" total="87" passed="87" failed="0" inconclusive="0" skipped="0" asserts="0">
            <properties />
            <test-suite type="TestSuite" id="1518" name="GameStateManager" fullname="BoltSort.Tests.Unit.GameStateManager" runstate="Runnable" testcasecount="87" result="Passed" start-time="2026-05-19 17:01:29Z" end-time="2026-05-19 17:01:29Z" duration="0.178108" total="87" passed="87" failed="0" inconclusive="0" skipped="0" asserts="0">
              <properties />
              <test-suite type="TestFixture" id="1420" name="BoardMutation_Test" fullname="BoltSort.Tests.Unit.GameStateManager.BoardMutation_Test" classname="BoltSort.Tests.Unit.GameStateManager.BoardMutation_Test" runstate="Runnable" testcasecount="16" result="Passed" start-time="2026-05-19 17:01:29Z" end-time="2026-05-19 17:01:29Z" duration="0.033340" total="16" passed="16" failed="0" inconclusive="0" skipped="0" asserts="0">
                <properties />
                <test-case id="1429" name="Test_HandleCancelledThenRejected_BothProduceZeroMutations" fullname="BoltSort.Tests.Unit.GameStateManager.BoardMutation_Test.Test_HandleCancelledThenRejected_BothProduceZeroMutations" methodname="Test_HandleCancelledThenRejected_BothProduceZeroMutations" classname="BoltSort.Tests.Unit.GameStateManager.BoardMutation_Test" runstate="Runnable" seed="188776664" result="Passed" start-time="2026-05-19 17:01:29Z" end-time="2026-05-19 17:01:29Z" duration="0.002930" asserts="0">
                  <properties />
                </test-case>
                <test-case id="1430" name="Test_HandleMoveCancelled_EmitsNoOnBoardStateChangedEvent" fullname="BoltSort.Tests.Unit.GameStateManager.BoardMutation_Test.Test_HandleMoveCancelled_EmitsNoOnBoardStateChangedEvent" methodname="Test_HandleMoveCancelled_EmitsNoOnBoardStateChangedEvent" classname="BoltSort.Tests.Unit.GameStateManager.BoardMutation_Test" runstate="Runnable" seed="416467114" result="Passed" start-time="2026-05-19 17:01:29Z" end-time="2026-05-19 17:01:29Z" duration="0.001044" asserts="0">
                  <properties />
                </test-case>
                <test-case id="1427" name="Test_HandleMoveCancelled_ProducesZeroMutations" fullname="BoltSort.Tests.Unit.GameStateManager.BoardMutation_Test.Test_HandleMoveCancelled_ProducesZeroMutations" methodname="Test_HandleMoveCancelled_ProducesZeroMutations" classname="BoltSort.Tests.Unit.GameStateManager.BoardMutation_Test" runstate="Runnable" seed="745065394" result="Passed" start-time="2026-05-19 17:01:29Z" end-time="2026-05-19 17:01:29Z" duration="0.001014" asserts="0">
                  <properties />
                </test-case>
                <test-case id="1432" name="Test_HandleMoveCommitted_DoesNotEmitOnBoardStateChanged" fullname="BoltSort.Tests.Unit.GameStateManager.BoardMutation_Test.Test_HandleMoveCommitted_DoesNotEmitOnBoardStateChanged" methodname="Test_HandleMoveCommitted_DoesNotEmitOnBoardStateChanged" classname="BoltSort.Tests.Unit.GameStateManager.BoardMutation_Test" runstate="Runnable" seed="457680275" result="Passed" start-time="2026-05-19 17:01:29Z" end-time="2026-05-19 17:01:29Z" duration="0.002967" asserts="0">
                  <properties />
                </test-case>
                <test-case id="1424" name="Test_HandleMoveCommitted_MultipleCommits_CumulativeCountersCorrect" fullname="BoltSort.Tests.Unit.GameStateManager.BoardMutation_Test.Test_HandleMoveCommitted_MultipleCommits_CumulativeCountersCorrect" methodname="Test_HandleMoveCommitted_MultipleCommits_CumulativeCountersCorrect" classname="BoltSort.Tests.Unit.GameStateManager.BoardMutation_Test" runstate="Runnable" seed="1519450818" result="Passed" start-time="2026-05-19 17:01:29Z" end-time="2026-05-19 17:01:29Z" duration="0.001737" asserts="0">
                  <properties />
                </test-case>
                <test-case id="1423" name="Test_HandleMoveCommitted_SequenceId_IncrementedAfterUndoEntryCapture" fullname="BoltSort.Tests.Unit.GameStateManager.BoardMutation_Test.Test_HandleMoveCommitted_SequenceId_IncrementedAfterUndoEntryCapture" methodname="Test_HandleMoveCommitted_SequenceId_IncrementedAfterUndoEntryCapture" classname="BoltSort.Tests.Unit.GameStateManager.BoardMutation_Test" runstate="Runnable" seed="86690837" result="Passed" start-time="2026-05-19 17:01:29Z" end-time="2026-05-19 17:01:29Z" duration="0.002229" asserts="0">
                  <properties />
                </test-case>
                <test-case id="1421" name="Test_HandleMoveCommitted_StandardMove_AllFiveStepsObservablePostEvent" fullname="BoltSort.Tests.Unit.GameStateManager.BoardMutation_Test.Test_HandleMoveCommitted_StandardMove_AllFiveStepsObservablePostEvent" methodname="Test_HandleMoveCommitted_StandardMove_AllFiveStepsObservablePostEvent" classname="BoltSort.Tests.Unit.GameStateManager.BoardMutation_Test" runstate="Runnable" seed="1220333847" result="Passed" start-time="2026-05-19 17:01:29Z" end-time="2026-05-19 17:01:29Z" duration="0.002150" asserts="0">
                  <properties />
                </test-case>
                <test-case id="1426" name="Test_HandleMoveCommitted_TempSlotAsDestination_FlatNamespaceApplied" fullname="BoltSort.Tests.Unit.GameStateManager.BoardMutation_Test.Test_HandleMoveCommitted_TempSlotAsDestination_FlatNamespaceApplied" methodname="Test_HandleMoveCommitted_TempSlotAsDestination_FlatNamespaceApplied" classname="BoltSort.Tests.Unit.GameStateManager.BoardMutation_Test" runstate="Runnable" seed="1989947165" result="Passed" start-time="2026-05-19 17:01:29Z" end-time="2026-05-19 17:01:29Z" duration="0.001233" asserts="0">
                  <properties />
                </test-case>
                <test-case id="1425" name="Test_HandleMoveCommitted_TempSlotAsSource_FlatNamespaceApplied" fullname="BoltSort.Tests.Unit.GameStateManager.BoardMutation_Test.Test_HandleMoveCommitted_TempSlotAsSource_FlatNamespaceApplied" methodname="Test_HandleMoveCommitted_TempSlotAsSource_FlatNamespaceApplied" classname="BoltSort.Tests.Unit.GameStateManager.BoardMutation_Test" runstate="Runnable" seed="561262034" result="Passed" start-time="2026-05-19 17:01:29Z" end-time="2026-05-19 17:01:29Z" duration="0.001389" asserts="0">
                  <properties />
                </test-case>
                <test-case id="1422" name="Test_HandleMoveCommitted_UndoEntry_FieldsMatchCommittedMove" fullname="BoltSort.Tests.Unit.GameStateManager.BoardMutation_Test.Test_HandleMoveCommitted_UndoEntry_FieldsMatchCommittedMove" methodname="Test_HandleMoveCommitted_UndoEntry_FieldsMatchCommittedMove" classname="BoltSort.Tests.Unit.GameStateManager.BoardMutation_Test" runstate="Runnable" seed="2138512285" result="Passed" start-time="2026-05-19 17:01:29Z" end-time="2026-05-19 17:01:29Z" duration="0.001395" asserts="0">
                  <properties />
                </test-case>
                <test-case id="1434" name="Test_HandleMoveCommitted_WhenComplete_MutationIgnored" fullname="BoltSort.Tests.Unit.GameStateManager.BoardMutation_Test.Test_HandleMoveCommitted_WhenComplete_MutationIgnored" methodname="Test_HandleMoveCommitted_WhenComplete_MutationIgnored" classname="BoltSort.Tests.Unit.GameStateManager.BoardMutation_Test" runstate="Runnable" seed="1830045600" result="Passed" start-time="2026-05-19 17:01:29Z" end-time="2026-05-19 17:01:29Z" duration="0.000980" asserts="0">
                  <properties />
                </test-case>
                <test-case id="1433" name="Test_HandleMoveCommitted_WhenUnloaded_MutationIgnored" fullname="BoltSort.Tests.Unit.GameStateManager.BoardMutation_Test.Test_HandleMoveCommitted_WhenUnloaded_MutationIgnored" methodname="Test_HandleMoveCommitted_WhenUnloaded_MutationIgnored" classname="BoltSort.Tests.Unit.GameStateManager.BoardMutation_Test" runstate="Runnable" seed="1150124789" result="Passed" start-time="2026-05-19 17:01:29Z" end-time="2026-05-19 17:01:29Z" duration="0.000900" asserts="0">
                  <properties />
                </test-case>
                <test-case id="1431" name="Test_HandleMoveRejected_EmitsNoOnBoardStateChangedEvent" fullname="BoltSort.Tests.Unit.GameStateManager.BoardMutation_Test.Test_HandleMoveRejected_EmitsNoOnBoardStateChangedEvent" methodname="Test_HandleMoveRejected_EmitsNoOnBoardStateChangedEvent" classname="BoltSort.Tests.Unit.GameStateManager.BoardMutation_Test" runstate="Runnable" seed="1995871392" result="Passed" start-time="2026-05-19 17:01:29Z" end-time="2026-05-19 17:01:29Z" duration="0.000806" asserts="0">
                  <properties />
                </test-case>
                <test-case id="1428" name="Test_HandleMoveRejected_ProducesZeroMutations" fullname="BoltSort.Tests.Unit.GameStateManager.BoardMutation_Test.Test_HandleMoveRejected_ProducesZeroMutations" methodname="Test_HandleMoveRejected_ProducesZeroMutations" classname="BoltSort.Tests.Unit.GameStateManager.BoardMutation_Test" runstate="Runnable" seed="467106702" result="Passed" start-time="2026-05-19 17:01:29Z" end-time="2026-05-19 17:01:29Z" duration="0.000999" asserts="0">
                  <properties />
                </test-case>
                <test-case id="1435" name="Test_SeedBoardForTesting_PublicPropertiesReflectSeedValues" fullname="BoltSort.Tests.Unit.GameStateManager.BoardMutation_Test.Test_SeedBoardForTesting_PublicPropertiesReflectSeedValues" methodname="Test_SeedBoardForTesting_PublicPropertiesReflectSeedValues" classname="BoltSort.Tests.Unit.GameStateManager.BoardMutation_Test" runstate="Runnable" seed="1446842180" result="Passed" start-time="2026-05-19 17:01:29Z" end-time="2026-05-19 17:01:29Z" duration="0.001049" asserts="0">
                  <properties />
                </test-case>
                <test-case id="1436" name="Test_TempSlotContents_ReflectsStackContentsAtFlatIndex" fullname="BoltSort.Tests.Unit.GameStateManager.BoardMutation_Test.Test_TempSlotContents_ReflectsStackContentsAtFlatIndex" methodname="Test_TempSlotContents_ReflectsStackContentsAtFlatIndex" classname="BoltSort.Tests.Unit.GameStateManager.BoardMutation_Test" runstate="Runnable" seed="222003800" result="Passed" start-time="2026-05-19 17:01:29Z" end-time="2026-05-19 17:01:29Z" duration="0.001292" asserts="0">
                  <properties />
                </test-case>
              </test-suite>
              <test-suite type="TestFixture" id="1437" name="DeferredUndo_Test" fullname="BoltSort.Tests.Unit.GameStateManager.DeferredUndo_Test" classname="BoltSort.Tests.Unit.GameStateManager.DeferredUndo_Test" runstate="Runnable" testcasecount="18" result="Passed" start-time="2026-05-19 17:01:29Z" end-time="2026-05-19 17:01:29Z" duration="0.029343" total="18" passed="18" failed="0" inconclusive="0" skipped="0" asserts="0">
                <properties />
                <test-case id="1438" name="Test_DeferredUndo_OnMoveExecutingExited_BoardReverts" fullname="BoltSort.Tests.Unit.GameStateManager.DeferredUndo_Test.Test_DeferredUndo_OnMoveExecutingExited_BoardReverts" methodname="Test_DeferredUndo_OnMoveExecutingExited_BoardReverts" classname="BoltSort.Tests.Unit.GameStateManager.DeferredUndo_Test" runstate="Runnable" seed="217617508" result="Passed" start-time="2026-05-19 17:01:29Z" end-time="2026-05-19 17:01:29Z" duration="0.003261" asserts="0">
                  <properties />
                </test-case>
                <test-case id="1439" name="Test_DeferredUndo_OnMoveExecutingExited_BoardStateChangedEmitted" fullname="BoltSort.Tests.Unit.GameStateManager.DeferredUndo_Test.Test_DeferredUndo_OnMoveExecutingExited_BoardStateChangedEmitted" methodname="Test_DeferredUndo_OnMoveExecutingExited_BoardStateChangedEmitted" classname="BoltSort.Tests.Unit.GameStateManager.DeferredUndo_Test" runstate="Runnable" seed="1863961733" result="Passed" start-time="2026-05-19 17:01:29Z" end-time="2026-05-19 17:01:29Z" duration="0.000905" asserts="0">
                  <properties />
                </test-case>
                <test-case id="1440" name="Test_DeferredUndo_OnMoveExecutingExited_LevelCompleteNotEmitted" fullname="BoltSort.Tests.Unit.GameStateManager.DeferredUndo_Test.Test_DeferredUndo_OnMoveExecutingExited_LevelCompleteNotEmitted" methodname="Test_DeferredUndo_OnMoveExecutingExited_LevelCompleteNotEmitted" classname="BoltSort.Tests.Unit.GameStateManager.DeferredUndo_Test" runstate="Runnable" seed="165339044" result="Passed" start-time="2026-05-19 17:01:29Z" end-time="2026-05-19 17:01:29Z" duration="0.001244" asserts="0">
                  <properties />
                </test-case>
                <test-case id="1441" name="Test_DeferredUndo_OnMoveExecutingExited_PendingUndoCleared" fullname="BoltSort.Tests.Unit.GameStateManager.DeferredUndo_Test.Test_DeferredUndo_OnMoveExecutingExited_PendingUndoCleared" methodname="Test_DeferredUndo_OnMoveExecutingExited_PendingUndoCleared" classname="BoltSort.Tests.Unit.GameStateManager.DeferredUndo_Test" runstate="Runnable" seed="1361847520" result="Passed" start-time="2026-05-19 17:01:29Z" end-time="2026-05-19 17:01:29Z" duration="0.000727" asserts="0">
                  <properties />
                </test-case>
                <test-case id="1453" name="Test_MoveCommitted_SetsAnimationInFlight" fullname="BoltSort.Tests.Unit.GameStateManager.DeferredUndo_Test.Test_MoveCommitted_SetsAnimationInFlight" methodname="Test_MoveCommitted_SetsAnimationInFlight" classname="BoltSort.Tests.Unit.GameStateManager.DeferredUndo_Test" runstate="Runnable" seed="1544025876" result="Passed" start-time="2026-05-19 17:01:29Z" end-time="2026-05-19 17:01:29Z" duration="0.000585" asserts="0">
                  <properties />
                </test-case>
                <test-case id="1454" name="Test_MoveExecutingExited_ClearsAnimationInFlight" fullname="BoltSort.Tests.Unit.GameStateManager.DeferredUndo_Test.Test_MoveExecutingExited_ClearsAnimationInFlight" methodname="Test_MoveExecutingExited_ClearsAnimationInFlight" classname="BoltSort.Tests.Unit.GameStateManager.DeferredUndo_Test" runstate="Runnable" seed="2085045241" result="Passed" start-time="2026-05-19 17:01:29Z" end-time="2026-05-19 17:01:29Z" duration="0.000589" asserts="0">
                  <properties />
                </test-case>
                <test-case id="1442" name="Test_NoPendingUndo_OnMoveExecutingExited_NoBoardStateChanged" fullname="BoltSort.Tests.Unit.GameStateManager.DeferredUndo_Test.Test_NoPendingUndo_OnMoveExecutingExited_NoBoardStateChanged" methodname="Test_NoPendingUndo_OnMoveExecutingExited_NoBoardStateChanged" classname="BoltSort.Tests.Unit.GameStateManager.DeferredUndo_Test" runstate="Runnable" seed="1229819269" result="Passed" start-time="2026-05-19 17:01:29Z" end-time="2026-05-19 17:01:29Z" duration="0.000675" asserts="0">
                  <properties />
                </test-case>
                <test-case id="1443" name="Test_PuzzleSolved_ClearsDeferredUndo" fullname="BoltSort.Tests.Unit.GameStateManager.DeferredUndo_Test.Test_PuzzleSolved_ClearsDeferredUndo" methodname="Test_PuzzleSolved_ClearsDeferredUndo" classname="BoltSort.Tests.Unit.GameStateManager.DeferredUndo_Test" runstate="Runnable" seed="1083174972" result="Passed" start-time="2026-05-19 17:01:29Z" end-time="2026-05-19 17:01:29Z" duration="0.002420" asserts="0">
                  <properties />
                  <output><![CDATA[[GameStateManager] HandlePuzzleSolved: _levelDataSystem is null — parMoves=0 (Story 005 wiring missing?).
]]></output>
                </test-case>
                <test-case id="1444" name="Test_PuzzleSolved_GsmTransitionsToComplete" fullname="BoltSort.Tests.Unit.GameStateManager.DeferredUndo_Test.Test_PuzzleSolved_GsmTransitionsToComplete" methodname="Test_PuzzleSolved_GsmTransitionsToComplete" classname="BoltSort.Tests.Unit.GameStateManager.DeferredUndo_Test" runstate="Runnable" seed="1663177305" result="Passed" start-time="2026-05-19 17:01:29Z" end-time="2026-05-19 17:01:29Z" duration="0.001903" asserts="0">
                  <properties />
                  <output><![CDATA[[GameStateManager] HandlePuzzleSolved: _levelDataSystem is null — parMoves=0 (Story 005 wiring missing?).
]]></output>
                </test-case>
                <test-case id="1445" name="Test_PuzzleSolved_LaterExit_UndoNotProcessed" fullname="BoltSort.Tests.Unit.GameStateManager.DeferredUndo_Test.Test_PuzzleSolved_LaterExit_UndoNotProcessed" methodname="Test_PuzzleSolved_LaterExit_UndoNotProcessed" classname="BoltSort.Tests.Unit.GameStateManager.DeferredUndo_Test" runstate="Runnable" seed="251934275" result="Passed" start-time="2026-05-19 17:01:29Z" end-time="2026-05-19 17:01:29Z" duration="0.001995" asserts="0">
                  <properties />
                  <output><![CDATA[[GameStateManager] HandlePuzzleSolved: _levelDataSystem is null — parMoves=0 (Story 005 wiring missing?).
]]></output>
                </test-case>
                <test-case id="1452" name="Test_SecondUndoRequest_OnlyOneUndoFires_BoardRevertsExactlyOneMove" fullname="BoltSort.Tests.Unit.GameStateManager.DeferredUndo_Test.Test_SecondUndoRequest_OnlyOneUndoFires_BoardRevertsExactlyOneMove" methodname="Test_SecondUndoRequest_OnlyOneUndoFires_BoardRevertsExactlyOneMove" classname="BoltSort.Tests.Unit.GameStateManager.DeferredUndo_Test" runstate="Runnable" seed="846866159" result="Passed" start-time="2026-05-19 17:01:29Z" end-time="2026-05-19 17:01:29Z" duration="0.001644" asserts="0">
                  <properties />
                </test-case>
                <test-case id="1451" name="Test_SecondUndoRequest_WhileDeferred_PendingUndoRemainsTrue" fullname="BoltSort.Tests.Unit.GameStateManager.DeferredUndo_Test.Test_SecondUndoRequest_WhileDeferred_PendingUndoRemainsTrue" methodname="Test_SecondUndoRequest_WhileDeferred_PendingUndoRemainsTrue" classname="BoltSort.Tests.Unit.GameStateManager.DeferredUndo_Test" runstate="Runnable" seed="96647870" result="Passed" start-time="2026-05-19 17:01:29Z" end-time="2026-05-19 17:01:29Z" duration="0.000719" asserts="0">
                  <properties />
                </test-case>
                <test-case id="1455" name="Test_UndoRequested_WhenNotInFlight_ExecutesSynchronously" fullname="BoltSort.Tests.Unit.GameStateManager.DeferredUndo_Test.Test_UndoRequested_WhenNotInFlight_ExecutesSynchronously" methodname="Test_UndoRequested_WhenNotInFlight_ExecutesSynchronously" classname="BoltSort.Tests.Unit.GameStateManager.DeferredUndo_Test" runstate="Runnable" seed="2021653327" result="Passed" start-time="2026-05-19 17:01:29Z" end-time="2026-05-19 17:01:29Z" duration="0.001069" asserts="0">
                  <properties />
                </test-case>
                <test-case id="1450" name="Test_WatchdogFire_NoDeferredUndo_NoBoardStateChanged" fullname="BoltSort.Tests.Unit.GameStateManager.DeferredUndo_Test.Test_WatchdogFire_NoDeferredUndo_NoBoardStateChanged" methodname="Test_WatchdogFire_NoDeferredUndo_NoBoardStateChanged" classname="BoltSort.Tests.Unit.GameStateManager.DeferredUndo_Test" runstate="Runnable" seed="1133843361" result="Passed" start-time="2026-05-19 17:01:29Z" end-time="2026-05-19 17:01:29Z" duration="0.000929" asserts="0">
                  <properties />
                </test-case>
                <test-case id="1446" name="Test_WatchdogFire_WithDeferredUndo_BoardRefreshForcedEmitted" fullname="BoltSort.Tests.Unit.GameStateManager.DeferredUndo_Test.Test_WatchdogFire_WithDeferredUndo_BoardRefreshForcedEmitted" methodname="Test_WatchdogFire_WithDeferredUndo_BoardRefreshForcedEmitted" classname="BoltSort.Tests.Unit.GameStateManager.DeferredUndo_Test" runstate="Runnable" seed="474615340" result="Passed" start-time="2026-05-19 17:01:29Z" end-time="2026-05-19 17:01:29Z" duration="0.000968" asserts="0">
                  <properties />
                </test-case>
                <test-case id="1447" name="Test_WatchdogFire_WithDeferredUndo_BoardReverts" fullname="BoltSort.Tests.Unit.GameStateManager.DeferredUndo_Test.Test_WatchdogFire_WithDeferredUndo_BoardReverts" methodname="Test_WatchdogFire_WithDeferredUndo_BoardReverts" classname="BoltSort.Tests.Unit.GameStateManager.DeferredUndo_Test" runstate="Runnable" seed="579860068" result="Passed" start-time="2026-05-19 17:01:29Z" end-time="2026-05-19 17:01:29Z" duration="0.000800" asserts="0">
                  <properties />
                </test-case>
                <test-case id="1449" name="Test_WatchdogFire_WithDeferredUndo_BoardStateChangedEmittedAfterRefreshForced" fullname="BoltSort.Tests.Unit.GameStateManager.DeferredUndo_Test.Test_WatchdogFire_WithDeferredUndo_BoardStateChangedEmittedAfterRefreshForced" methodname="Test_WatchdogFire_WithDeferredUndo_BoardStateChangedEmittedAfterRefreshForced" classname="BoltSort.Tests.Unit.GameStateManager.DeferredUndo_Test" runstate="Runnable" seed="1823735574" result="Passed" start-time="2026-05-19 17:01:29Z" end-time="2026-05-19 17:01:29Z" duration="0.001227" asserts="0">
                  <properties />
                </test-case>
                <test-case id="1448" name="Test_WatchdogFire_WithDeferredUndo_MoveCountDecrements" fullname="BoltSort.Tests.Unit.GameStateManager.DeferredUndo_Test.Test_WatchdogFire_WithDeferredUndo_MoveCountDecrements" methodname="Test_WatchdogFire_WithDeferredUndo_MoveCountDecrements" classname="BoltSort.Tests.Unit.GameStateManager.DeferredUndo_Test" runstate="Runnable" seed="1526368410" result="Passed" start-time="2026-05-19 17:01:29Z" end-time="2026-05-19 17:01:29Z" duration="0.000665" asserts="0">
                  <properties />
                </test-case>
              </test-suite>
              <test-suite type="TestFixture" id="1456" name="InvariantChecks_Test" fullname="BoltSort.Tests.Unit.GameStateManager.InvariantChecks_Test" classname="BoltSort.Tests.Unit.GameStateManager.InvariantChecks_Test" runstate="Runnable" testcasecount="8" result="Passed" start-time="2026-05-19 17:01:29Z" end-time="2026-05-19 17:01:29Z" duration="0.014112" total="8" passed="8" failed="0" inconclusive="0" skipped="0" asserts="0">
                <properties />
                <test-case id="1463" name="Test_RunInvariantChecks_AllSameColor_Check2Fails" fullname="BoltSort.Tests.Unit.GameStateManager.InvariantChecks_Test.Test_RunInvariantChecks_AllSameColor_Check2Fails" methodname="Test_RunInvariantChecks_AllSameColor_Check2Fails" classname="BoltSort.Tests.Unit.GameStateManager.InvariantChecks_Test" runstate="Runnable" seed="978641334" result="Passed" start-time="2026-05-19 17:01:29Z" end-time="2026-05-19 17:01:29Z" duration="0.003499" asserts="0">
                  <properties />
                </test-case>
                <test-case id="1458" name="Test_RunInvariantChecks_EmptyStacks_TotalZero_Fails" fullname="BoltSort.Tests.Unit.GameStateManager.InvariantChecks_Test.Test_RunInvariantChecks_EmptyStacks_TotalZero_Fails" methodname="Test_RunInvariantChecks_EmptyStacks_TotalZero_Fails" classname="BoltSort.Tests.Unit.GameStateManager.InvariantChecks_Test" runstate="Runnable" seed="801458292" result="Passed" start-time="2026-05-19 17:01:29Z" end-time="2026-05-19 17:01:29Z" duration="0.000938" asserts="0">
                  <properties />
                </test-case>
                <test-case id="1464" name="Test_RunInvariantChecks_Failure_DoesNotEmitLevelLoaded" fullname="BoltSort.Tests.Unit.GameStateManager.InvariantChecks_Test.Test_RunInvariantChecks_Failure_DoesNotEmitLevelLoaded" methodname="Test_RunInvariantChecks_Failure_DoesNotEmitLevelLoaded" classname="BoltSort.Tests.Unit.GameStateManager.InvariantChecks_Test" runstate="Runnable" seed="964663662" result="Passed" start-time="2026-05-19 17:01:29Z" end-time="2026-05-19 17:01:29Z" duration="0.000975" asserts="0">
                  <properties />
                </test-case>
                <test-case id="1461" name="Test_RunInvariantChecks_PerColorMismatch_Check1Passes_Check2Fails" fullname="BoltSort.Tests.Unit.GameStateManager.InvariantChecks_Test.Test_RunInvariantChecks_PerColorMismatch_Check1Passes_Check2Fails" methodname="Test_RunInvariantChecks_PerColorMismatch_Check1Passes_Check2Fails" classname="BoltSort.Tests.Unit.GameStateManager.InvariantChecks_Test" runstate="Runnable" seed="965679241" result="Passed" start-time="2026-05-19 17:01:29Z" end-time="2026-05-19 17:01:29Z" duration="0.001143" asserts="0">
                  <properties />
                </test-case>
                <test-case id="1462" name="Test_RunInvariantChecks_PhantomColorId_OutsideDomain_Fails" fullname="BoltSort.Tests.Unit.GameStateManager.InvariantChecks_Test.Test_RunInvariantChecks_PhantomColorId_OutsideDomain_Fails" methodname="Test_RunInvariantChecks_PhantomColorId_OutsideDomain_Fails" classname="BoltSort.Tests.Unit.GameStateManager.InvariantChecks_Test" runstate="Runnable" seed="1508927157" result="Passed" start-time="2026-05-19 17:01:29Z" end-time="2026-05-19 17:01:29Z" duration="0.001258" asserts="0">
                  <properties />
                </test-case>
                <test-case id="1457" name="Test_RunInvariantChecks_TotalCountMismatch_EmitsSessionLoadFailed" fullname="BoltSort.Tests.Unit.GameStateManager.InvariantChecks_Test.Test_RunInvariantChecks_TotalCountMismatch_EmitsSessionLoadFailed" methodname="Test_RunInvariantChecks_TotalCountMismatch_EmitsSessionLoadFailed" classname="BoltSort.Tests.Unit.GameStateManager.InvariantChecks_Test" runstate="Runnable" seed="1525278779" result="Passed" start-time="2026-05-19 17:01:29Z" end-time="2026-05-19 17:01:29Z" duration="0.001117" asserts="0">
                  <properties />
                </test-case>
                <test-case id="1459" name="Test_RunInvariantChecks_TotalOneTooMany_Fails" fullname="BoltSort.Tests.Unit.GameStateManager.InvariantChecks_Test.Test_RunInvariantChecks_TotalOneTooMany_Fails" methodname="Test_RunInvariantChecks_TotalOneTooMany_Fails" classname="BoltSort.Tests.Unit.GameStateManager.InvariantChecks_Test" runstate="Runnable" seed="1145074522" result="Passed" start-time="2026-05-19 17:01:29Z" end-time="2026-05-19 17:01:29Z" duration="0.000837" asserts="0">
                  <properties />
                </test-case>
                <test-case id="1460" name="Test_RunInvariantChecks_ValidRecord_ReturnsTrueNoEvent" fullname="BoltSort.Tests.Unit.GameStateManager.InvariantChecks_Test.Test_RunInvariantChecks_ValidRecord_ReturnsTrueNoEvent" methodname="Test_RunInvariantChecks_ValidRecord_ReturnsTrueNoEvent" classname="BoltSort.Tests.Unit.GameStateManager.InvariantChecks_Test" runstate="Runnable" seed="1395074656" result="Passed" start-time="2026-05-19 17:01:29Z" end-time="2026-05-19 17:01:29Z" duration="0.000902" asserts="0">
                  <properties />
                </test-case>
              </test-suite>
              <test-suite type="TestFixture" id="1465" name="LevelLoadPipeline_Test" fullname="BoltSort.Tests.Unit.GameStateManager.LevelLoadPipeline_Test" classname="BoltSort.Tests.Unit.GameStateManager.LevelLoadPipeline_Test" runstate="Runnable" testcasecount="14" result="Passed" start-time="2026-05-19 17:01:29Z" end-time="2026-05-19 17:01:29Z" duration="0.037318" total="14" passed="14" failed="0" inconclusive="0" skipped="0" asserts="0">
                <properties />
                <test-case id="1467" name="Test_LoadLevel_BoardInitializesToExactSpec" fullname="BoltSort.Tests.Unit.GameStateManager.LevelLoadPipeline_Test.Test_LoadLevel_BoardInitializesToExactSpec" methodname="Test_LoadLevel_BoardInitializesToExactSpec" classname="BoltSort.Tests.Unit.GameStateManager.LevelLoadPipeline_Test" runstate="Runnable" seed="1041069927" result="Passed" start-time="2026-05-19 17:01:29Z" end-time="2026-05-19 17:01:29Z" duration="0.006396" asserts="0">
                  <properties />
                </test-case>
                <test-case id="1469" name="Test_LoadLevel_InvariantFailure_EmitsSessionLoadFailed_NoLevelLoaded" fullname="BoltSort.Tests.Unit.GameStateManager.LevelLoadPipeline_Test.Test_LoadLevel_InvariantFailure_EmitsSessionLoadFailed_NoLevelLoaded" methodname="Test_LoadLevel_InvariantFailure_EmitsSessionLoadFailed_NoLevelLoaded" classname="BoltSort.Tests.Unit.GameStateManager.LevelLoadPipeline_Test" runstate="Runnable" seed="1254600328" result="Passed" start-time="2026-05-19 17:01:29Z" end-time="2026-05-19 17:01:29Z" duration="0.003121" asserts="0">
                  <properties />
                </test-case>
                <test-case id="1478" name="Test_LoadLevel_LevelLoadedPayload_MatchesQaSpec" fullname="BoltSort.Tests.Unit.GameStateManager.LevelLoadPipeline_Test.Test_LoadLevel_LevelLoadedPayload_MatchesQaSpec" methodname="Test_LoadLevel_LevelLoadedPayload_MatchesQaSpec" classname="BoltSort.Tests.Unit.GameStateManager.LevelLoadPipeline_Test" runstate="Runnable" seed="502776048" result="Passed" start-time="2026-05-19 17:01:29Z" end-time="2026-05-19 17:01:29Z" duration="0.001814" asserts="0">
                  <properties />
                </test-case>
                <test-case id="1474" name="Test_LoadLevel_LevelRecordNotFound_EmitsLevelRecordError_StateIsUnloaded" fullname="BoltSort.Tests.Unit.GameStateManager.LevelLoadPipeline_Test.Test_LoadLevel_LevelRecordNotFound_EmitsLevelRecordError_StateIsUnloaded" methodname="Test_LoadLevel_LevelRecordNotFound_EmitsLevelRecordError_StateIsUnloaded" classname="BoltSort.Tests.Unit.GameStateManager.LevelLoadPipeline_Test" runstate="Runnable" seed="579373812" result="Passed" start-time="2026-05-19 17:01:29Z" end-time="2026-05-19 17:01:29Z" duration="0.001826" asserts="0">
                  <properties />
                </test-case>
                <test-case id="1475" name="Test_LoadLevel_OnLevelLoaded_AllSixParameters_MatchRecordValues" fullname="BoltSort.Tests.Unit.GameStateManager.LevelLoadPipeline_Test.Test_LoadLevel_OnLevelLoaded_AllSixParameters_MatchRecordValues" methodname="Test_LoadLevel_OnLevelLoaded_AllSixParameters_MatchRecordValues" classname="BoltSort.Tests.Unit.GameStateManager.LevelLoadPipeline_Test" runstate="Runnable" seed="893944504" result="Passed" start-time="2026-05-19 17:01:29Z" end-time="2026-05-19 17:01:29Z" duration="0.002676" asserts="0">
                  <properties />
                  <output><![CDATA[[GameStateManager] Pre-won board detected: level_id=42
]]></output>
                </test-case>
                <test-case id="1476" name="Test_LoadLevel_OnLevelLoaded_SubscriberSeesActiveState" fullname="BoltSort.Tests.Unit.GameStateManager.LevelLoadPipeline_Test.Test_LoadLevel_OnLevelLoaded_SubscriberSeesActiveState" methodname="Test_LoadLevel_OnLevelLoaded_SubscriberSeesActiveState" classname="BoltSort.Tests.Unit.GameStateManager.LevelLoadPipeline_Test" runstate="Runnable" seed="2120210663" result="Passed" start-time="2026-05-19 17:01:29Z" end-time="2026-05-19 17:01:29Z" duration="0.002967" asserts="0">
                  <properties />
                  <output><![CDATA[[GameStateManager] Pre-won board detected: level_id=7
]]></output>
                </test-case>
                <test-case id="1466" name="Test_LoadLevel_PreWonBoard_EmitsLevelLoaded_NoLevelComplete_StateIsActive" fullname="BoltSort.Tests.Unit.GameStateManager.LevelLoadPipeline_Test.Test_LoadLevel_PreWonBoard_EmitsLevelLoaded_NoLevelComplete_StateIsActive" methodname="Test_LoadLevel_PreWonBoard_EmitsLevelLoaded_NoLevelComplete_StateIsActive" classname="BoltSort.Tests.Unit.GameStateManager.LevelLoadPipeline_Test" runstate="Runnable" seed="1175084123" result="Passed" start-time="2026-05-19 17:01:29Z" end-time="2026-05-19 17:01:29Z" duration="0.002637" asserts="0">
                  <properties />
                  <output><![CDATA[[GameStateManager] Pre-won board detected: level_id=10
]]></output>
                </test-case>
                <test-case id="1477" name="Test_LoadLevel_PublicProperties_MatchRecordValues" fullname="BoltSort.Tests.Unit.GameStateManager.LevelLoadPipeline_Test.Test_LoadLevel_PublicProperties_MatchRecordValues" methodname="Test_LoadLevel_PublicProperties_MatchRecordValues" classname="BoltSort.Tests.Unit.GameStateManager.LevelLoadPipeline_Test" runstate="Runnable" seed="1870868828" result="Passed" start-time="2026-05-19 17:01:29Z" end-time="2026-05-19 17:01:29Z" duration="0.001178" asserts="0">
                  <properties />
                </test-case>
                <test-case id="1473" name="Test_LoadLevel_ReadinessQueryFreshPerAttempt_SecondAttemptSucceeds" fullname="BoltSort.Tests.Unit.GameStateManager.LevelLoadPipeline_Test.Test_LoadLevel_ReadinessQueryFreshPerAttempt_SecondAttemptSucceeds" methodname="Test_LoadLevel_ReadinessQueryFreshPerAttempt_SecondAttemptSucceeds" classname="BoltSort.Tests.Unit.GameStateManager.LevelLoadPipeline_Test" runstate="Runnable" seed="818066781" result="Passed" start-time="2026-05-19 17:01:29Z" end-time="2026-05-19 17:01:29Z" duration="0.003272" asserts="0">
                  <properties />
                  <output><![CDATA[[GameStateManager] Pre-won board detected: level_id=6
]]></output>
                </test-case>
                <test-case id="1479" name="Test_LoadLevel_RejectedInNonUnloaded_NoEventsEmitted" fullname="BoltSort.Tests.Unit.GameStateManager.LevelLoadPipeline_Test.Test_LoadLevel_RejectedInNonUnloaded_NoEventsEmitted" methodname="Test_LoadLevel_RejectedInNonUnloaded_NoEventsEmitted" classname="BoltSort.Tests.Unit.GameStateManager.LevelLoadPipeline_Test" runstate="Runnable" seed="1890359573" result="Passed" start-time="2026-05-19 17:01:29Z" end-time="2026-05-19 17:01:29Z" duration="0.001044" asserts="0">
                  <properties />
                </test-case>
                <test-case id="1471" name="Test_LoadLevel_RejectedWhileActive_NoEventEmitted_StateUnchanged" fullname="BoltSort.Tests.Unit.GameStateManager.LevelLoadPipeline_Test.Test_LoadLevel_RejectedWhileActive_NoEventEmitted_StateUnchanged" methodname="Test_LoadLevel_RejectedWhileActive_NoEventEmitted_StateUnchanged" classname="BoltSort.Tests.Unit.GameStateManager.LevelLoadPipeline_Test" runstate="Runnable" seed="1001109087" result="Passed" start-time="2026-05-19 17:01:29Z" end-time="2026-05-19 17:01:29Z" duration="0.000916" asserts="0">
                  <properties />
                </test-case>
                <test-case id="1472" name="Test_LoadLevel_RejectedWhileComplete_NoEventEmitted_StateUnchanged" fullname="BoltSort.Tests.Unit.GameStateManager.LevelLoadPipeline_Test.Test_LoadLevel_RejectedWhileComplete_NoEventEmitted_StateUnchanged" methodname="Test_LoadLevel_RejectedWhileComplete_NoEventEmitted_StateUnchanged" classname="BoltSort.Tests.Unit.GameStateManager.LevelLoadPipeline_Test" runstate="Runnable" seed="1581480643" result="Passed" start-time="2026-05-19 17:01:29Z" end-time="2026-05-19 17:01:29Z" duration="0.000889" asserts="0">
                  <properties />
                </test-case>
                <test-case id="1470" name="Test_LoadLevel_RejectedWhileLoading_NoEventEmitted_StateUnchanged" fullname="BoltSort.Tests.Unit.GameStateManager.LevelLoadPipeline_Test.Test_LoadLevel_RejectedWhileLoading_NoEventEmitted_StateUnchanged" methodname="Test_LoadLevel_RejectedWhileLoading_NoEventEmitted_StateUnchanged" classname="BoltSort.Tests.Unit.GameStateManager.LevelLoadPipeline_Test" runstate="Runnable" seed="1565537071" result="Passed" start-time="2026-05-19 17:01:29Z" end-time="2026-05-19 17:01:29Z" duration="0.000822" asserts="0">
                  <properties />
                </test-case>
                <test-case id="1468" name="Test_LoadLevel_ZeroTempSlots_TempSlotContentsIsEmpty" fullname="BoltSort.Tests.Unit.GameStateManager.LevelLoadPipeline_Test.Test_LoadLevel_ZeroTempSlots_TempSlotContentsIsEmpty" methodname="Test_LoadLevel_ZeroTempSlots_TempSlotContentsIsEmpty" classname="BoltSort.Tests.Unit.GameStateManager.LevelLoadPipeline_Test" runstate="Runnable" seed="1336980683" result="Passed" start-time="2026-05-19 17:01:29Z" end-time="2026-05-19 17:01:29Z" duration="0.001980" asserts="0">
                  <properties />
                  <output><![CDATA[[GameStateManager] Pre-won board detected: level_id=2
]]></output>
                </test-case>
              </test-suite>
              <test-suite type="TestFixture" id="1480" name="UndoSystem_Test" fullname="BoltSort.Tests.Unit.GameStateManager.UndoSystem_Test" classname="BoltSort.Tests.Unit.GameStateManager.UndoSystem_Test" runstate="Runnable" testcasecount="8" result="Passed" start-time="2026-05-19 17:01:29Z" end-time="2026-05-19 17:01:29Z" duration="0.020776" total="8" passed="8" failed="0" inconclusive="0" skipped="0" asserts="0">
                <properties />
                <test-case id="1486" name="Test_CurrentSequenceId_MonotonicallyIncreasing_OverMixedSequence" fullname="BoltSort.Tests.Unit.GameStateManager.UndoSystem_Test.Test_CurrentSequenceId_MonotonicallyIncreasing_OverMixedSequence" methodname="Test_CurrentSequenceId_MonotonicallyIncreasing_OverMixedSequence" classname="BoltSort.Tests.Unit.GameStateManager.UndoSystem_Test" runstate="Runnable" seed="2021291661" result="Passed" start-time="2026-05-19 17:01:29Z" end-time="2026-05-19 17:01:29Z" duration="0.006856" asserts="0">
                  <properties />
                </test-case>
                <test-case id="1487" name="Test_MoveCount_Formula_InterleavedCancelRejectUndoSequence" fullname="BoltSort.Tests.Unit.GameStateManager.UndoSystem_Test.Test_MoveCount_Formula_InterleavedCancelRejectUndoSequence" methodname="Test_MoveCount_Formula_InterleavedCancelRejectUndoSequence" classname="BoltSort.Tests.Unit.GameStateManager.UndoSystem_Test" runstate="Runnable" seed="2002631725" result="Passed" start-time="2026-05-19 17:01:29Z" end-time="2026-05-19 17:01:29Z" duration="0.001857" asserts="0">
                  <properties />
                </test-case>
                <test-case id="1481" name="Test_UndoRequested_AfterTwoCommits_RevertsLastMove" fullname="BoltSort.Tests.Unit.GameStateManager.UndoSystem_Test.Test_UndoRequested_AfterTwoCommits_RevertsLastMove" methodname="Test_UndoRequested_AfterTwoCommits_RevertsLastMove" classname="BoltSort.Tests.Unit.GameStateManager.UndoSystem_Test" runstate="Runnable" seed="1970314739" result="Passed" start-time="2026-05-19 17:01:29Z" end-time="2026-05-19 17:01:29Z" duration="0.001727" asserts="0">
                  <properties />
                </test-case>
                <test-case id="1485" name="Test_UndoRequested_CompleteState_NoMutationNoEvent" fullname="BoltSort.Tests.Unit.GameStateManager.UndoSystem_Test.Test_UndoRequested_CompleteState_NoMutationNoEvent" methodname="Test_UndoRequested_CompleteState_NoMutationNoEvent" classname="BoltSort.Tests.Unit.GameStateManager.UndoSystem_Test" runstate="Runnable" seed="1916612888" result="Passed" start-time="2026-05-19 17:01:29Z" end-time="2026-05-19 17:01:29Z" duration="0.001723" asserts="0">
                  <properties />
                </test-case>
                <test-case id="1484" name="Test_UndoRequested_EmptyStack_NoMutationNoEvent" fullname="BoltSort.Tests.Unit.GameStateManager.UndoSystem_Test.Test_UndoRequested_EmptyStack_NoMutationNoEvent" methodname="Test_UndoRequested_EmptyStack_NoMutationNoEvent" classname="BoltSort.Tests.Unit.GameStateManager.UndoSystem_Test" runstate="Runnable" seed="1299835401" result="Passed" start-time="2026-05-19 17:01:29Z" end-time="2026-05-19 17:01:29Z" duration="0.001458" asserts="0">
                  <properties />
                </test-case>
                <test-case id="1488" name="Test_UndoRequested_EmptyStack_OnBoardStateChangedNotFired" fullname="BoltSort.Tests.Unit.GameStateManager.UndoSystem_Test.Test_UndoRequested_EmptyStack_OnBoardStateChangedNotFired" methodname="Test_UndoRequested_EmptyStack_OnBoardStateChangedNotFired" classname="BoltSort.Tests.Unit.GameStateManager.UndoSystem_Test" runstate="Runnable" seed="693985211" result="Passed" start-time="2026-05-19 17:01:29Z" end-time="2026-05-19 17:01:29Z" duration="0.001029" asserts="0">
                  <properties />
                </test-case>
                <test-case id="1482" name="Test_UndoRequested_SingleEntryStack_StackEmptyAfterUndo" fullname="BoltSort.Tests.Unit.GameStateManager.UndoSystem_Test.Test_UndoRequested_SingleEntryStack_StackEmptyAfterUndo" methodname="Test_UndoRequested_SingleEntryStack_StackEmptyAfterUndo" classname="BoltSort.Tests.Unit.GameStateManager.UndoSystem_Test" runstate="Runnable" seed="675787074" result="Passed" start-time="2026-05-19 17:01:29Z" end-time="2026-05-19 17:01:29Z" duration="0.001283" asserts="0">
                  <properties />
                </test-case>
                <test-case id="1483" name="Test_UndoRequested_TempSlotDestination_RevertsCorrectly" fullname="BoltSort.Tests.Unit.GameStateManager.UndoSystem_Test.Test_UndoRequested_TempSlotDestination_RevertsCorrectly" methodname="Test_UndoRequested_TempSlotDestination_RevertsCorrectly" classname="BoltSort.Tests.Unit.GameStateManager.UndoSystem_Test" runstate="Runnable" seed="461659630" result="Passed" start-time="2026-05-19 17:01:29Z" end-time="2026-05-19 17:01:29Z" duration="0.001222" asserts="0">
                  <properties />
                </test-case>
              </test-suite>
              <test-suite type="TestFixture" id="1489" name="WatchdogTimer_Test" fullname="BoltSort.Tests.Unit.GameStateManager.WatchdogTimer_Test" classname="BoltSort.Tests.Unit.GameStateManager.WatchdogTimer_Test" runstate="Runnable" testcasecount="14" result="Passed" start-time="2026-05-19 17:01:29Z" end-time="2026-05-19 17:01:29Z" duration="0.018833" total="14" passed="14" failed="0" inconclusive="0" skipped="0" asserts="0">
                <properties />
                <test-case id="1502" name="Test_ConsecutiveMoves_SecondMoveRestartsWatchdog" fullname="BoltSort.Tests.Unit.GameStateManager.WatchdogTimer_Test.Test_ConsecutiveMoves_SecondMoveRestartsWatchdog" methodname="Test_ConsecutiveMoves_SecondMoveRestartsWatchdog" classname="BoltSort.Tests.Unit.GameStateManager.WatchdogTimer_Test" runstate="Runnable" seed="2110810238" result="Passed" start-time="2026-05-19 17:01:29Z" end-time="2026-05-19 17:01:29Z" duration="0.002577" asserts="0">
                  <properties />
                </test-case>
                <test-case id="1493" name="Test_MoveCommitted_StartsWatchdog" fullname="BoltSort.Tests.Unit.GameStateManager.WatchdogTimer_Test.Test_MoveCommitted_StartsWatchdog" methodname="Test_MoveCommitted_StartsWatchdog" classname="BoltSort.Tests.Unit.GameStateManager.WatchdogTimer_Test" runstate="Runnable" seed="807261490" result="Passed" start-time="2026-05-19 17:01:29Z" end-time="2026-05-19 17:01:29Z" duration="0.000686" asserts="0">
                  <properties />
                </test-case>
                <test-case id="1500" name="Test_StaleExit_AfterWatchdogFired_CoroutineRemainsNull" fullname="BoltSort.Tests.Unit.GameStateManager.WatchdogTimer_Test.Test_StaleExit_AfterWatchdogFired_CoroutineRemainsNull" methodname="Test_StaleExit_AfterWatchdogFired_CoroutineRemainsNull" classname="BoltSort.Tests.Unit.GameStateManager.WatchdogTimer_Test" runstate="Runnable" seed="688441427" result="Passed" start-time="2026-05-19 17:01:29Z" end-time="2026-05-19 17:01:29Z" duration="0.000792" asserts="0">
                  <properties />
                </test-case>
                <test-case id="1499" name="Test_StaleExit_AfterWatchdogFired_NoBoardRefreshForced" fullname="BoltSort.Tests.Unit.GameStateManager.WatchdogTimer_Test.Test_StaleExit_AfterWatchdogFired_NoBoardRefreshForced" methodname="Test_StaleExit_AfterWatchdogFired_NoBoardRefreshForced" classname="BoltSort.Tests.Unit.GameStateManager.WatchdogTimer_Test" runstate="Runnable" seed="1602322904" result="Passed" start-time="2026-05-19 17:01:29Z" end-time="2026-05-19 17:01:29Z" duration="0.000773" asserts="0">
                  <properties />
                </test-case>
                <test-case id="1501" name="Test_StaleExit_AfterWatchdogFired_SeqIdPreserved" fullname="BoltSort.Tests.Unit.GameStateManager.WatchdogTimer_Test.Test_StaleExit_AfterWatchdogFired_SeqIdPreserved" methodname="Test_StaleExit_AfterWatchdogFired_SeqIdPreserved" classname="BoltSort.Tests.Unit.GameStateManager.WatchdogTimer_Test" runstate="Runnable" seed="981118831" result="Passed" start-time="2026-05-19 17:01:29Z" end-time="2026-05-19 17:01:29Z" duration="0.000686" asserts="0">
                  <properties />
                </test-case>
                <test-case id="1496" name="Test_ValidExit_CancelsWatchdog" fullname="BoltSort.Tests.Unit.GameStateManager.WatchdogTimer_Test.Test_ValidExit_CancelsWatchdog" methodname="Test_ValidExit_CancelsWatchdog" classname="BoltSort.Tests.Unit.GameStateManager.WatchdogTimer_Test" runstate="Runnable" seed="1855369520" result="Passed" start-time="2026-05-19 17:01:29Z" end-time="2026-05-19 17:01:29Z" duration="0.000681" asserts="0">
                  <properties />
                </test-case>
                <test-case id="1497" name="Test_ValidExit_NoBoardRefreshForcedEmitted" fullname="BoltSort.Tests.Unit.GameStateManager.WatchdogTimer_Test.Test_ValidExit_NoBoardRefreshForcedEmitted" methodname="Test_ValidExit_NoBoardRefreshForcedEmitted" classname="BoltSort.Tests.Unit.GameStateManager.WatchdogTimer_Test" runstate="Runnable" seed="1425227651" result="Passed" start-time="2026-05-19 17:01:29Z" end-time="2026-05-19 17:01:29Z" duration="0.000751" asserts="0">
                  <properties />
                </test-case>
                <test-case id="1498" name="Test_ValidExit_SeqIdUnchanged" fullname="BoltSort.Tests.Unit.GameStateManager.WatchdogTimer_Test.Test_ValidExit_SeqIdUnchanged" methodname="Test_ValidExit_SeqIdUnchanged" classname="BoltSort.Tests.Unit.GameStateManager.WatchdogTimer_Test" runstate="Runnable" seed="192102095" result="Passed" start-time="2026-05-19 17:01:29Z" end-time="2026-05-19 17:01:29Z" duration="0.000955" asserts="0">
                  <properties />
                </test-case>
                <test-case id="1503" name="Test_ValidExit_WhenNoWatchdogRunning_IsNoOp" fullname="BoltSort.Tests.Unit.GameStateManager.WatchdogTimer_Test.Test_ValidExit_WhenNoWatchdogRunning_IsNoOp" methodname="Test_ValidExit_WhenNoWatchdogRunning_IsNoOp" classname="BoltSort.Tests.Unit.GameStateManager.WatchdogTimer_Test" runstate="Runnable" seed="1608714331" result="Passed" start-time="2026-05-19 17:01:29Z" end-time="2026-05-19 17:01:29Z" duration="0.000870" asserts="0">
                  <properties />
                </test-case>
                <test-case id="1494" name="Test_WatchdogFire_ClearsCoroutineReference" fullname="BoltSort.Tests.Unit.GameStateManager.WatchdogTimer_Test.Test_WatchdogFire_ClearsCoroutineReference" methodname="Test_WatchdogFire_ClearsCoroutineReference" classname="BoltSort.Tests.Unit.GameStateManager.WatchdogTimer_Test" runstate="Runnable" seed="1113009825" result="Passed" start-time="2026-05-19 17:01:29Z" end-time="2026-05-19 17:01:29Z" duration="0.000915" asserts="0">
                  <properties />
                </test-case>
                <test-case id="1492" name="Test_WatchdogFire_CommittedBoltPresentInDestination_NoRollback" fullname="BoltSort.Tests.Unit.GameStateManager.WatchdogTimer_Test.Test_WatchdogFire_CommittedBoltPresentInDestination_NoRollback" methodname="Test_WatchdogFire_CommittedBoltPresentInDestination_NoRollback" classname="BoltSort.Tests.Unit.GameStateManager.WatchdogTimer_Test" runstate="Runnable" seed="276271648" result="Passed" start-time="2026-05-19 17:01:29Z" end-time="2026-05-19 17:01:29Z" duration="0.000781" asserts="0">
                  <properties />
                </test-case>
                <test-case id="1491" name="Test_WatchdogFire_EmitsBoardRefreshForced_WithNewSeqId" fullname="BoltSort.Tests.Unit.GameStateManager.WatchdogTimer_Test.Test_WatchdogFire_EmitsBoardRefreshForced_WithNewSeqId" methodname="Test_WatchdogFire_EmitsBoardRefreshForced_WithNewSeqId" classname="BoltSort.Tests.Unit.GameStateManager.WatchdogTimer_Test" runstate="Runnable" seed="642993271" result="Passed" start-time="2026-05-19 17:01:29Z" end-time="2026-05-19 17:01:29Z" duration="0.000703" asserts="0">
                  <properties />
                </test-case>
                <test-case id="1490" name="Test_WatchdogFire_IncrementsCurrentSequenceId" fullname="BoltSort.Tests.Unit.GameStateManager.WatchdogTimer_Test.Test_WatchdogFire_IncrementsCurrentSequenceId" methodname="Test_WatchdogFire_IncrementsCurrentSequenceId" classname="BoltSort.Tests.Unit.GameStateManager.WatchdogTimer_Test" runstate="Runnable" seed="169692859" result="Passed" start-time="2026-05-19 17:01:29Z" end-time="2026-05-19 17:01:29Z" duration="0.000974" asserts="0">
                  <properties />
                </test-case>
                <test-case id="1495" name="Test_WatchdogFire_OnlyOneEvent_NoDoubleEmit" fullname="BoltSort.Tests.Unit.GameStateManager.WatchdogTimer_Test.Test_WatchdogFire_OnlyOneEvent_NoDoubleEmit" methodname="Test_WatchdogFire_OnlyOneEvent_NoDoubleEmit" classname="BoltSort.Tests.Unit.GameStateManager.WatchdogTimer_Test" runstate="Runnable" seed="218990218" result="Passed" start-time="2026-05-19 17:01:29Z" end-time="2026-05-19 17:01:29Z" duration="0.001048" asserts="0">
                  <properties />
                </test-case>
              </test-suite>
              <test-suite type="TestFixture" id="1504" name="WinDetection_Test" fullname="BoltSort.Tests.Unit.GameStateManager.WinDetection_Test" classname="BoltSort.Tests.Unit.GameStateManager.WinDetection_Test" runstate="Runnable" testcasecount="9" result="Passed" start-time="2026-05-19 17:01:29Z" end-time="2026-05-19 17:01:29Z" duration="0.016685" total="9" passed="9" failed="0" inconclusive="0" skipped="0" asserts="0">
                <properties />
                <test-case id="1508" name="Test_HandleMoveCommitted_AfterWin_IsIgnored" fullname="BoltSort.Tests.Unit.GameStateManager.WinDetection_Test.Test_HandleMoveCommitted_AfterWin_IsIgnored" methodname="Test_HandleMoveCommitted_AfterWin_IsIgnored" classname="BoltSort.Tests.Unit.GameStateManager.WinDetection_Test" runstate="Runnable" seed="82434014" result="Passed" start-time="2026-05-19 17:01:29Z" end-time="2026-05-19 17:01:29Z" duration="0.002540" asserts="0">
                  <properties />
                </test-case>
                <test-case id="1506" name="Test_HandlePuzzleSolved_EmitsLevelComplete_WithCorrectPayload" fullname="BoltSort.Tests.Unit.GameStateManager.WinDetection_Test.Test_HandlePuzzleSolved_EmitsLevelComplete_WithCorrectPayload" methodname="Test_HandlePuzzleSolved_EmitsLevelComplete_WithCorrectPayload" classname="BoltSort.Tests.Unit.GameStateManager.WinDetection_Test" runstate="Runnable" seed="1421642769" result="Passed" start-time="2026-05-19 17:01:29Z" end-time="2026-05-19 17:01:29Z" duration="0.001027" asserts="0">
                  <properties />
                </test-case>
                <test-case id="1510" name="Test_HandlePuzzleSolved_NoEventsEmittedAfterLevelComplete" fullname="BoltSort.Tests.Unit.GameStateManager.WinDetection_Test.Test_HandlePuzzleSolved_NoEventsEmittedAfterLevelComplete" methodname="Test_HandlePuzzleSolved_NoEventsEmittedAfterLevelComplete" classname="BoltSort.Tests.Unit.GameStateManager.WinDetection_Test" runstate="Runnable" seed="2010486722" result="Passed" start-time="2026-05-19 17:01:29Z" end-time="2026-05-19 17:01:29Z" duration="0.001148" asserts="0">
                  <properties />
                </test-case>
                <test-case id="1507" name="Test_HandlePuzzleSolved_SequenceIdNotIncremented" fullname="BoltSort.Tests.Unit.GameStateManager.WinDetection_Test.Test_HandlePuzzleSolved_SequenceIdNotIncremented" methodname="Test_HandlePuzzleSolved_SequenceIdNotIncremented" classname="BoltSort.Tests.Unit.GameStateManager.WinDetection_Test" runstate="Runnable" seed="1959116039" result="Passed" start-time="2026-05-19 17:01:29Z" end-time="2026-05-19 17:01:29Z" duration="0.000802" asserts="0">
                  <properties />
                </test-case>
                <test-case id="1505" name="Test_HandlePuzzleSolved_TransitionsToComplete" fullname="BoltSort.Tests.Unit.GameStateManager.WinDetection_Test.Test_HandlePuzzleSolved_TransitionsToComplete" methodname="Test_HandlePuzzleSolved_TransitionsToComplete" classname="BoltSort.Tests.Unit.GameStateManager.WinDetection_Test" runstate="Runnable" seed="2080012365" result="Passed" start-time="2026-05-19 17:01:29Z" end-time="2026-05-19 17:01:29Z" duration="0.000692" asserts="0">
                  <properties />
                </test-case>
                <test-case id="1512" name="Test_HandlePuzzleSolved_WhenAlreadyComplete_NoSecondEvent" fullname="BoltSort.Tests.Unit.GameStateManager.WinDetection_Test.Test_HandlePuzzleSolved_WhenAlreadyComplete_NoSecondEvent" methodname="Test_HandlePuzzleSolved_WhenAlreadyComplete_NoSecondEvent" classname="BoltSort.Tests.Unit.GameStateManager.WinDetection_Test" runstate="Runnable" seed="1678415609" result="Passed" start-time="2026-05-19 17:01:29Z" end-time="2026-05-19 17:01:29Z" duration="0.000903" asserts="0">
                  <properties />
                </test-case>
                <test-case id="1513" name="Test_HandlePuzzleSolved_WithNullLds_EmitsParMovesZero" fullname="BoltSort.Tests.Unit.GameStateManager.WinDetection_Test.Test_HandlePuzzleSolved_WithNullLds_EmitsParMovesZero" methodname="Test_HandlePuzzleSolved_WithNullLds_EmitsParMovesZero" classname="BoltSort.Tests.Unit.GameStateManager.WinDetection_Test" runstate="Runnable" seed="1691486540" result="Passed" start-time="2026-05-19 17:01:29Z" end-time="2026-05-19 17:01:29Z" duration="0.002917" asserts="0">
                  <properties />
                  <output><![CDATA[[GameStateManager] HandlePuzzleSolved: _levelDataSystem is null — parMoves=0 (Story 005 wiring missing?).
]]></output>
                </test-case>
                <test-case id="1509" name="Test_HandleUndoRequested_AfterWin_IsIgnored" fullname="BoltSort.Tests.Unit.GameStateManager.WinDetection_Test.Test_HandleUndoRequested_AfterWin_IsIgnored" methodname="Test_HandleUndoRequested_AfterWin_IsIgnored" classname="BoltSort.Tests.Unit.GameStateManager.WinDetection_Test" runstate="Runnable" seed="304060754" result="Passed" start-time="2026-05-19 17:01:29Z" end-time="2026-05-19 17:01:29Z" duration="0.001317" asserts="0">
                  <properties />
                </test-case>
                <test-case id="1511" name="Test_HandleUndoRequested_AfterWin_WinningValuesAreFrozen" fullname="BoltSort.Tests.Unit.GameStateManager.WinDetection_Test.Test_HandleUndoRequested_AfterWin_WinningValuesAreFrozen" methodname="Test_HandleUndoRequested_AfterWin_WinningValuesAreFrozen" classname="BoltSort.Tests.Unit.GameStateManager.WinDetection_Test" runstate="Runnable" seed="233544290" result="Passed" start-time="2026-05-19 17:01:29Z" end-time="2026-05-19 17:01:29Z" duration="0.001195" asserts="0">
                  <properties />
                </test-case>
              </test-suite>
            </test-suite>
          </test-suite>
        </test-suite>
      </test-suite>
    </test-suite>
    <test-suite type="Assembly" id="1608" name="Tests.Unit.LevelData.dll" fullname="C:/Users/dvsma/Desktop/boltsort/My project/Library/ScriptAssemblies/Tests.Unit.LevelData.dll" runstate="Runnable" testcasecount="84" result="Passed" start-time="2026-05-19 17:01:29Z" end-time="2026-05-19 17:01:29Z" duration="0.138192" total="84" passed="84" failed="0" inconclusive="0" skipped="0" asserts="0">
      <properties>
        <property name="_PID" value="6620" />
        <property name="_APPDOMAIN" value="Unity Child Domain" />
        <property name="platform" value="EditMode" />
      </properties>
      <test-suite type="TestSuite" id="1609" name="BoltSort" fullname="BoltSort" runstate="Runnable" testcasecount="84" result="Passed" start-time="2026-05-19 17:01:29Z" end-time="2026-05-19 17:01:29Z" duration="0.135404" total="84" passed="84" failed="0" inconclusive="0" skipped="0" asserts="0">
        <properties />
        <test-suite type="TestSuite" id="1610" name="Tests" fullname="BoltSort.Tests" runstate="Runnable" testcasecount="84" result="Passed" start-time="2026-05-19 17:01:29Z" end-time="2026-05-19 17:01:29Z" duration="0.128515" total="84" passed="84" failed="0" inconclusive="0" skipped="0" asserts="0">
          <properties />
          <test-suite type="TestSuite" id="1611" name="Unit" fullname="BoltSort.Tests.Unit" runstate="Runnable" testcasecount="84" result="Passed" start-time="2026-05-19 17:01:29Z" end-time="2026-05-19 17:01:29Z" duration="0.124156" total="84" passed="84" failed="0" inconclusive="0" skipped="0" asserts="0">
            <properties />
            <test-suite type="TestSuite" id="1612" name="LevelData" fullname="BoltSort.Tests.Unit.LevelData" runstate="Runnable" testcasecount="84" result="Passed" start-time="2026-05-19 17:01:29Z" end-time="2026-05-19 17:01:29Z" duration="0.119018" total="84" passed="84" failed="0" inconclusive="0" skipped="0" asserts="0">
              <properties />
              <test-suite type="TestFixture" id="1519" name="AuthoringValidator_Test" fullname="BoltSort.Tests.Unit.LevelData.AuthoringValidator_Test" classname="BoltSort.Tests.Unit.LevelData.AuthoringValidator_Test" runstate="Runnable" testcasecount="8" result="Passed" start-time="2026-05-19 17:01:29Z" end-time="2026-05-19 17:01:29Z" duration="0.012944" total="8" passed="8" failed="0" inconclusive="0" skipped="0" asserts="0">
                <properties />
                <test-case id="1526" name="Test_Validate_ColumnCapAtMaximum_PassesCapCheck" fullname="BoltSort.Tests.Unit.LevelData.AuthoringValidator_Test.Test_Validate_ColumnCapAtMaximum_PassesCapCheck" methodname="Test_Validate_ColumnCapAtMaximum_PassesCapCheck" classname="BoltSort.Tests.Unit.LevelData.AuthoringValidator_Test" runstate="Runnable" seed="606784660" result="Passed" start-time="2026-05-19 17:01:29Z" end-time="2026-05-19 17:01:29Z" duration="0.001652" asserts="0">
                  <properties />
                </test-case>
                <test-case id="1525" name="Test_Validate_ColumnCapExceeded_ReturnsFailWithColumnCapMessage" fullname="BoltSort.Tests.Unit.LevelData.AuthoringValidator_Test.Test_Validate_ColumnCapExceeded_ReturnsFailWithColumnCapMessage" methodname="Test_Validate_ColumnCapExceeded_ReturnsFailWithColumnCapMessage" classname="BoltSort.Tests.Unit.LevelData.AuthoringValidator_Test" runstate="Runnable" seed="1777582958" result="Passed" start-time="2026-05-19 17:01:29Z" end-time="2026-05-19 17:01:29Z" duration="0.001698" asserts="0">
                  <properties />
                </test-case>
                <test-case id="1527" name="Test_Validate_ColumnCapFailPrecludesParMovesCheck" fullname="BoltSort.Tests.Unit.LevelData.AuthoringValidator_Test.Test_Validate_ColumnCapFailPrecludesParMovesCheck" methodname="Test_Validate_ColumnCapFailPrecludesParMovesCheck" classname="BoltSort.Tests.Unit.LevelData.AuthoringValidator_Test" runstate="Runnable" seed="2027485730" result="Passed" start-time="2026-05-19 17:01:29Z" end-time="2026-05-19 17:01:29Z" duration="0.000883" asserts="0">
                  <properties />
                </test-case>
                <test-case id="1521" name="Test_Validate_ParMovesAboveSolverMax_ReturnsFailWithExceedsMessage" fullname="BoltSort.Tests.Unit.LevelData.AuthoringValidator_Test.Test_Validate_ParMovesAboveSolverMax_ReturnsFailWithExceedsMessage" methodname="Test_Validate_ParMovesAboveSolverMax_ReturnsFailWithExceedsMessage" classname="BoltSort.Tests.Unit.LevelData.AuthoringValidator_Test" runstate="Runnable" seed="515246049" result="Passed" start-time="2026-05-19 17:01:29Z" end-time="2026-05-19 17:01:29Z" duration="0.000553" asserts="0">
                  <properties />
                </test-case>
                <test-case id="1520" name="Test_Validate_ParMovesBelowSolverMin_ReturnsFailWithParMovesMessage" fullname="BoltSort.Tests.Unit.LevelData.AuthoringValidator_Test.Test_Validate_ParMovesBelowSolverMin_ReturnsFailWithParMovesMessage" methodname="Test_Validate_ParMovesBelowSolverMin_ReturnsFailWithParMovesMessage" classname="BoltSort.Tests.Unit.LevelData.AuthoringValidator_Test" runstate="Runnable" seed="1823562965" result="Passed" start-time="2026-05-19 17:01:29Z" end-time="2026-05-19 17:01:29Z" duration="0.000435" asserts="0">
                  <properties />
                </test-case>
                <test-case id="1524" name="Test_Validate_ParMovesEqualsMax_ReturnsPass" fullname="BoltSort.Tests.Unit.LevelData.AuthoringValidator_Test.Test_Validate_ParMovesEqualsMax_ReturnsPass" methodname="Test_Validate_ParMovesEqualsMax_ReturnsPass" classname="BoltSort.Tests.Unit.LevelData.AuthoringValidator_Test" runstate="Runnable" seed="356493507" result="Passed" start-time="2026-05-19 17:01:29Z" end-time="2026-05-19 17:01:29Z" duration="0.001003" asserts="0">
                  <properties />
                </test-case>
                <test-case id="1523" name="Test_Validate_ParMovesEqualsMin_ReturnsPass" fullname="BoltSort.Tests.Unit.LevelData.AuthoringValidator_Test.Test_Validate_ParMovesEqualsMin_ReturnsPass" methodname="Test_Validate_ParMovesEqualsMin_ReturnsPass" classname="BoltSort.Tests.Unit.LevelData.AuthoringValidator_Test" runstate="Runnable" seed="33537385" result="Passed" start-time="2026-05-19 17:01:29Z" end-time="2026-05-19 17:01:29Z" duration="0.000642" asserts="0">
                  <properties />
                </test-case>
                <test-case id="1522" name="Test_Validate_ParMovesInRange_ReturnsPass" fullname="BoltSort.Tests.Unit.LevelData.AuthoringValidator_Test.Test_Validate_ParMovesInRange_ReturnsPass" methodname="Test_Validate_ParMovesInRange_ReturnsPass" classname="BoltSort.Tests.Unit.LevelData.AuthoringValidator_Test" runstate="Runnable" seed="867599810" result="Passed" start-time="2026-05-19 17:01:29Z" end-time="2026-05-19 17:01:29Z" duration="0.000518" asserts="0">
                  <properties />
                </test-case>
              </test-suite>
              <test-suite type="TestFixture" id="1528" name="GetterMethods_Test" fullname="BoltSort.Tests.Unit.LevelData.GetterMethods_Test" classname="BoltSort.Tests.Unit.LevelData.GetterMethods_Test" runstate="Runnable" testcasecount="20" result="Passed" start-time="2026-05-19 17:01:29Z" end-time="2026-05-19 17:01:29Z" duration="0.035273" total="20" passed="20" failed="0" inconclusive="0" skipped="0" asserts="0">
                <properties />
                <test-case id="1546" name="Test_GetByFilter_AddedVersionMin_ExcludesRecordsBelowThreshold" fullname="BoltSort.Tests.Unit.LevelData.GetterMethods_Test.Test_GetByFilter_AddedVersionMin_ExcludesRecordsBelowThreshold" methodname="Test_GetByFilter_AddedVersionMin_ExcludesRecordsBelowThreshold" classname="BoltSort.Tests.Unit.LevelData.GetterMethods_Test" runstate="Runnable" seed="644342271" result="Passed" start-time="2026-05-19 17:01:29Z" end-time="2026-05-19 17:01:29Z" duration="0.004493" asserts="0">
                  <properties />
                </test-case>
                <test-case id="1547" name="Test_GetByFilter_AddedVersionMin_IncludesRecordsAtOrAboveThreshold" fullname="BoltSort.Tests.Unit.LevelData.GetterMethods_Test.Test_GetByFilter_AddedVersionMin_IncludesRecordsAtOrAboveThreshold" methodname="Test_GetByFilter_AddedVersionMin_IncludesRecordsAtOrAboveThreshold" classname="BoltSort.Tests.Unit.LevelData.GetterMethods_Test" runstate="Runnable" seed="380405187" result="Passed" start-time="2026-05-19 17:01:29Z" end-time="2026-05-19 17:01:29Z" duration="0.000980" asserts="0">
                  <properties />
                </test-case>
                <test-case id="1541" name="Test_GetByFilter_BeforeInit_ThrowsInvalidOperationException" fullname="BoltSort.Tests.Unit.LevelData.GetterMethods_Test.Test_GetByFilter_BeforeInit_ThrowsInvalidOperationException" methodname="Test_GetByFilter_BeforeInit_ThrowsInvalidOperationException" classname="BoltSort.Tests.Unit.LevelData.GetterMethods_Test" runstate="Runnable" seed="466003054" result="Passed" start-time="2026-05-19 17:01:29Z" end-time="2026-05-19 17:01:29Z" duration="0.000775" asserts="0">
                  <properties />
                </test-case>
                <test-case id="1548" name="Test_GetByFilter_MultipleMatches_ReturnsAll" fullname="BoltSort.Tests.Unit.LevelData.GetterMethods_Test.Test_GetByFilter_MultipleMatches_ReturnsAll" methodname="Test_GetByFilter_MultipleMatches_ReturnsAll" classname="BoltSort.Tests.Unit.LevelData.GetterMethods_Test" runstate="Runnable" seed="677255" result="Passed" start-time="2026-05-19 17:01:29Z" end-time="2026-05-19 17:01:29Z" duration="0.001514" asserts="0">
                  <properties />
                </test-case>
                <test-case id="1533" name="Test_GetByFilter_NoMatchingRecords_ReturnsEmptyArray" fullname="BoltSort.Tests.Unit.LevelData.GetterMethods_Test.Test_GetByFilter_NoMatchingRecords_ReturnsEmptyArray" methodname="Test_GetByFilter_NoMatchingRecords_ReturnsEmptyArray" classname="BoltSort.Tests.Unit.LevelData.GetterMethods_Test" runstate="Runnable" seed="1351176428" result="Passed" start-time="2026-05-19 17:01:29Z" end-time="2026-05-19 17:01:29Z" duration="0.001476" asserts="0">
                  <properties />
                </test-case>
                <test-case id="1545" name="Test_GetByFilter_NullFilter_ThrowsArgumentNullException" fullname="BoltSort.Tests.Unit.LevelData.GetterMethods_Test.Test_GetByFilter_NullFilter_ThrowsArgumentNullException" methodname="Test_GetByFilter_NullFilter_ThrowsArgumentNullException" classname="BoltSort.Tests.Unit.LevelData.GetterMethods_Test" runstate="Runnable" seed="2122754445" result="Passed" start-time="2026-05-19 17:01:29Z" end-time="2026-05-19 17:01:29Z" duration="0.001480" asserts="0">
                  <properties />
                </test-case>
                <test-case id="1531" name="Test_GetLevel_AboveValidRange_ThrowsLevelDataException_NotFound" fullname="BoltSort.Tests.Unit.LevelData.GetterMethods_Test.Test_GetLevel_AboveValidRange_ThrowsLevelDataException_NotFound" methodname="Test_GetLevel_AboveValidRange_ThrowsLevelDataException_NotFound" classname="BoltSort.Tests.Unit.LevelData.GetterMethods_Test" runstate="Runnable" seed="1746593827" result="Passed" start-time="2026-05-19 17:01:29Z" end-time="2026-05-19 17:01:29Z" duration="0.001890" asserts="0">
                  <properties />
                </test-case>
                <test-case id="1536" name="Test_GetLevel_AbsentDisplayName_DefaultsToLevelPrefix" fullname="BoltSort.Tests.Unit.LevelData.GetterMethods_Test.Test_GetLevel_AbsentDisplayName_DefaultsToLevelPrefix" methodname="Test_GetLevel_AbsentDisplayName_DefaultsToLevelPrefix" classname="BoltSort.Tests.Unit.LevelData.GetterMethods_Test" runstate="Runnable" seed="1829733714" result="Passed" start-time="2026-05-19 17:01:29Z" end-time="2026-05-19 17:01:29Z" duration="0.001009" asserts="0">
                  <properties />
                </test-case>
                <test-case id="1539" name="Test_GetLevel_BeforeInit_ThrowsInvalidOperationException" fullname="BoltSort.Tests.Unit.LevelData.GetterMethods_Test.Test_GetLevel_BeforeInit_ThrowsInvalidOperationException" methodname="Test_GetLevel_BeforeInit_ThrowsInvalidOperationException" classname="BoltSort.Tests.Unit.LevelData.GetterMethods_Test" runstate="Runnable" seed="1355672781" result="Passed" start-time="2026-05-19 17:01:29Z" end-time="2026-05-19 17:01:29Z" duration="0.000725" asserts="0">
                  <properties />
                </test-case>
                <test-case id="1530" name="Test_GetLevel_BelowValidRange_ThrowsLevelDataException_NotFound" fullname="BoltSort.Tests.Unit.LevelData.GetterMethods_Test.Test_GetLevel_BelowValidRange_ThrowsLevelDataException_NotFound" methodname="Test_GetLevel_BelowValidRange_ThrowsLevelDataException_NotFound" classname="BoltSort.Tests.Unit.LevelData.GetterMethods_Test" runstate="Runnable" seed="907310414" result="Passed" start-time="2026-05-19 17:01:29Z" end-time="2026-05-19 17:01:29Z" duration="0.001051" asserts="0">
                  <properties />
                </test-case>
                <test-case id="1529" name="Test_GetLevel_ExistingId_ReturnsRecord" fullname="BoltSort.Tests.Unit.LevelData.GetterMethods_Test.Test_GetLevel_ExistingId_ReturnsRecord" methodname="Test_GetLevel_ExistingId_ReturnsRecord" classname="BoltSort.Tests.Unit.LevelData.GetterMethods_Test" runstate="Runnable" seed="198455155" result="Passed" start-time="2026-05-19 17:01:29Z" end-time="2026-05-19 17:01:29Z" duration="0.000801" asserts="0">
                  <properties />
                </test-case>
                <test-case id="1534" name="Test_GetLevel_ValidatedRecord_ReturnedWithoutError" fullname="BoltSort.Tests.Unit.LevelData.GetterMethods_Test.Test_GetLevel_ValidatedRecord_ReturnedWithoutError" methodname="Test_GetLevel_ValidatedRecord_ReturnedWithoutError" classname="BoltSort.Tests.Unit.LevelData.GetterMethods_Test" runstate="Runnable" seed="193263284" result="Passed" start-time="2026-05-19 17:01:29Z" end-time="2026-05-19 17:01:29Z" duration="0.000815" asserts="0">
                  <properties />
                </test-case>
                <test-case id="1540" name="Test_GetRange_BeforeInit_ThrowsInvalidOperationException" fullname="BoltSort.Tests.Unit.LevelData.GetterMethods_Test.Test_GetRange_BeforeInit_ThrowsInvalidOperationException" methodname="Test_GetRange_BeforeInit_ThrowsInvalidOperationException" classname="BoltSort.Tests.Unit.LevelData.GetterMethods_Test" runstate="Runnable" seed="2049562591" result="Passed" start-time="2026-05-19 17:01:29Z" end-time="2026-05-19 17:01:29Z" duration="0.000754" asserts="0">
                  <properties />
                </test-case>
                <test-case id="1532" name="Test_GetRange_IdsNotInCache_ReturnsEmptyArray" fullname="BoltSort.Tests.Unit.LevelData.GetterMethods_Test.Test_GetRange_IdsNotInCache_ReturnsEmptyArray" methodname="Test_GetRange_IdsNotInCache_ReturnsEmptyArray" classname="BoltSort.Tests.Unit.LevelData.GetterMethods_Test" runstate="Runnable" seed="1974867821" result="Passed" start-time="2026-05-19 17:01:29Z" end-time="2026-05-19 17:01:29Z" duration="0.004295" asserts="0">
                  <properties />
                </test-case>
                <test-case id="1535" name="Test_GetRange_InvertedParams_ReturnsEmptyArray" fullname="BoltSort.Tests.Unit.LevelData.GetterMethods_Test.Test_GetRange_InvertedParams_ReturnsEmptyArray" methodname="Test_GetRange_InvertedParams_ReturnsEmptyArray" classname="BoltSort.Tests.Unit.LevelData.GetterMethods_Test" runstate="Runnable" seed="1859032233" result="Passed" start-time="2026-05-19 17:01:29Z" end-time="2026-05-19 17:01:29Z" duration="0.001283" asserts="0">
                  <properties />
                </test-case>
                <test-case id="1542" name="Test_GetRange_PartialHits_ReturnsOnlyCachedIds" fullname="BoltSort.Tests.Unit.LevelData.GetterMethods_Test.Test_GetRange_PartialHits_ReturnsOnlyCachedIds" methodname="Test_GetRange_PartialHits_ReturnsOnlyCachedIds" classname="BoltSort.Tests.Unit.LevelData.GetterMethods_Test" runstate="Runnable" seed="303381156" result="Passed" start-time="2026-05-19 17:01:29Z" end-time="2026-05-19 17:01:29Z" duration="0.001215" asserts="0">
                  <properties />
                </test-case>
                <test-case id="1543" name="Test_GetRange_SingleId_ExistingId_ReturnsSingleRecord" fullname="BoltSort.Tests.Unit.LevelData.GetterMethods_Test.Test_GetRange_SingleId_ExistingId_ReturnsSingleRecord" methodname="Test_GetRange_SingleId_ExistingId_ReturnsSingleRecord" classname="BoltSort.Tests.Unit.LevelData.GetterMethods_Test" runstate="Runnable" seed="212636641" result="Passed" start-time="2026-05-19 17:01:29Z" end-time="2026-05-19 17:01:29Z" duration="0.000726" asserts="0">
                  <properties />
                </test-case>
                <test-case id="1544" name="Test_GetRange_SingleId_MissingId_ReturnsEmpty" fullname="BoltSort.Tests.Unit.LevelData.GetterMethods_Test.Test_GetRange_SingleId_MissingId_ReturnsEmpty" methodname="Test_GetRange_SingleId_MissingId_ReturnsEmpty" classname="BoltSort.Tests.Unit.LevelData.GetterMethods_Test" runstate="Runnable" seed="1353916032" result="Passed" start-time="2026-05-19 17:01:29Z" end-time="2026-05-19 17:01:29Z" duration="0.000675" asserts="0">
                  <properties />
                </test-case>
                <test-case id="1538" name="Test_GetReadiness_BeforeInit_DoesNotThrow" fullname="BoltSort.Tests.Unit.LevelData.GetterMethods_Test.Test_GetReadiness_BeforeInit_DoesNotThrow" methodname="Test_GetReadiness_BeforeInit_DoesNotThrow" classname="BoltSort.Tests.Unit.LevelData.GetterMethods_Test" runstate="Runnable" seed="661657979" result="Passed" start-time="2026-05-19 17:01:29Z" end-time="2026-05-19 17:01:29Z" duration="0.000766" asserts="0">
                  <properties />
                </test-case>
                <test-case id="1537" name="Test_GetReadiness_InReadyState_ReturnsCorrectSnapshot" fullname="BoltSort.Tests.Unit.LevelData.GetterMethods_Test.Test_GetReadiness_InReadyState_ReturnsCorrectSnapshot" methodname="Test_GetReadiness_InReadyState_ReturnsCorrectSnapshot" classname="BoltSort.Tests.Unit.LevelData.GetterMethods_Test" runstate="Runnable" seed="562794446" result="Passed" start-time="2026-05-19 17:01:29Z" end-time="2026-05-19 17:01:29Z" duration="0.000928" asserts="0">
                  <properties />
                </test-case>
              </test-suite>
              <test-suite type="TestFixture" id="1549" name="LevelDataSystem_LevelRecordTypes_Test" fullname="BoltSort.Tests.Unit.LevelData.LevelDataSystem_LevelRecordTypes_Test" classname="BoltSort.Tests.Unit.LevelData.LevelDataSystem_LevelRecordTypes_Test" runstate="Runnable" testcasecount="29" result="Passed" start-time="2026-05-19 17:01:29Z" end-time="2026-05-19 17:01:29Z" duration="0.027011" total="29" passed="29" failed="0" inconclusive="0" skipped="0" asserts="0">
                <properties />
                <test-case id="1578" name="Test_Aot_JaggedIntArray_CanBeInstantiated" fullname="BoltSort.Tests.Unit.LevelData.LevelDataSystem_LevelRecordTypes_Test.Test_Aot_JaggedIntArray_CanBeInstantiated" methodname="Test_Aot_JaggedIntArray_CanBeInstantiated" classname="BoltSort.Tests.Unit.LevelData.LevelDataSystem_LevelRecordTypes_Test" runstate="Runnable" seed="1251293374" result="Passed" start-time="2026-05-19 17:01:29Z" end-time="2026-05-19 17:01:29Z" duration="0.000468" asserts="0">
                  <properties />
                </test-case>
                <test-case id="1576" name="Test_Aot_NullableInt_DeserializesNull" fullname="BoltSort.Tests.Unit.LevelData.LevelDataSystem_LevelRecordTypes_Test.Test_Aot_NullableInt_DeserializesNull" methodname="Test_Aot_NullableInt_DeserializesNull" classname="BoltSort.Tests.Unit.LevelData.LevelDataSystem_LevelRecordTypes_Test" runstate="Runnable" seed="569549030" result="Passed" start-time="2026-05-19 17:01:29Z" end-time="2026-05-19 17:01:29Z" duration="0.000656" asserts="0">
                  <properties />
                </test-case>
                <test-case id="1560" name="Test_CatalogueVersionAbsent_DefaultsToZero" fullname="BoltSort.Tests.Unit.LevelData.LevelDataSystem_LevelRecordTypes_Test.Test_CatalogueVersionAbsent_DefaultsToZero" methodname="Test_CatalogueVersionAbsent_DefaultsToZero" classname="BoltSort.Tests.Unit.LevelData.LevelDataSystem_LevelRecordTypes_Test" runstate="Runnable" seed="2024921345" result="Passed" start-time="2026-05-19 17:01:29Z" end-time="2026-05-19 17:01:29Z" duration="0.000557" asserts="0">
                  <properties />
                </test-case>
                <test-case id="1561" name="Test_CatalogueVersionPresent_DeserializesCorrectly" fullname="BoltSort.Tests.Unit.LevelData.LevelDataSystem_LevelRecordTypes_Test.Test_CatalogueVersionPresent_DeserializesCorrectly" methodname="Test_CatalogueVersionPresent_DeserializesCorrectly" classname="BoltSort.Tests.Unit.LevelData.LevelDataSystem_LevelRecordTypes_Test" runstate="Runnable" seed="931305212" result="Passed" start-time="2026-05-19 17:01:29Z" end-time="2026-05-19 17:01:29Z" duration="0.000460" asserts="0">
                  <properties />
                </test-case>
                <test-case id="1555" name="Test_ColorStacks_EmptyInnerArray_DeserializesWithLengthZero" fullname="BoltSort.Tests.Unit.LevelData.LevelDataSystem_LevelRecordTypes_Test.Test_ColorStacks_EmptyInnerArray_DeserializesWithLengthZero" methodname="Test_ColorStacks_EmptyInnerArray_DeserializesWithLengthZero" classname="BoltSort.Tests.Unit.LevelData.LevelDataSystem_LevelRecordTypes_Test" runstate="Runnable" seed="1029208972" result="Passed" start-time="2026-05-19 17:01:29Z" end-time="2026-05-19 17:01:29Z" duration="0.000460" asserts="0">
                  <properties />
                </test-case>
                <test-case id="1554" name="Test_ColorStacks_ThreeInnerArrays_DeserializeCorrectly" fullname="BoltSort.Tests.Unit.LevelData.LevelDataSystem_LevelRecordTypes_Test.Test_ColorStacks_ThreeInnerArrays_DeserializeCorrectly" methodname="Test_ColorStacks_ThreeInnerArrays_DeserializeCorrectly" classname="BoltSort.Tests.Unit.LevelData.LevelDataSystem_LevelRecordTypes_Test" runstate="Runnable" seed="967762976" result="Passed" start-time="2026-05-19 17:01:29Z" end-time="2026-05-19 17:01:29Z" duration="0.001195" asserts="0">
                  <properties />
                </test-case>
                <test-case id="1556" name="Test_DisplayNameAbsent_DefaultsToLevelId" fullname="BoltSort.Tests.Unit.LevelData.LevelDataSystem_LevelRecordTypes_Test.Test_DisplayNameAbsent_DefaultsToLevelId" methodname="Test_DisplayNameAbsent_DefaultsToLevelId" classname="BoltSort.Tests.Unit.LevelData.LevelDataSystem_LevelRecordTypes_Test" runstate="Runnable" seed="768473960" result="Passed" start-time="2026-05-19 17:01:29Z" end-time="2026-05-19 17:01:29Z" duration="0.000676" asserts="0">
                  <properties />
                </test-case>
                <test-case id="1558" name="Test_DisplayNameEmptyString_NotDefaulted" fullname="BoltSort.Tests.Unit.LevelData.LevelDataSystem_LevelRecordTypes_Test.Test_DisplayNameEmptyString_NotDefaulted" methodname="Test_DisplayNameEmptyString_NotDefaulted" classname="BoltSort.Tests.Unit.LevelData.LevelDataSystem_LevelRecordTypes_Test" runstate="Runnable" seed="123442409" result="Passed" start-time="2026-05-19 17:01:29Z" end-time="2026-05-19 17:01:29Z" duration="0.000388" asserts="0">
                  <properties />
                </test-case>
                <test-case id="1557" name="Test_DisplayNameJsonNull_DefaultsToLevelId" fullname="BoltSort.Tests.Unit.LevelData.LevelDataSystem_LevelRecordTypes_Test.Test_DisplayNameJsonNull_DefaultsToLevelId" methodname="Test_DisplayNameJsonNull_DefaultsToLevelId" classname="BoltSort.Tests.Unit.LevelData.LevelDataSystem_LevelRecordTypes_Test" runstate="Runnable" seed="98499080" result="Passed" start-time="2026-05-19 17:01:29Z" end-time="2026-05-19 17:01:29Z" duration="0.000440" asserts="0">
                  <properties />
                </test-case>
                <test-case id="1559" name="Test_DisplayNameProvided_NotOverwritten" fullname="BoltSort.Tests.Unit.LevelData.LevelDataSystem_LevelRecordTypes_Test.Test_DisplayNameProvided_NotOverwritten" methodname="Test_DisplayNameProvided_NotOverwritten" classname="BoltSort.Tests.Unit.LevelData.LevelDataSystem_LevelRecordTypes_Test" runstate="Runnable" seed="1081269303" result="Passed" start-time="2026-05-19 17:01:29Z" end-time="2026-05-19 17:01:29Z" duration="0.000380" asserts="0">
                  <properties />
                </test-case>
                <test-case id="1552" name="Test_HintOverrideAbsent_DeserializesAsNull" fullname="BoltSort.Tests.Unit.LevelData.LevelDataSystem_LevelRecordTypes_Test.Test_HintOverrideAbsent_DeserializesAsNull" methodname="Test_HintOverrideAbsent_DeserializesAsNull" classname="BoltSort.Tests.Unit.LevelData.LevelDataSystem_LevelRecordTypes_Test" runstate="Runnable" seed="861209383" result="Passed" start-time="2026-05-19 17:01:29Z" end-time="2026-05-19 17:01:29Z" duration="0.000470" asserts="0">
                  <properties />
                </test-case>
                <test-case id="1553" name="Test_HintOverrideNegativeOne_DeserializesAsNegativeOne" fullname="BoltSort.Tests.Unit.LevelData.LevelDataSystem_LevelRecordTypes_Test.Test_HintOverrideNegativeOne_DeserializesAsNegativeOne" methodname="Test_HintOverrideNegativeOne_DeserializesAsNegativeOne" classname="BoltSort.Tests.Unit.LevelData.LevelDataSystem_LevelRecordTypes_Test" runstate="Runnable" seed="1286855776" result="Passed" start-time="2026-05-19 17:01:29Z" end-time="2026-05-19 17:01:29Z" duration="0.001138" asserts="0">
                  <properties />
                </test-case>
                <test-case id="1550" name="Test_HintOverrideNull_DeserializesAsNull" fullname="BoltSort.Tests.Unit.LevelData.LevelDataSystem_LevelRecordTypes_Test.Test_HintOverrideNull_DeserializesAsNull" methodname="Test_HintOverrideNull_DeserializesAsNull" classname="BoltSort.Tests.Unit.LevelData.LevelDataSystem_LevelRecordTypes_Test" runstate="Runnable" seed="497047747" result="Passed" start-time="2026-05-19 17:01:29Z" end-time="2026-05-19 17:01:29Z" duration="0.000448" asserts="0">
                  <properties />
                </test-case>
                <test-case id="1551" name="Test_HintOverrideZero_DeserializesAsZeroNotNull" fullname="BoltSort.Tests.Unit.LevelData.LevelDataSystem_LevelRecordTypes_Test.Test_HintOverrideZero_DeserializesAsZeroNotNull" methodname="Test_HintOverrideZero_DeserializesAsZeroNotNull" classname="BoltSort.Tests.Unit.LevelData.LevelDataSystem_LevelRecordTypes_Test" runstate="Runnable" seed="31306939" result="Passed" start-time="2026-05-19 17:01:29Z" end-time="2026-05-19 17:01:29Z" duration="0.000492" asserts="0">
                  <properties />
                </test-case>
                <test-case id="1563" name="Test_LdsErrorCode_AllExpectedValuesExist" fullname="BoltSort.Tests.Unit.LevelData.LevelDataSystem_LevelRecordTypes_Test.Test_LdsErrorCode_AllExpectedValuesExist" methodname="Test_LdsErrorCode_AllExpectedValuesExist" classname="BoltSort.Tests.Unit.LevelData.LevelDataSystem_LevelRecordTypes_Test" runstate="Runnable" seed="1207749191" result="Passed" start-time="2026-05-19 17:01:29Z" end-time="2026-05-19 17:01:29Z" duration="0.000386" asserts="0">
                  <properties />
                </test-case>
                <test-case id="1562" name="Test_LdsState_AllExpectedValuesExist" fullname="BoltSort.Tests.Unit.LevelData.LevelDataSystem_LevelRecordTypes_Test.Test_LdsState_AllExpectedValuesExist" methodname="Test_LdsState_AllExpectedValuesExist" classname="BoltSort.Tests.Unit.LevelData.LevelDataSystem_LevelRecordTypes_Test" runstate="Runnable" seed="6778266" result="Passed" start-time="2026-05-19 17:01:29Z" end-time="2026-05-19 17:01:29Z" duration="0.000436" asserts="0">
                  <properties />
                </test-case>
                <test-case id="1573" name="Test_LevelFilter_AddedVersionMin_LexicographicComparison" fullname="BoltSort.Tests.Unit.LevelData.LevelDataSystem_LevelRecordTypes_Test.Test_LevelFilter_AddedVersionMin_LexicographicComparison" methodname="Test_LevelFilter_AddedVersionMin_LexicographicComparison" classname="BoltSort.Tests.Unit.LevelData.LevelDataSystem_LevelRecordTypes_Test" runstate="Runnable" seed="1875077610" result="Passed" start-time="2026-05-19 17:01:29Z" end-time="2026-05-19 17:01:29Z" duration="0.000968" asserts="0">
                  <properties />
                </test-case>
                <test-case id="1577" name="Test_LevelFilter_AddedVersionMin_NullRecordVersion_ExcludesRecord" fullname="BoltSort.Tests.Unit.LevelData.LevelDataSystem_LevelRecordTypes_Test.Test_LevelFilter_AddedVersionMin_NullRecordVersion_ExcludesRecord" methodname="Test_LevelFilter_AddedVersionMin_NullRecordVersion_ExcludesRecord" classname="BoltSort.Tests.Unit.LevelData.LevelDataSystem_LevelRecordTypes_Test" runstate="Runnable" seed="1521011797" result="Passed" start-time="2026-05-19 17:01:29Z" end-time="2026-05-19 17:01:29Z" duration="0.000834" asserts="0">
                  <properties />
                </test-case>
                <test-case id="1572" name="Test_LevelFilter_ColorCountMax_FiltersCorrectly" fullname="BoltSort.Tests.Unit.LevelData.LevelDataSystem_LevelRecordTypes_Test.Test_LevelFilter_ColorCountMax_FiltersCorrectly" methodname="Test_LevelFilter_ColorCountMax_FiltersCorrectly" classname="BoltSort.Tests.Unit.LevelData.LevelDataSystem_LevelRecordTypes_Test" runstate="Runnable" seed="388304839" result="Passed" start-time="2026-05-19 17:01:29Z" end-time="2026-05-19 17:01:29Z" duration="0.001087" asserts="0">
                  <properties />
                </test-case>
                <test-case id="1571" name="Test_LevelFilter_ColorCountMin_FiltersCorrectly" fullname="BoltSort.Tests.Unit.LevelData.LevelDataSystem_LevelRecordTypes_Test.Test_LevelFilter_ColorCountMin_FiltersCorrectly" methodname="Test_LevelFilter_ColorCountMin_FiltersCorrectly" classname="BoltSort.Tests.Unit.LevelData.LevelDataSystem_LevelRecordTypes_Test" runstate="Runnable" seed="1497459274" result="Passed" start-time="2026-05-19 17:01:29Z" end-time="2026-05-19 17:01:29Z" duration="0.000744" asserts="0">
                  <properties />
                </test-case>
                <test-case id="1569" name="Test_LevelFilter_DailyChallengeEligible_Match_ReturnsTrue" fullname="BoltSort.Tests.Unit.LevelData.LevelDataSystem_LevelRecordTypes_Test.Test_LevelFilter_DailyChallengeEligible_Match_ReturnsTrue" methodname="Test_LevelFilter_DailyChallengeEligible_Match_ReturnsTrue" classname="BoltSort.Tests.Unit.LevelData.LevelDataSystem_LevelRecordTypes_Test" runstate="Runnable" seed="1459969666" result="Passed" start-time="2026-05-19 17:01:29Z" end-time="2026-05-19 17:01:29Z" duration="0.000504" asserts="0">
                  <properties />
                </test-case>
                <test-case id="1570" name="Test_LevelFilter_DailyChallengeEligible_Mismatch_ReturnsFalse" fullname="BoltSort.Tests.Unit.LevelData.LevelDataSystem_LevelRecordTypes_Test.Test_LevelFilter_DailyChallengeEligible_Mismatch_ReturnsFalse" methodname="Test_LevelFilter_DailyChallengeEligible_Mismatch_ReturnsFalse" classname="BoltSort.Tests.Unit.LevelData.LevelDataSystem_LevelRecordTypes_Test" runstate="Runnable" seed="444877639" result="Passed" start-time="2026-05-19 17:01:29Z" end-time="2026-05-19 17:01:29Z" duration="0.000434" asserts="0">
                  <properties />
                </test-case>
                <test-case id="1567" name="Test_LevelFilter_DifficultyTierMatch_ReturnsTrue" fullname="BoltSort.Tests.Unit.LevelData.LevelDataSystem_LevelRecordTypes_Test.Test_LevelFilter_DifficultyTierMatch_ReturnsTrue" methodname="Test_LevelFilter_DifficultyTierMatch_ReturnsTrue" classname="BoltSort.Tests.Unit.LevelData.LevelDataSystem_LevelRecordTypes_Test" runstate="Runnable" seed="989278312" result="Passed" start-time="2026-05-19 17:01:29Z" end-time="2026-05-19 17:01:29Z" duration="0.000433" asserts="0">
                  <properties />
                </test-case>
                <test-case id="1568" name="Test_LevelFilter_DifficultyTierMismatch_ReturnsFalse" fullname="BoltSort.Tests.Unit.LevelData.LevelDataSystem_LevelRecordTypes_Test.Test_LevelFilter_DifficultyTierMismatch_ReturnsFalse" methodname="Test_LevelFilter_DifficultyTierMismatch_ReturnsFalse" classname="BoltSort.Tests.Unit.LevelData.LevelDataSystem_LevelRecordTypes_Test" runstate="Runnable" seed="893265620" result="Passed" start-time="2026-05-19 17:01:29Z" end-time="2026-05-19 17:01:29Z" duration="0.000416" asserts="0">
                  <properties />
                </test-case>
                <test-case id="1575" name="Test_LevelFilter_MultipleConstraints_AllMustMatch" fullname="BoltSort.Tests.Unit.LevelData.LevelDataSystem_LevelRecordTypes_Test.Test_LevelFilter_MultipleConstraints_AllMustMatch" methodname="Test_LevelFilter_MultipleConstraints_AllMustMatch" classname="BoltSort.Tests.Unit.LevelData.LevelDataSystem_LevelRecordTypes_Test" runstate="Runnable" seed="1325230269" result="Passed" start-time="2026-05-19 17:01:29Z" end-time="2026-05-19 17:01:29Z" duration="0.000754" asserts="0">
                  <properties />
                </test-case>
                <test-case id="1566" name="Test_LevelFilter_NoConstraints_MatchesAnyRecord" fullname="BoltSort.Tests.Unit.LevelData.LevelDataSystem_LevelRecordTypes_Test.Test_LevelFilter_NoConstraints_MatchesAnyRecord" methodname="Test_LevelFilter_NoConstraints_MatchesAnyRecord" classname="BoltSort.Tests.Unit.LevelData.LevelDataSystem_LevelRecordTypes_Test" runstate="Runnable" seed="340432783" result="Passed" start-time="2026-05-19 17:01:29Z" end-time="2026-05-19 17:01:29Z" duration="0.000483" asserts="0">
                  <properties />
                </test-case>
                <test-case id="1574" name="Test_LevelFilter_NullRecord_ReturnsFalse" fullname="BoltSort.Tests.Unit.LevelData.LevelDataSystem_LevelRecordTypes_Test.Test_LevelFilter_NullRecord_ReturnsFalse" methodname="Test_LevelFilter_NullRecord_ReturnsFalse" classname="BoltSort.Tests.Unit.LevelData.LevelDataSystem_LevelRecordTypes_Test" runstate="Runnable" seed="26186488" result="Passed" start-time="2026-05-19 17:01:29Z" end-time="2026-05-19 17:01:29Z" duration="0.000363" asserts="0">
                  <properties />
                </test-case>
                <test-case id="1564" name="Test_SystemReadiness_Constructor_SetsAllFields" fullname="BoltSort.Tests.Unit.LevelData.LevelDataSystem_LevelRecordTypes_Test.Test_SystemReadiness_Constructor_SetsAllFields" methodname="Test_SystemReadiness_Constructor_SetsAllFields" classname="BoltSort.Tests.Unit.LevelData.LevelDataSystem_LevelRecordTypes_Test" runstate="Runnable" seed="1958668868" result="Passed" start-time="2026-05-19 17:01:29Z" end-time="2026-05-19 17:01:29Z" duration="0.000646" asserts="0">
                  <properties />
                </test-case>
                <test-case id="1565" name="Test_SystemReadiness_Degraded_HasDiagnosticCode" fullname="BoltSort.Tests.Unit.LevelData.LevelDataSystem_LevelRecordTypes_Test.Test_SystemReadiness_Degraded_HasDiagnosticCode" methodname="Test_SystemReadiness_Degraded_HasDiagnosticCode" classname="BoltSort.Tests.Unit.LevelData.LevelDataSystem_LevelRecordTypes_Test" runstate="Runnable" seed="675765381" result="Passed" start-time="2026-05-19 17:01:29Z" end-time="2026-05-19 17:01:29Z" duration="0.000445" asserts="0">
                  <properties />
                </test-case>
              </test-suite>
              <test-suite type="TestFixture" id="1579" name="ReloadAsync_Test" fullname="BoltSort.Tests.Unit.LevelData.ReloadAsync_Test" classname="BoltSort.Tests.Unit.LevelData.ReloadAsync_Test" runstate="Runnable" testcasecount="7" result="Passed" start-time="2026-05-19 17:01:29Z" end-time="2026-05-19 17:01:29Z" duration="0.019041" total="7" passed="7" failed="0" inconclusive="0" skipped="0" asserts="0">
                <properties />
                <test-case id="1583" name="Test_ReloadAsync_DuplicateCallWhileLoading_ReturnsSameTask" fullname="BoltSort.Tests.Unit.LevelData.ReloadAsync_Test.Test_ReloadAsync_DuplicateCallWhileLoading_ReturnsSameTask" methodname="Test_ReloadAsync_DuplicateCallWhileLoading_ReturnsSameTask" classname="BoltSort.Tests.Unit.LevelData.ReloadAsync_Test" runstate="Runnable" seed="2020805140" result="Passed" start-time="2026-05-19 17:01:29Z" end-time="2026-05-19 17:01:29Z" duration="0.006892" asserts="0">
                  <properties />
                </test-case>
                <test-case id="1586" name="Test_ReloadAsync_FiresOnLevelDataReady" fullname="BoltSort.Tests.Unit.LevelData.ReloadAsync_Test.Test_ReloadAsync_FiresOnLevelDataReady" methodname="Test_ReloadAsync_FiresOnLevelDataReady" classname="BoltSort.Tests.Unit.LevelData.ReloadAsync_Test" runstate="Runnable" seed="375203723" result="Passed" start-time="2026-05-19 17:01:29Z" end-time="2026-05-19 17:01:29Z" duration="0.001490" asserts="0">
                  <properties />
                </test-case>
                <test-case id="1584" name="Test_ReloadAsync_FromDegraded_TransitionsToReady" fullname="BoltSort.Tests.Unit.LevelData.ReloadAsync_Test.Test_ReloadAsync_FromDegraded_TransitionsToReady" methodname="Test_ReloadAsync_FromDegraded_TransitionsToReady" classname="BoltSort.Tests.Unit.LevelData.ReloadAsync_Test" runstate="Runnable" seed="1847056088" result="Passed" start-time="2026-05-19 17:01:29Z" end-time="2026-05-19 17:01:29Z" duration="0.001599" asserts="0">
                  <properties />
                </test-case>
                <test-case id="1581" name="Test_ReloadAsync_FromReady_GetterThrowsDuringReload" fullname="BoltSort.Tests.Unit.LevelData.ReloadAsync_Test.Test_ReloadAsync_FromReady_GetterThrowsDuringReload" methodname="Test_ReloadAsync_FromReady_GetterThrowsDuringReload" classname="BoltSort.Tests.Unit.LevelData.ReloadAsync_Test" runstate="Runnable" seed="106404146" result="Passed" start-time="2026-05-19 17:01:29Z" end-time="2026-05-19 17:01:29Z" duration="0.001455" asserts="0">
                  <properties />
                </test-case>
                <test-case id="1580" name="Test_ReloadAsync_FromUninitialized_ThrowsInvalidOperationException" fullname="BoltSort.Tests.Unit.LevelData.ReloadAsync_Test.Test_ReloadAsync_FromUninitialized_ThrowsInvalidOperationException" methodname="Test_ReloadAsync_FromUninitialized_ThrowsInvalidOperationException" classname="BoltSort.Tests.Unit.LevelData.ReloadAsync_Test" runstate="Runnable" seed="1597635138" result="Passed" start-time="2026-05-19 17:01:29Z" end-time="2026-05-19 17:01:29Z" duration="0.000788" asserts="0">
                  <properties />
                </test-case>
                <test-case id="1585" name="Test_ReloadAsync_LoadFails_TransitionsToDegraded" fullname="BoltSort.Tests.Unit.LevelData.ReloadAsync_Test.Test_ReloadAsync_LoadFails_TransitionsToDegraded" methodname="Test_ReloadAsync_LoadFails_TransitionsToDegraded" classname="BoltSort.Tests.Unit.LevelData.ReloadAsync_Test" runstate="Runnable" seed="24950719" result="Passed" start-time="2026-05-19 17:01:29Z" end-time="2026-05-19 17:01:29Z" duration="0.001322" asserts="0">
                  <properties />
                </test-case>
                <test-case id="1582" name="Test_ReloadAsync_ReplacesFullCatalogue" fullname="BoltSort.Tests.Unit.LevelData.ReloadAsync_Test.Test_ReloadAsync_ReplacesFullCatalogue" methodname="Test_ReloadAsync_ReplacesFullCatalogue" classname="BoltSort.Tests.Unit.LevelData.ReloadAsync_Test" runstate="Runnable" seed="174983451" result="Passed" start-time="2026-05-19 17:01:29Z" end-time="2026-05-19 17:01:29Z" duration="0.002056" asserts="0">
                  <properties />
                </test-case>
              </test-suite>
              <test-suite type="TestFixture" id="1587" name="Stage2Validation_Test" fullname="BoltSort.Tests.Unit.LevelData.Stage2Validation_Test" classname="BoltSort.Tests.Unit.LevelData.Stage2Validation_Test" runstate="Runnable" testcasecount="20" result="Passed" start-time="2026-05-19 17:01:29Z" end-time="2026-05-19 17:01:29Z" duration="0.017259" total="20" passed="20" failed="0" inconclusive="0" skipped="0" asserts="0">
                <properties />
                <test-case id="1598" name="Test_AddedVersionNonZeroPadded_ReturnsFalse_AddedVersion" fullname="BoltSort.Tests.Unit.LevelData.Stage2Validation_Test.Test_AddedVersionNonZeroPadded_ReturnsFalse_AddedVersion" methodname="Test_AddedVersionNonZeroPadded_ReturnsFalse_AddedVersion" classname="BoltSort.Tests.Unit.LevelData.Stage2Validation_Test" runstate="Runnable" seed="1632146755" result="Passed" start-time="2026-05-19 17:01:29Z" end-time="2026-05-19 17:01:29Z" duration="0.001103" asserts="0">
                  <properties />
                </test-case>
                <test-case id="1601" name="Test_AddedVersionTwoDigitMonth_ReturnsTrue" fullname="BoltSort.Tests.Unit.LevelData.Stage2Validation_Test.Test_AddedVersionTwoDigitMonth_ReturnsTrue" methodname="Test_AddedVersionTwoDigitMonth_ReturnsTrue" classname="BoltSort.Tests.Unit.LevelData.Stage2Validation_Test" runstate="Runnable" seed="1251117609" result="Passed" start-time="2026-05-19 17:01:29Z" end-time="2026-05-19 17:01:29Z" duration="0.000465" asserts="0">
                  <properties />
                </test-case>
                <test-case id="1600" name="Test_AddedVersionValidZeroPadded_ReturnsTrue" fullname="BoltSort.Tests.Unit.LevelData.Stage2Validation_Test.Test_AddedVersionValidZeroPadded_ReturnsTrue" methodname="Test_AddedVersionValidZeroPadded_ReturnsTrue" classname="BoltSort.Tests.Unit.LevelData.Stage2Validation_Test" runstate="Runnable" seed="1363467157" result="Passed" start-time="2026-05-19 17:01:29Z" end-time="2026-05-19 17:01:29Z" duration="0.000396" asserts="0">
                  <properties />
                </test-case>
                <test-case id="1599" name="Test_AddedVersionWrongFormat_ReturnsFalse_AddedVersion" fullname="BoltSort.Tests.Unit.LevelData.Stage2Validation_Test.Test_AddedVersionWrongFormat_ReturnsFalse_AddedVersion" methodname="Test_AddedVersionWrongFormat_ReturnsFalse_AddedVersion" classname="BoltSort.Tests.Unit.LevelData.Stage2Validation_Test" runstate="Runnable" seed="2029599787" result="Passed" start-time="2026-05-19 17:01:29Z" end-time="2026-05-19 17:01:29Z" duration="0.000347" asserts="0">
                  <properties />
                </test-case>
                <test-case id="1591" name="Test_BoltCountWrongPerColor_ReturnsFalse_ColorStacks" fullname="BoltSort.Tests.Unit.LevelData.Stage2Validation_Test.Test_BoltCountWrongPerColor_ReturnsFalse_ColorStacks" methodname="Test_BoltCountWrongPerColor_ReturnsFalse_ColorStacks" classname="BoltSort.Tests.Unit.LevelData.Stage2Validation_Test" runstate="Runnable" seed="1933370591" result="Passed" start-time="2026-05-19 17:01:29Z" end-time="2026-05-19 17:01:29Z" duration="0.000548" asserts="0">
                  <properties />
                </test-case>
                <test-case id="1590" name="Test_BoltCountWrongTotal_ReturnsFalse_ColorStacks" fullname="BoltSort.Tests.Unit.LevelData.Stage2Validation_Test.Test_BoltCountWrongTotal_ReturnsFalse_ColorStacks" methodname="Test_BoltCountWrongTotal_ReturnsFalse_ColorStacks" classname="BoltSort.Tests.Unit.LevelData.Stage2Validation_Test" runstate="Runnable" seed="598699106" result="Passed" start-time="2026-05-19 17:01:29Z" end-time="2026-05-19 17:01:29Z" duration="0.000493" asserts="0">
                  <properties />
                </test-case>
                <test-case id="1594" name="Test_ColorIdOutOfRange_ReturnsFalse_ColorStacks" fullname="BoltSort.Tests.Unit.LevelData.Stage2Validation_Test.Test_ColorIdOutOfRange_ReturnsFalse_ColorStacks" methodname="Test_ColorIdOutOfRange_ReturnsFalse_ColorStacks" classname="BoltSort.Tests.Unit.LevelData.Stage2Validation_Test" runstate="Runnable" seed="357448763" result="Passed" start-time="2026-05-19 17:01:29Z" end-time="2026-05-19 17:01:29Z" duration="0.000428" asserts="0">
                  <properties />
                </test-case>
                <test-case id="1589" name="Test_ColorStacksNull_ReturnsFalse_ColorStacks" fullname="BoltSort.Tests.Unit.LevelData.Stage2Validation_Test.Test_ColorStacksNull_ReturnsFalse_ColorStacks" methodname="Test_ColorStacksNull_ReturnsFalse_ColorStacks" classname="BoltSort.Tests.Unit.LevelData.Stage2Validation_Test" runstate="Runnable" seed="2019783048" result="Passed" start-time="2026-05-19 17:01:29Z" end-time="2026-05-19 17:01:29Z" duration="0.000571" asserts="0">
                  <properties />
                </test-case>
                <test-case id="1607" name="Test_DifficultyTier3WithHintOverrideZero_ReturnsTrue" fullname="BoltSort.Tests.Unit.LevelData.Stage2Validation_Test.Test_DifficultyTier3WithHintOverrideZero_ReturnsTrue" methodname="Test_DifficultyTier3WithHintOverrideZero_ReturnsTrue" classname="BoltSort.Tests.Unit.LevelData.Stage2Validation_Test" runstate="Runnable" seed="1959810530" result="Passed" start-time="2026-05-19 17:01:29Z" end-time="2026-05-19 17:01:29Z" duration="0.000372" asserts="0">
                  <properties />
                </test-case>
                <test-case id="1602" name="Test_DisplayNameEmpty_ReturnsFalse_DisplayName" fullname="BoltSort.Tests.Unit.LevelData.Stage2Validation_Test.Test_DisplayNameEmpty_ReturnsFalse_DisplayName" methodname="Test_DisplayNameEmpty_ReturnsFalse_DisplayName" classname="BoltSort.Tests.Unit.LevelData.Stage2Validation_Test" runstate="Runnable" seed="1774639240" result="Passed" start-time="2026-05-19 17:01:29Z" end-time="2026-05-19 17:01:29Z" duration="0.000489" asserts="0">
                  <properties />
                </test-case>
                <test-case id="1603" name="Test_HintOverrideNull_ReturnsTrue_NotCoercedToZero" fullname="BoltSort.Tests.Unit.LevelData.Stage2Validation_Test.Test_HintOverrideNull_ReturnsTrue_NotCoercedToZero" methodname="Test_HintOverrideNull_ReturnsTrue_NotCoercedToZero" classname="BoltSort.Tests.Unit.LevelData.Stage2Validation_Test" runstate="Runnable" seed="815450264" result="Passed" start-time="2026-05-19 17:01:29Z" end-time="2026-05-19 17:01:29Z" duration="0.000619" asserts="0">
                  <properties />
                </test-case>
                <test-case id="1592" name="Test_HintOverrideZero_DifficultyTier3_ReturnsTrue" fullname="BoltSort.Tests.Unit.LevelData.Stage2Validation_Test.Test_HintOverrideZero_DifficultyTier3_ReturnsTrue" methodname="Test_HintOverrideZero_DifficultyTier3_ReturnsTrue" classname="BoltSort.Tests.Unit.LevelData.Stage2Validation_Test" runstate="Runnable" seed="1558013718" result="Passed" start-time="2026-05-19 17:01:29Z" end-time="2026-05-19 17:01:29Z" duration="0.000473" asserts="0">
                  <properties />
                </test-case>
                <test-case id="1606" name="Test_LowDifficultyWithHintOverrideZero_ReturnsFalse_HintOverride" fullname="BoltSort.Tests.Unit.LevelData.Stage2Validation_Test.Test_LowDifficultyWithHintOverrideZero_ReturnsFalse_HintOverride" methodname="Test_LowDifficultyWithHintOverrideZero_ReturnsFalse_HintOverride" classname="BoltSort.Tests.Unit.LevelData.Stage2Validation_Test" runstate="Runnable" seed="478891991" result="Passed" start-time="2026-05-19 17:01:29Z" end-time="2026-05-19 17:01:29Z" duration="0.000597" asserts="0">
                  <properties />
                </test-case>
                <test-case id="1595" name="Test_ParMovesAbsent_ReturnsFalse_ParMoves" fullname="BoltSort.Tests.Unit.LevelData.Stage2Validation_Test.Test_ParMovesAbsent_ReturnsFalse_ParMoves" methodname="Test_ParMovesAbsent_ReturnsFalse_ParMoves" classname="BoltSort.Tests.Unit.LevelData.Stage2Validation_Test" runstate="Runnable" seed="1385699811" result="Passed" start-time="2026-05-19 17:01:29Z" end-time="2026-05-19 17:01:29Z" duration="0.001014" asserts="0">
                  <properties />
                </test-case>
                <test-case id="1597" name="Test_ParMovesOne_ReturnsTrue" fullname="BoltSort.Tests.Unit.LevelData.Stage2Validation_Test.Test_ParMovesOne_ReturnsTrue" methodname="Test_ParMovesOne_ReturnsTrue" classname="BoltSort.Tests.Unit.LevelData.Stage2Validation_Test" runstate="Runnable" seed="1687593246" result="Passed" start-time="2026-05-19 17:01:29Z" end-time="2026-05-19 17:01:29Z" duration="0.000517" asserts="0">
                  <properties />
                </test-case>
                <test-case id="1596" name="Test_ParMovesZero_ReturnsFalse_ParMoves" fullname="BoltSort.Tests.Unit.LevelData.Stage2Validation_Test.Test_ParMovesZero_ReturnsFalse_ParMoves" methodname="Test_ParMovesZero_ReturnsFalse_ParMoves" classname="BoltSort.Tests.Unit.LevelData.Stage2Validation_Test" runstate="Runnable" seed="719812032" result="Passed" start-time="2026-05-19 17:01:29Z" end-time="2026-05-19 17:01:29Z" duration="0.000580" asserts="0">
                  <properties />
                </test-case>
                <test-case id="1593" name="Test_TutorialAndDailyEligible_ReturnsFalse_DailyChallenge" fullname="BoltSort.Tests.Unit.LevelData.Stage2Validation_Test.Test_TutorialAndDailyEligible_ReturnsFalse_DailyChallenge" methodname="Test_TutorialAndDailyEligible_ReturnsFalse_DailyChallenge" classname="BoltSort.Tests.Unit.LevelData.Stage2Validation_Test" runstate="Runnable" seed="1887734005" result="Passed" start-time="2026-05-19 17:01:29Z" end-time="2026-05-19 17:01:29Z" duration="0.000537" asserts="0">
                  <properties />
                </test-case>
                <test-case id="1605" name="Test_TutorialWithHintOverrideZero_ReturnsFalse_HintOverride" fullname="BoltSort.Tests.Unit.LevelData.Stage2Validation_Test.Test_TutorialWithHintOverrideZero_ReturnsFalse_HintOverride" methodname="Test_TutorialWithHintOverrideZero_ReturnsFalse_HintOverride" classname="BoltSort.Tests.Unit.LevelData.Stage2Validation_Test" runstate="Runnable" seed="1671795501" result="Passed" start-time="2026-05-19 17:01:29Z" end-time="2026-05-19 17:01:29Z" duration="0.000437" asserts="0">
                  <properties />
                </test-case>
                <test-case id="1604" name="Test_UnknownSchemaVersion_ReturnsVersionMismatch" fullname="BoltSort.Tests.Unit.LevelData.Stage2Validation_Test.Test_UnknownSchemaVersion_ReturnsVersionMismatch" methodname="Test_UnknownSchemaVersion_ReturnsVersionMismatch" classname="BoltSort.Tests.Unit.LevelData.Stage2Validation_Test" runstate="Runnable" seed="2127712566" result="Passed" start-time="2026-05-19 17:01:29Z" end-time="2026-05-19 17:01:29Z" duration="0.000478" asserts="0">
                  <properties />
                </test-case>
                <test-case id="1588" name="Test_ValidRecord_ReturnsTrue" fullname="BoltSort.Tests.Unit.LevelData.Stage2Validation_Test.Test_ValidRecord_ReturnsTrue" methodname="Test_ValidRecord_ReturnsTrue" classname="BoltSort.Tests.Unit.LevelData.Stage2Validation_Test" runstate="Runnable" seed="1670830354" result="Passed" start-time="2026-05-19 17:01:29Z" end-time="2026-05-19 17:01:29Z" duration="0.000354" asserts="0">
                  <properties />
                </test-case>
              </test-suite>
            </test-suite>
          </test-suite>
        </test-suite>
      </test-suite>
    </test-suite>
    <test-suite type="Assembly" id="1707" name="Tests.Unit.SortMechanic.dll" fullname="C:/Users/dvsma/Desktop/boltsort/My project/Library/ScriptAssemblies/Tests.Unit.SortMechanic.dll" runstate="Runnable" testcasecount="89" result="Passed" start-time="2026-05-19 17:01:29Z" end-time="2026-05-19 17:01:30Z" duration="0.204308" total="89" passed="89" failed="0" inconclusive="0" skipped="0" asserts="0">
      <properties>
        <property name="_PID" value="6620" />
        <property name="_APPDOMAIN" value="Unity Child Domain" />
        <property name="platform" value="EditMode" />
      </properties>
      <test-suite type="TestSuite" id="1708" name="BoltSort" fullname="BoltSort" runstate="Runnable" testcasecount="89" result="Passed" start-time="2026-05-19 17:01:29Z" end-time="2026-05-19 17:01:30Z" duration="0.201546" total="89" passed="89" failed="0" inconclusive="0" skipped="0" asserts="0">
        <properties />
        <test-suite type="TestSuite" id="1709" name="Tests" fullname="BoltSort.Tests" runstate="Runnable" testcasecount="89" result="Passed" start-time="2026-05-19 17:01:29Z" end-time="2026-05-19 17:01:30Z" duration="0.196421" total="89" passed="89" failed="0" inconclusive="0" skipped="0" asserts="0">
          <properties />
          <test-suite type="TestSuite" id="1710" name="Unit" fullname="BoltSort.Tests.Unit" runstate="Runnable" testcasecount="89" result="Passed" start-time="2026-05-19 17:01:29Z" end-time="2026-05-19 17:01:30Z" duration="0.190268" total="89" passed="89" failed="0" inconclusive="0" skipped="0" asserts="0">
            <properties />
            <test-suite type="TestSuite" id="1711" name="SortMechanic" fullname="BoltSort.Tests.Unit.SortMechanic" runstate="Runnable" testcasecount="89" result="Passed" start-time="2026-05-19 17:01:29Z" end-time="2026-05-19 17:01:30Z" duration="0.184815" total="89" passed="89" failed="0" inconclusive="0" skipped="0" asserts="0">
              <properties />
              <test-suite type="TestFixture" id="1633" name="SortMechanic_Deadlock_Test" fullname="BoltSort.Tests.Unit.SortMechanic.SortMechanic_Deadlock_Test" classname="BoltSort.Tests.Unit.SortMechanic.SortMechanic_Deadlock_Test" runstate="Runnable" testcasecount="8" result="Passed" start-time="2026-05-19 17:01:29Z" end-time="2026-05-19 17:01:29Z" duration="0.026627" total="8" passed="8" failed="0" inconclusive="0" skipped="0" asserts="0">
                <properties />
                <test-case id="1636" name="AC22_AnimationComplete_DeadlockThenBufferedTap_CorrectOrder" fullname="BoltSort.Tests.Unit.SortMechanic.SortMechanic_Deadlock_Test.AC22_AnimationComplete_DeadlockThenBufferedTap_CorrectOrder" methodname="AC22_AnimationComplete_DeadlockThenBufferedTap_CorrectOrder" classname="BoltSort.Tests.Unit.SortMechanic.SortMechanic_Deadlock_Test" runstate="Runnable" seed="532722120" result="Passed" start-time="2026-05-19 17:01:29Z" end-time="2026-05-19 17:01:29Z" duration="0.004462" asserts="0">
                  <properties />
                  <output><![CDATA[You are trying to create a MonoBehaviour using the 'new' keyword.  This is not allowed.  MonoBehaviours can only be added using AddComponent(). Alternatively, your script can inherit from ScriptableObject or no base class at all
]]></output>
                </test-case>
                <test-case id="1637" name="AC22_DeadlockBeforeBufferedTap_VerifiedByStateSequence" fullname="BoltSort.Tests.Unit.SortMechanic.SortMechanic_Deadlock_Test.AC22_DeadlockBeforeBufferedTap_VerifiedByStateSequence" methodname="AC22_DeadlockBeforeBufferedTap_VerifiedByStateSequence" classname="BoltSort.Tests.Unit.SortMechanic.SortMechanic_Deadlock_Test" runstate="Runnable" seed="1374665670" result="Passed" start-time="2026-05-19 17:01:29Z" end-time="2026-05-19 17:01:29Z" duration="0.001642" asserts="0">
                  <properties />
                  <output><![CDATA[You are trying to create a MonoBehaviour using the 'new' keyword.  This is not allowed.  MonoBehaviours can only be added using AddComponent(). Alternatively, your script can inherit from ScriptableObject or no base class at all
]]></output>
                </test-case>
                <test-case id="1640" name="AnimationComplete_Idle_AllTempSlotsFull_InterlockStacks_EmitsDeadlockDetected" fullname="BoltSort.Tests.Unit.SortMechanic.SortMechanic_Deadlock_Test.AnimationComplete_Idle_AllTempSlotsFull_InterlockStacks_EmitsDeadlockDetected" methodname="AnimationComplete_Idle_AllTempSlotsFull_InterlockStacks_EmitsDeadlockDetected" classname="BoltSort.Tests.Unit.SortMechanic.SortMechanic_Deadlock_Test" runstate="Runnable" seed="889674682" result="Passed" start-time="2026-05-19 17:01:29Z" end-time="2026-05-19 17:01:29Z" duration="0.001895" asserts="0">
                  <properties />
                  <output><![CDATA[You are trying to create a MonoBehaviour using the 'new' keyword.  This is not allowed.  MonoBehaviours can only be added using AddComponent(). Alternatively, your script can inherit from ScriptableObject or no base class at all
]]></output>
                </test-case>
                <test-case id="1634" name="AnimationComplete_Idle_DeadlockedBoard_EmitsDeadlockDetected" fullname="BoltSort.Tests.Unit.SortMechanic.SortMechanic_Deadlock_Test.AnimationComplete_Idle_DeadlockedBoard_EmitsDeadlockDetected" methodname="AnimationComplete_Idle_DeadlockedBoard_EmitsDeadlockDetected" classname="BoltSort.Tests.Unit.SortMechanic.SortMechanic_Deadlock_Test" runstate="Runnable" seed="1900468128" result="Passed" start-time="2026-05-19 17:01:29Z" end-time="2026-05-19 17:01:29Z" duration="0.001182" asserts="0">
                  <properties />
                  <output><![CDATA[You are trying to create a MonoBehaviour using the 'new' keyword.  This is not allowed.  MonoBehaviours can only be added using AddComponent(). Alternatively, your script can inherit from ScriptableObject or no base class at all
]]></output>
                </test-case>
                <test-case id="1635" name="AnimationComplete_Idle_LegalMoveExists_NoDeadlockDetected" fullname="BoltSort.Tests.Unit.SortMechanic.SortMechanic_Deadlock_Test.AnimationComplete_Idle_LegalMoveExists_NoDeadlockDetected" methodname="AnimationComplete_Idle_LegalMoveExists_NoDeadlockDetected" classname="BoltSort.Tests.Unit.SortMechanic.SortMechanic_Deadlock_Test" runstate="Runnable" seed="1684785328" result="Passed" start-time="2026-05-19 17:01:29Z" end-time="2026-05-19 17:01:29Z" duration="0.005124" asserts="0">
                  <properties />
                  <output><![CDATA[You are trying to create a MonoBehaviour using the 'new' keyword.  This is not allowed.  MonoBehaviours can only be added using AddComponent(). Alternatively, your script can inherit from ScriptableObject or no base class at all
]]></output>
                </test-case>
                <test-case id="1641" name="AnimationComplete_NearDeadlock_TempSlotProvidesEscape_NoDeadlock" fullname="BoltSort.Tests.Unit.SortMechanic.SortMechanic_Deadlock_Test.AnimationComplete_NearDeadlock_TempSlotProvidesEscape_NoDeadlock" methodname="AnimationComplete_NearDeadlock_TempSlotProvidesEscape_NoDeadlock" classname="BoltSort.Tests.Unit.SortMechanic.SortMechanic_Deadlock_Test" runstate="Runnable" seed="2018363598" result="Passed" start-time="2026-05-19 17:01:29Z" end-time="2026-05-19 17:01:29Z" duration="0.002013" asserts="0">
                  <properties />
                  <output><![CDATA[You are trying to create a MonoBehaviour using the 'new' keyword.  This is not allowed.  MonoBehaviours can only be added using AddComponent(). Alternatively, your script can inherit from ScriptableObject or no base class at all
]]></output>
                </test-case>
                <test-case id="1638" name="AnimationComplete_WinPath_NoDeadlockDetected" fullname="BoltSort.Tests.Unit.SortMechanic.SortMechanic_Deadlock_Test.AnimationComplete_WinPath_NoDeadlockDetected" methodname="AnimationComplete_WinPath_NoDeadlockDetected" classname="BoltSort.Tests.Unit.SortMechanic.SortMechanic_Deadlock_Test" runstate="Runnable" seed="1563844918" result="Passed" start-time="2026-05-19 17:01:29Z" end-time="2026-05-19 17:01:29Z" duration="0.001903" asserts="0">
                  <properties />
                  <output><![CDATA[You are trying to create a MonoBehaviour using the 'new' keyword.  This is not allowed.  MonoBehaviours can only be added using AddComponent(). Alternatively, your script can inherit from ScriptableObject or no base class at all
]]></output>
                </test-case>
                <test-case id="1639" name="Watchdog_DeadlockedBoard_NoDeadlockEmitted" fullname="BoltSort.Tests.Unit.SortMechanic.SortMechanic_Deadlock_Test.Watchdog_DeadlockedBoard_NoDeadlockEmitted" methodname="Watchdog_DeadlockedBoard_NoDeadlockEmitted" classname="BoltSort.Tests.Unit.SortMechanic.SortMechanic_Deadlock_Test" runstate="Runnable" seed="113465848" result="Passed" start-time="2026-05-19 17:01:29Z" end-time="2026-05-19 17:01:29Z" duration="0.001666" asserts="0">
                  <properties />
                  <output><![CDATA[You are trying to create a MonoBehaviour using the 'new' keyword.  This is not allowed.  MonoBehaviours can only be added using AddComponent(). Alternatively, your script can inherit from ScriptableObject or no base class at all
]]></output>
                </test-case>
              </test-suite>
              <test-suite type="TestFixture" id="1613" name="SortMechanic_Fsm_Test" fullname="BoltSort.Tests.Unit.SortMechanic.SortMechanic_Fsm_Test" classname="BoltSort.Tests.Unit.SortMechanic.SortMechanic_Fsm_Test" runstate="Runnable" testcasecount="19" result="Passed" start-time="2026-05-19 17:01:29Z" end-time="2026-05-19 17:01:29Z" duration="0.031027" total="19" passed="19" failed="0" inconclusive="0" skipped="0" asserts="0">
                <properties />
                <test-case id="1629" name="Test_BoltSelected_Cancellation_EmitsMoveCancelledNotMoveCommitted" fullname="BoltSort.Tests.Unit.SortMechanic.SortMechanic_Fsm_Test.Test_BoltSelected_Cancellation_EmitsMoveCancelledNotMoveCommitted" methodname="Test_BoltSelected_Cancellation_EmitsMoveCancelledNotMoveCommitted" classname="BoltSort.Tests.Unit.SortMechanic.SortMechanic_Fsm_Test" runstate="Runnable" seed="1061178748" result="Passed" start-time="2026-05-19 17:01:29Z" end-time="2026-05-19 17:01:29Z" duration="0.003210" asserts="0">
                  <properties />
                </test-case>
                <test-case id="1628" name="Test_BoltSelected_LegalDestination_EmitsMoveCommitted" fullname="BoltSort.Tests.Unit.SortMechanic.SortMechanic_Fsm_Test.Test_BoltSelected_LegalDestination_EmitsMoveCommitted" methodname="Test_BoltSelected_LegalDestination_EmitsMoveCommitted" classname="BoltSort.Tests.Unit.SortMechanic.SortMechanic_Fsm_Test" runstate="Runnable" seed="1789397090" result="Passed" start-time="2026-05-19 17:01:29Z" end-time="2026-05-19 17:01:29Z" duration="0.002146" asserts="0">
                  <properties />
                </test-case>
                <test-case id="1626" name="Test_BoltSelected_TapEmptySpace_CancelsAndEmitsMoveCancelled" fullname="BoltSort.Tests.Unit.SortMechanic.SortMechanic_Fsm_Test.Test_BoltSelected_TapEmptySpace_CancelsAndEmitsMoveCancelled" methodname="Test_BoltSelected_TapEmptySpace_CancelsAndEmitsMoveCancelled" classname="BoltSort.Tests.Unit.SortMechanic.SortMechanic_Fsm_Test" runstate="Runnable" seed="1166406745" result="Passed" start-time="2026-05-19 17:01:29Z" end-time="2026-05-19 17:01:29Z" duration="0.000821" asserts="0">
                  <properties />
                </test-case>
                <test-case id="1624" name="Test_BoltSelected_TapSource_CancelsAndEmitsMoveCancelled" fullname="BoltSort.Tests.Unit.SortMechanic.SortMechanic_Fsm_Test.Test_BoltSelected_TapSource_CancelsAndEmitsMoveCancelled" methodname="Test_BoltSelected_TapSource_CancelsAndEmitsMoveCancelled" classname="BoltSort.Tests.Unit.SortMechanic.SortMechanic_Fsm_Test" runstate="Runnable" seed="963252173" result="Passed" start-time="2026-05-19 17:01:29Z" end-time="2026-05-19 17:01:29Z" duration="0.001328" asserts="0">
                  <properties />
                </test-case>
                <test-case id="1625" name="Test_BoltSelected_TapSource_MoveCancelledParametersCorrect" fullname="BoltSort.Tests.Unit.SortMechanic.SortMechanic_Fsm_Test.Test_BoltSelected_TapSource_MoveCancelledParametersCorrect" methodname="Test_BoltSelected_TapSource_MoveCancelledParametersCorrect" classname="BoltSort.Tests.Unit.SortMechanic.SortMechanic_Fsm_Test" runstate="Runnable" seed="850856576" result="Passed" start-time="2026-05-19 17:01:29Z" end-time="2026-05-19 17:01:29Z" duration="0.000818" asserts="0">
                  <properties />
                </test-case>
                <test-case id="1627" name="Test_Cancellation_ExitsToIdle_Synchronously" fullname="BoltSort.Tests.Unit.SortMechanic.SortMechanic_Fsm_Test.Test_Cancellation_ExitsToIdle_Synchronously" methodname="Test_Cancellation_ExitsToIdle_Synchronously" classname="BoltSort.Tests.Unit.SortMechanic.SortMechanic_Fsm_Test" runstate="Runnable" seed="762603365" result="Passed" start-time="2026-05-19 17:01:29Z" end-time="2026-05-19 17:01:29Z" duration="0.000892" asserts="0">
                  <properties />
                </test-case>
                <test-case id="1622" name="Test_Idle_TapEmptyStack_NoEventNoStateChange" fullname="BoltSort.Tests.Unit.SortMechanic.SortMechanic_Fsm_Test.Test_Idle_TapEmptyStack_NoEventNoStateChange" methodname="Test_Idle_TapEmptyStack_NoEventNoStateChange" classname="BoltSort.Tests.Unit.SortMechanic.SortMechanic_Fsm_Test" runstate="Runnable" seed="1519946800" result="Passed" start-time="2026-05-19 17:01:29Z" end-time="2026-05-19 17:01:29Z" duration="0.001632" asserts="0">
                  <properties />
                </test-case>
                <test-case id="1623" name="Test_Idle_TapNonEmptyStack_EntersBoltSelected" fullname="BoltSort.Tests.Unit.SortMechanic.SortMechanic_Fsm_Test.Test_Idle_TapNonEmptyStack_EntersBoltSelected" methodname="Test_Idle_TapNonEmptyStack_EntersBoltSelected" classname="BoltSort.Tests.Unit.SortMechanic.SortMechanic_Fsm_Test" runstate="Runnable" seed="962819695" result="Passed" start-time="2026-05-19 17:01:29Z" end-time="2026-05-19 17:01:29Z" duration="0.000853" asserts="0">
                  <properties />
                </test-case>
                <test-case id="1619" name="Test_Init_PhantomColorId_EmitsLevelLoadFailed" fullname="BoltSort.Tests.Unit.SortMechanic.SortMechanic_Fsm_Test.Test_Init_PhantomColorId_EmitsLevelLoadFailed" methodname="Test_Init_PhantomColorId_EmitsLevelLoadFailed" classname="BoltSort.Tests.Unit.SortMechanic.SortMechanic_Fsm_Test" runstate="Runnable" seed="1170656117" result="Passed" start-time="2026-05-19 17:01:29Z" end-time="2026-05-19 17:01:29Z" duration="0.001694" asserts="0">
                  <properties />
                </test-case>
                <test-case id="1620" name="Test_Init_PhantomColorId_InTempSlot_EmitsLevelLoadFailed" fullname="BoltSort.Tests.Unit.SortMechanic.SortMechanic_Fsm_Test.Test_Init_PhantomColorId_InTempSlot_EmitsLevelLoadFailed" methodname="Test_Init_PhantomColorId_InTempSlot_EmitsLevelLoadFailed" classname="BoltSort.Tests.Unit.SortMechanic.SortMechanic_Fsm_Test" runstate="Runnable" seed="1463957314" result="Passed" start-time="2026-05-19 17:01:29Z" end-time="2026-05-19 17:01:29Z" duration="0.001076" asserts="0">
                  <properties />
                </test-case>
                <test-case id="1616" name="Test_Init_StackLengthMismatch_BlocksAllInput" fullname="BoltSort.Tests.Unit.SortMechanic.SortMechanic_Fsm_Test.Test_Init_StackLengthMismatch_BlocksAllInput" methodname="Test_Init_StackLengthMismatch_BlocksAllInput" classname="BoltSort.Tests.Unit.SortMechanic.SortMechanic_Fsm_Test" runstate="Runnable" seed="1088009477" result="Passed" start-time="2026-05-19 17:01:29Z" end-time="2026-05-19 17:01:29Z" duration="0.000969" asserts="0">
                  <properties />
                </test-case>
                <test-case id="1614" name="Test_Init_StackLengthMismatch_EmitsLevelLoadFailed" fullname="BoltSort.Tests.Unit.SortMechanic.SortMechanic_Fsm_Test.Test_Init_StackLengthMismatch_EmitsLevelLoadFailed" methodname="Test_Init_StackLengthMismatch_EmitsLevelLoadFailed" classname="BoltSort.Tests.Unit.SortMechanic.SortMechanic_Fsm_Test" runstate="Runnable" seed="470701406" result="Passed" start-time="2026-05-19 17:01:29Z" end-time="2026-05-19 17:01:29Z" duration="0.000920" asserts="0">
                  <properties />
                </test-case>
                <test-case id="1615" name="Test_Init_StackLengthMismatch_LoggerPayloadCarriesReason" fullname="BoltSort.Tests.Unit.SortMechanic.SortMechanic_Fsm_Test.Test_Init_StackLengthMismatch_LoggerPayloadCarriesReason" methodname="Test_Init_StackLengthMismatch_LoggerPayloadCarriesReason" classname="BoltSort.Tests.Unit.SortMechanic.SortMechanic_Fsm_Test" runstate="Runnable" seed="1860819382" result="Passed" start-time="2026-05-19 17:01:29Z" end-time="2026-05-19 17:01:29Z" duration="0.001479" asserts="0">
                  <properties />
                </test-case>
                <test-case id="1618" name="Test_Init_TempSlotDepthExceedsStackDepth_BlocksAllInput" fullname="BoltSort.Tests.Unit.SortMechanic.SortMechanic_Fsm_Test.Test_Init_TempSlotDepthExceedsStackDepth_BlocksAllInput" methodname="Test_Init_TempSlotDepthExceedsStackDepth_BlocksAllInput" classname="BoltSort.Tests.Unit.SortMechanic.SortMechanic_Fsm_Test" runstate="Runnable" seed="665926700" result="Passed" start-time="2026-05-19 17:01:29Z" end-time="2026-05-19 17:01:29Z" duration="0.000966" asserts="0">
                  <properties />
                </test-case>
                <test-case id="1617" name="Test_Init_TempSlotDepthExceedsStackDepth_EmitsLevelLoadFailed" fullname="BoltSort.Tests.Unit.SortMechanic.SortMechanic_Fsm_Test.Test_Init_TempSlotDepthExceedsStackDepth_EmitsLevelLoadFailed" methodname="Test_Init_TempSlotDepthExceedsStackDepth_EmitsLevelLoadFailed" classname="BoltSort.Tests.Unit.SortMechanic.SortMechanic_Fsm_Test" runstate="Runnable" seed="2083862394" result="Passed" start-time="2026-05-19 17:01:29Z" end-time="2026-05-19 17:01:29Z" duration="0.001119" asserts="0">
                  <properties />
                </test-case>
                <test-case id="1621" name="Test_Init_ValidBoard_FsmInIdleNoEvents" fullname="BoltSort.Tests.Unit.SortMechanic.SortMechanic_Fsm_Test.Test_Init_ValidBoard_FsmInIdleNoEvents" methodname="Test_Init_ValidBoard_FsmInIdleNoEvents" classname="BoltSort.Tests.Unit.SortMechanic.SortMechanic_Fsm_Test" runstate="Runnable" seed="1119476226" result="Passed" start-time="2026-05-19 17:01:29Z" end-time="2026-05-19 17:01:29Z" duration="0.000817" asserts="0">
                  <properties />
                </test-case>
                <test-case id="1630" name="Test_MoveCommitted_SequenceId_IsPositiveAndIncrementing" fullname="BoltSort.Tests.Unit.SortMechanic.SortMechanic_Fsm_Test.Test_MoveCommitted_SequenceId_IsPositiveAndIncrementing" methodname="Test_MoveCommitted_SequenceId_IsPositiveAndIncrementing" classname="BoltSort.Tests.Unit.SortMechanic.SortMechanic_Fsm_Test" runstate="Runnable" seed="2078060789" result="Passed" start-time="2026-05-19 17:01:29Z" end-time="2026-05-19 17:01:29Z" duration="0.000944" asserts="0">
                  <properties />
                </test-case>
                <test-case id="1631" name="Test_MoveExecuting_AdditionalTaps_Discarded" fullname="BoltSort.Tests.Unit.SortMechanic.SortMechanic_Fsm_Test.Test_MoveExecuting_AdditionalTaps_Discarded" methodname="Test_MoveExecuting_AdditionalTaps_Discarded" classname="BoltSort.Tests.Unit.SortMechanic.SortMechanic_Fsm_Test" runstate="Runnable" seed="229067331" result="Passed" start-time="2026-05-19 17:01:29Z" end-time="2026-05-19 17:01:29Z" duration="0.000944" asserts="0">
                  <properties />
                </test-case>
                <test-case id="1632" name="Test_RoundTrip_CancelThenCommit_StateClean" fullname="BoltSort.Tests.Unit.SortMechanic.SortMechanic_Fsm_Test.Test_RoundTrip_CancelThenCommit_StateClean" methodname="Test_RoundTrip_CancelThenCommit_StateClean" classname="BoltSort.Tests.Unit.SortMechanic.SortMechanic_Fsm_Test" runstate="Runnable" seed="321863628" result="Passed" start-time="2026-05-19 17:01:29Z" end-time="2026-05-19 17:01:29Z" duration="0.001330" asserts="0">
                  <properties />
                </test-case>
              </test-suite>
              <test-suite type="TestFixture" id="1642" name="SortMechanic_Input_Test" fullname="BoltSort.Tests.Unit.SortMechanic.SortMechanic_Input_Test" classname="BoltSort.Tests.Unit.SortMechanic.SortMechanic_Input_Test" runstate="Runnable" testcasecount="26" result="Passed" start-time="2026-05-19 17:01:29Z" end-time="2026-05-19 17:01:29Z" duration="0.047440" total="26" passed="26" failed="0" inconclusive="0" skipped="0" asserts="0">
                <properties />
                <test-case id="1653" name="BoltSelected_BackGesture_EmitsMoveCancelled" fullname="BoltSort.Tests.Unit.SortMechanic.SortMechanic_Input_Test.BoltSelected_BackGesture_EmitsMoveCancelled" methodname="BoltSelected_BackGesture_EmitsMoveCancelled" classname="BoltSort.Tests.Unit.SortMechanic.SortMechanic_Input_Test" runstate="Runnable" seed="1441700076" result="Passed" start-time="2026-05-19 17:01:29Z" end-time="2026-05-19 17:01:29Z" duration="0.001788" asserts="0">
                  <properties />
                  <output><![CDATA[You are trying to create a MonoBehaviour using the 'new' keyword.  This is not allowed.  MonoBehaviours can only be added using AddComponent(). Alternatively, your script can inherit from ScriptableObject or no base class at all
]]></output>
                </test-case>
                <test-case id="1654" name="BoltSelected_BackGesture_TransitionsToIdle" fullname="BoltSort.Tests.Unit.SortMechanic.SortMechanic_Input_Test.BoltSelected_BackGesture_TransitionsToIdle" methodname="BoltSelected_BackGesture_TransitionsToIdle" classname="BoltSort.Tests.Unit.SortMechanic.SortMechanic_Input_Test" runstate="Runnable" seed="652542775" result="Passed" start-time="2026-05-19 17:01:29Z" end-time="2026-05-19 17:01:29Z" duration="0.001241" asserts="0">
                  <properties />
                  <output><![CDATA[You are trying to create a MonoBehaviour using the 'new' keyword.  This is not allowed.  MonoBehaviours can only be added using AddComponent(). Alternatively, your script can inherit from ScriptableObject or no base class at all
]]></output>
                </test-case>
                <test-case id="1664" name="BoltSelected_TapNonExistentTempSlotIndex_ExecutesCancellation" fullname="BoltSort.Tests.Unit.SortMechanic.SortMechanic_Input_Test.BoltSelected_TapNonExistentTempSlotIndex_ExecutesCancellation" methodname="BoltSelected_TapNonExistentTempSlotIndex_ExecutesCancellation" classname="BoltSort.Tests.Unit.SortMechanic.SortMechanic_Input_Test" runstate="Runnable" seed="1309352754" result="Passed" start-time="2026-05-19 17:01:29Z" end-time="2026-05-19 17:01:29Z" duration="0.001656" asserts="0">
                  <properties />
                  <output><![CDATA[You are trying to create a MonoBehaviour using the 'new' keyword.  This is not allowed.  MonoBehaviours can only be added using AddComponent(). Alternatively, your script can inherit from ScriptableObject or no base class at all
]]></output>
                </test-case>
                <test-case id="1655" name="Idle_BackGesture_IsNoOp" fullname="BoltSort.Tests.Unit.SortMechanic.SortMechanic_Input_Test.Idle_BackGesture_IsNoOp" methodname="Idle_BackGesture_IsNoOp" classname="BoltSort.Tests.Unit.SortMechanic.SortMechanic_Input_Test" runstate="Runnable" seed="1946020925" result="Passed" start-time="2026-05-19 17:01:29Z" end-time="2026-05-19 17:01:29Z" duration="0.001392" asserts="0">
                  <properties />
                  <output><![CDATA[You are trying to create a MonoBehaviour using the 'new' keyword.  This is not allowed.  MonoBehaviours can only be added using AddComponent(). Alternatively, your script can inherit from ScriptableObject or no base class at all
]]></output>
                </test-case>
                <test-case id="1663" name="Idle_TapNonExistentTempSlotIndex_IsNoOp" fullname="BoltSort.Tests.Unit.SortMechanic.SortMechanic_Input_Test.Idle_TapNonExistentTempSlotIndex_IsNoOp" methodname="Idle_TapNonExistentTempSlotIndex_IsNoOp" classname="BoltSort.Tests.Unit.SortMechanic.SortMechanic_Input_Test" runstate="Runnable" seed="252809250" result="Passed" start-time="2026-05-19 17:01:29Z" end-time="2026-05-19 17:01:29Z" duration="0.002857" asserts="0">
                  <properties />
                  <output><![CDATA[You are trying to create a MonoBehaviour using the 'new' keyword.  This is not allowed.  MonoBehaviours can only be added using AddComponent(). Alternatively, your script can inherit from ScriptableObject or no base class at all
]]></output>
                </test-case>
                <test-case id="1666" name="InitializeBoard_ClearsBothPendingBuffers" fullname="BoltSort.Tests.Unit.SortMechanic.SortMechanic_Input_Test.InitializeBoard_ClearsBothPendingBuffers" methodname="InitializeBoard_ClearsBothPendingBuffers" classname="BoltSort.Tests.Unit.SortMechanic.SortMechanic_Input_Test" runstate="Runnable" seed="617838965" result="Passed" start-time="2026-05-19 17:01:29Z" end-time="2026-05-19 17:01:29Z" duration="0.001993" asserts="0">
                  <properties />
                  <output><![CDATA[You are trying to create a MonoBehaviour using the 'new' keyword.  This is not allowed.  MonoBehaviours can only be added using AddComponent(). Alternatively, your script can inherit from ScriptableObject or no base class at all
]]></output>
                </test-case>
                <test-case id="1668" name="InputBlocked_BackGesture_IsNoOp" fullname="BoltSort.Tests.Unit.SortMechanic.SortMechanic_Input_Test.InputBlocked_BackGesture_IsNoOp" methodname="InputBlocked_BackGesture_IsNoOp" classname="BoltSort.Tests.Unit.SortMechanic.SortMechanic_Input_Test" runstate="Runnable" seed="1064621266" result="Passed" start-time="2026-05-19 17:01:29Z" end-time="2026-05-19 17:01:29Z" duration="0.001707" asserts="0">
                  <properties />
                  <output><![CDATA[You are trying to create a MonoBehaviour using the 'new' keyword.  This is not allowed.  MonoBehaviours can only be added using AddComponent(). Alternatively, your script can inherit from ScriptableObject or no base class at all
]]></output>
                </test-case>
                <test-case id="1662" name="InvalidMove_MultipleAdditionalTaps_AllDiscarded" fullname="BoltSort.Tests.Unit.SortMechanic.SortMechanic_Input_Test.InvalidMove_MultipleAdditionalTaps_AllDiscarded" methodname="InvalidMove_MultipleAdditionalTaps_AllDiscarded" classname="BoltSort.Tests.Unit.SortMechanic.SortMechanic_Input_Test" runstate="Runnable" seed="620322659" result="Passed" start-time="2026-05-19 17:01:29Z" end-time="2026-05-19 17:01:29Z" duration="0.001505" asserts="0">
                  <properties />
                  <output><![CDATA[You are trying to create a MonoBehaviour using the 'new' keyword.  This is not allowed.  MonoBehaviours can only be added using AddComponent(). Alternatively, your script can inherit from ScriptableObject or no base class at all
]]></output>
                </test-case>
                <test-case id="1659" name="InvalidMove_OnRejectionAnimationComplete_BufferedSourceTap_ExecutesCancellation" fullname="BoltSort.Tests.Unit.SortMechanic.SortMechanic_Input_Test.InvalidMove_OnRejectionAnimationComplete_BufferedSourceTap_ExecutesCancellation" methodname="InvalidMove_OnRejectionAnimationComplete_BufferedSourceTap_ExecutesCancellation" classname="BoltSort.Tests.Unit.SortMechanic.SortMechanic_Input_Test" runstate="Runnable" seed="947163230" result="Passed" start-time="2026-05-19 17:01:29Z" end-time="2026-05-19 17:01:29Z" duration="0.001523" asserts="0">
                  <properties />
                  <output><![CDATA[You are trying to create a MonoBehaviour using the 'new' keyword.  This is not allowed.  MonoBehaviours can only be added using AddComponent(). Alternatively, your script can inherit from ScriptableObject or no base class at all
]]></output>
                </test-case>
                <test-case id="1657" name="InvalidMove_OnRejectionAnimationComplete_BufferedValidDestination_EmitsCommit" fullname="BoltSort.Tests.Unit.SortMechanic.SortMechanic_Input_Test.InvalidMove_OnRejectionAnimationComplete_BufferedValidDestination_EmitsCommit" methodname="InvalidMove_OnRejectionAnimationComplete_BufferedValidDestination_EmitsCommit" classname="BoltSort.Tests.Unit.SortMechanic.SortMechanic_Input_Test" runstate="Runnable" seed="1818395921" result="Passed" start-time="2026-05-19 17:01:29Z" end-time="2026-05-19 17:01:29Z" duration="0.001311" asserts="0">
                  <properties />
                  <output><![CDATA[You are trying to create a MonoBehaviour using the 'new' keyword.  This is not allowed.  MonoBehaviours can only be added using AddComponent(). Alternatively, your script can inherit from ScriptableObject or no base class at all
]]></output>
                </test-case>
                <test-case id="1658" name="InvalidMove_OnRejectionAnimationComplete_NoBuffer_ReturnsToBoltSelected" fullname="BoltSort.Tests.Unit.SortMechanic.SortMechanic_Input_Test.InvalidMove_OnRejectionAnimationComplete_NoBuffer_ReturnsToBoltSelected" methodname="InvalidMove_OnRejectionAnimationComplete_NoBuffer_ReturnsToBoltSelected" classname="BoltSort.Tests.Unit.SortMechanic.SortMechanic_Input_Test" runstate="Runnable" seed="233398966" result="Passed" start-time="2026-05-19 17:01:29Z" end-time="2026-05-19 17:01:29Z" duration="0.001441" asserts="0">
                  <properties />
                  <output><![CDATA[You are trying to create a MonoBehaviour using the 'new' keyword.  This is not allowed.  MonoBehaviours can only be added using AddComponent(). Alternatively, your script can inherit from ScriptableObject or no base class at all
]]></output>
                </test-case>
                <test-case id="1661" name="InvalidMove_SecondTap_DoesNotOverwriteFirstBuffer" fullname="BoltSort.Tests.Unit.SortMechanic.SortMechanic_Input_Test.InvalidMove_SecondTap_DoesNotOverwriteFirstBuffer" methodname="InvalidMove_SecondTap_DoesNotOverwriteFirstBuffer" classname="BoltSort.Tests.Unit.SortMechanic.SortMechanic_Input_Test" runstate="Runnable" seed="1569976441" result="Passed" start-time="2026-05-19 17:01:29Z" end-time="2026-05-19 17:01:29Z" duration="0.001600" asserts="0">
                  <properties />
                  <output><![CDATA[You are trying to create a MonoBehaviour using the 'new' keyword.  This is not allowed.  MonoBehaviours can only be added using AddComponent(). Alternatively, your script can inherit from ScriptableObject or no base class at all
]]></output>
                </test-case>
                <test-case id="1656" name="MoveExecuting_BackGesture_IsNoOp" fullname="BoltSort.Tests.Unit.SortMechanic.SortMechanic_Input_Test.MoveExecuting_BackGesture_IsNoOp" methodname="MoveExecuting_BackGesture_IsNoOp" classname="BoltSort.Tests.Unit.SortMechanic.SortMechanic_Input_Test" runstate="Runnable" seed="845672722" result="Passed" start-time="2026-05-19 17:01:29Z" end-time="2026-05-19 17:01:29Z" duration="0.001520" asserts="0">
                  <properties />
                  <output><![CDATA[You are trying to create a MonoBehaviour using the 'new' keyword.  This is not allowed.  MonoBehaviours can only be added using AddComponent(). Alternatively, your script can inherit from ScriptableObject or no base class at all
]]></output>
                </test-case>
                <test-case id="1647" name="MoveExecuting_FirstTap_SetsPendingBuffer" fullname="BoltSort.Tests.Unit.SortMechanic.SortMechanic_Input_Test.MoveExecuting_FirstTap_SetsPendingBuffer" methodname="MoveExecuting_FirstTap_SetsPendingBuffer" classname="BoltSort.Tests.Unit.SortMechanic.SortMechanic_Input_Test" runstate="Runnable" seed="87597395" result="Passed" start-time="2026-05-19 17:01:29Z" end-time="2026-05-19 17:01:29Z" duration="0.001190" asserts="0">
                  <properties />
                  <output><![CDATA[You are trying to create a MonoBehaviour using the 'new' keyword.  This is not allowed.  MonoBehaviours can only be added using AddComponent(). Alternatively, your script can inherit from ScriptableObject or no base class at all
]]></output>
                </test-case>
                <test-case id="1650" name="MoveExecuting_OnAnimationComplete_BufferedTapEmptyStack_StaysIdle" fullname="BoltSort.Tests.Unit.SortMechanic.SortMechanic_Input_Test.MoveExecuting_OnAnimationComplete_BufferedTapEmptyStack_StaysIdle" methodname="MoveExecuting_OnAnimationComplete_BufferedTapEmptyStack_StaysIdle" classname="BoltSort.Tests.Unit.SortMechanic.SortMechanic_Input_Test" runstate="Runnable" seed="81932499" result="Passed" start-time="2026-05-19 17:01:29Z" end-time="2026-05-19 17:01:29Z" duration="0.001506" asserts="0">
                  <properties />
                  <output><![CDATA[You are trying to create a MonoBehaviour using the 'new' keyword.  This is not allowed.  MonoBehaviours can only be added using AddComponent(). Alternatively, your script can inherit from ScriptableObject or no base class at all
]]></output>
                </test-case>
                <test-case id="1649" name="MoveExecuting_OnAnimationComplete_ClearsPendingTap" fullname="BoltSort.Tests.Unit.SortMechanic.SortMechanic_Input_Test.MoveExecuting_OnAnimationComplete_ClearsPendingTap" methodname="MoveExecuting_OnAnimationComplete_ClearsPendingTap" classname="BoltSort.Tests.Unit.SortMechanic.SortMechanic_Input_Test" runstate="Runnable" seed="1120286542" result="Passed" start-time="2026-05-19 17:01:29Z" end-time="2026-05-19 17:01:29Z" duration="0.001324" asserts="0">
                  <properties />
                  <output><![CDATA[You are trying to create a MonoBehaviour using the 'new' keyword.  This is not allowed.  MonoBehaviours can only be added using AddComponent(). Alternatively, your script can inherit from ScriptableObject or no base class at all
]]></output>
                </test-case>
                <test-case id="1665" name="MoveExecuting_OnAnimationComplete_StaleSeqId_IsNoOp" fullname="BoltSort.Tests.Unit.SortMechanic.SortMechanic_Input_Test.MoveExecuting_OnAnimationComplete_StaleSeqId_IsNoOp" methodname="MoveExecuting_OnAnimationComplete_StaleSeqId_IsNoOp" classname="BoltSort.Tests.Unit.SortMechanic.SortMechanic_Input_Test" runstate="Runnable" seed="1136343510" result="Passed" start-time="2026-05-19 17:01:29Z" end-time="2026-05-19 17:01:29Z" duration="0.001466" asserts="0">
                  <properties />
                  <output><![CDATA[You are trying to create a MonoBehaviour using the 'new' keyword.  This is not allowed.  MonoBehaviours can only be added using AddComponent(). Alternatively, your script can inherit from ScriptableObject or no base class at all
]]></output>
                </test-case>
                <test-case id="1648" name="MoveExecuting_SecondTap_DoesNotOverwriteBuffer" fullname="BoltSort.Tests.Unit.SortMechanic.SortMechanic_Input_Test.MoveExecuting_SecondTap_DoesNotOverwriteBuffer" methodname="MoveExecuting_SecondTap_DoesNotOverwriteBuffer" classname="BoltSort.Tests.Unit.SortMechanic.SortMechanic_Input_Test" runstate="Runnable" seed="1758224621" result="Passed" start-time="2026-05-19 17:01:29Z" end-time="2026-05-19 17:01:29Z" duration="0.001288" asserts="0">
                  <properties />
                  <output><![CDATA[You are trying to create a MonoBehaviour using the 'new' keyword.  This is not allowed.  MonoBehaviours can only be added using AddComponent(). Alternatively, your script can inherit from ScriptableObject or no base class at all
]]></output>
                </test-case>
                <test-case id="1643" name="MoveExecuting_SecondTap_EmitsNoAdditionalEvents" fullname="BoltSort.Tests.Unit.SortMechanic.SortMechanic_Input_Test.MoveExecuting_SecondTap_EmitsNoAdditionalEvents" methodname="MoveExecuting_SecondTap_EmitsNoAdditionalEvents" classname="BoltSort.Tests.Unit.SortMechanic.SortMechanic_Input_Test" runstate="Runnable" seed="93584988" result="Passed" start-time="2026-05-19 17:01:29Z" end-time="2026-05-19 17:01:29Z" duration="0.001228" asserts="0">
                  <properties />
                  <output><![CDATA[You are trying to create a MonoBehaviour using the 'new' keyword.  This is not allowed.  MonoBehaviours can only be added using AddComponent(). Alternatively, your script can inherit from ScriptableObject or no base class at all
]]></output>
                </test-case>
                <test-case id="1646" name="MoveExecuting_SecondTap_NoAdditionalMoveCommitted" fullname="BoltSort.Tests.Unit.SortMechanic.SortMechanic_Input_Test.MoveExecuting_SecondTap_NoAdditionalMoveCommitted" methodname="MoveExecuting_SecondTap_NoAdditionalMoveCommitted" classname="BoltSort.Tests.Unit.SortMechanic.SortMechanic_Input_Test" runstate="Runnable" seed="671610866" result="Passed" start-time="2026-05-19 17:01:29Z" end-time="2026-05-19 17:01:29Z" duration="0.001155" asserts="0">
                  <properties />
                  <output><![CDATA[You are trying to create a MonoBehaviour using the 'new' keyword.  This is not allowed.  MonoBehaviours can only be added using AddComponent(). Alternatively, your script can inherit from ScriptableObject or no base class at all
]]></output>
                </test-case>
                <test-case id="1645" name="MoveExecuting_SecondTap_StateRemainsMoveExecuting" fullname="BoltSort.Tests.Unit.SortMechanic.SortMechanic_Input_Test.MoveExecuting_SecondTap_StateRemainsMoveExecuting" methodname="MoveExecuting_SecondTap_StateRemainsMoveExecuting" classname="BoltSort.Tests.Unit.SortMechanic.SortMechanic_Input_Test" runstate="Runnable" seed="1328187067" result="Passed" start-time="2026-05-19 17:01:29Z" end-time="2026-05-19 17:01:29Z" duration="0.001298" asserts="0">
                  <properties />
                  <output><![CDATA[You are trying to create a MonoBehaviour using the 'new' keyword.  This is not allowed.  MonoBehaviours can only be added using AddComponent(). Alternatively, your script can inherit from ScriptableObject or no base class at all
]]></output>
                </test-case>
                <test-case id="1644" name="MoveExecuting_ThirdTap_EmitsNoAdditionalEvents" fullname="BoltSort.Tests.Unit.SortMechanic.SortMechanic_Input_Test.MoveExecuting_ThirdTap_EmitsNoAdditionalEvents" methodname="MoveExecuting_ThirdTap_EmitsNoAdditionalEvents" classname="BoltSort.Tests.Unit.SortMechanic.SortMechanic_Input_Test" runstate="Runnable" seed="2016853361" result="Passed" start-time="2026-05-19 17:01:29Z" end-time="2026-05-19 17:01:29Z" duration="0.001296" asserts="0">
                  <properties />
                  <output><![CDATA[You are trying to create a MonoBehaviour using the 'new' keyword.  This is not allowed.  MonoBehaviours can only be added using AddComponent(). Alternatively, your script can inherit from ScriptableObject or no base class at all
]]></output>
                </test-case>
                <test-case id="1651" name="MoveExecuting_Watchdog_DiscardsPendingTapWithoutFiring" fullname="BoltSort.Tests.Unit.SortMechanic.SortMechanic_Input_Test.MoveExecuting_Watchdog_DiscardsPendingTapWithoutFiring" methodname="MoveExecuting_Watchdog_DiscardsPendingTapWithoutFiring" classname="BoltSort.Tests.Unit.SortMechanic.SortMechanic_Input_Test" runstate="Runnable" seed="106367198" result="Passed" start-time="2026-05-19 17:01:29Z" end-time="2026-05-19 17:01:29Z" duration="0.001548" asserts="0">
                  <properties />
                  <output><![CDATA[You are trying to create a MonoBehaviour using the 'new' keyword.  This is not allowed.  MonoBehaviours can only be added using AddComponent(). Alternatively, your script can inherit from ScriptableObject or no base class at all
]]></output>
                </test-case>
                <test-case id="1667" name="OnAnimationComplete_WhenInIdle_IsNoOp" fullname="BoltSort.Tests.Unit.SortMechanic.SortMechanic_Input_Test.OnAnimationComplete_WhenInIdle_IsNoOp" methodname="OnAnimationComplete_WhenInIdle_IsNoOp" classname="BoltSort.Tests.Unit.SortMechanic.SortMechanic_Input_Test" runstate="Runnable" seed="353651504" result="Passed" start-time="2026-05-19 17:01:29Z" end-time="2026-05-19 17:01:29Z" duration="0.001401" asserts="0">
                  <properties />
                  <output><![CDATA[You are trying to create a MonoBehaviour using the 'new' keyword.  This is not allowed.  MonoBehaviours can only be added using AddComponent(). Alternatively, your script can inherit from ScriptableObject or no base class at all
]]></output>
                </test-case>
                <test-case id="1660" name="OnRejectionAnimationComplete_WhenNotInInvalidMove_IsNoOp" fullname="BoltSort.Tests.Unit.SortMechanic.SortMechanic_Input_Test.OnRejectionAnimationComplete_WhenNotInInvalidMove_IsNoOp" methodname="OnRejectionAnimationComplete_WhenNotInInvalidMove_IsNoOp" classname="BoltSort.Tests.Unit.SortMechanic.SortMechanic_Input_Test" runstate="Runnable" seed="1478819341" result="Passed" start-time="2026-05-19 17:01:29Z" end-time="2026-05-19 17:01:29Z" duration="0.001327" asserts="0">
                  <properties />
                  <output><![CDATA[You are trying to create a MonoBehaviour using the 'new' keyword.  This is not allowed.  MonoBehaviours can only be added using AddComponent(). Alternatively, your script can inherit from ScriptableObject or no base class at all
]]></output>
                </test-case>
                <test-case id="1652" name="Watchdog_WhenNotInMoveExecuting_IsNoOp" fullname="BoltSort.Tests.Unit.SortMechanic.SortMechanic_Input_Test.Watchdog_WhenNotInMoveExecuting_IsNoOp" methodname="Watchdog_WhenNotInMoveExecuting_IsNoOp" classname="BoltSort.Tests.Unit.SortMechanic.SortMechanic_Input_Test" runstate="Runnable" seed="1580741590" result="Passed" start-time="2026-05-19 17:01:29Z" end-time="2026-05-19 17:01:29Z" duration="0.001349" asserts="0">
                  <properties />
                  <output><![CDATA[You are trying to create a MonoBehaviour using the 'new' keyword.  This is not allowed.  MonoBehaviours can only be added using AddComponent(). Alternatively, your script can inherit from ScriptableObject or no base class at all
]]></output>
                </test-case>
              </test-suite>
              <test-suite type="TestFixture" id="1669" name="SortMechanic_Validation_Test" fullname="BoltSort.Tests.Unit.SortMechanic.SortMechanic_Validation_Test" classname="BoltSort.Tests.Unit.SortMechanic.SortMechanic_Validation_Test" runstate="Runnable" testcasecount="16" result="Passed" start-time="2026-05-19 17:01:29Z" end-time="2026-05-19 17:01:30Z" duration="0.032811" total="16" passed="16" failed="0" inconclusive="0" skipped="0" asserts="0">
                <properties />
                <test-case id="1672" name="BoltSelected_ColorMatchNotFull_EmitsMoveCommitted" fullname="BoltSort.Tests.Unit.SortMechanic.SortMechanic_Validation_Test.BoltSelected_ColorMatchNotFull_EmitsMoveCommitted" methodname="BoltSelected_ColorMatchNotFull_EmitsMoveCommitted" classname="BoltSort.Tests.Unit.SortMechanic.SortMechanic_Validation_Test" runstate="Runnable" seed="1522476281" result="Passed" start-time="2026-05-19 17:01:29Z" end-time="2026-05-19 17:01:29Z" duration="0.002396" asserts="0">
                  <properties />
                  <output><![CDATA[You are trying to create a MonoBehaviour using the 'new' keyword.  This is not allowed.  MonoBehaviours can only be added using AddComponent(). Alternatively, your script can inherit from ScriptableObject or no base class at all
]]></output>
                </test-case>
                <test-case id="1675" name="BoltSelected_ColorMismatch_AfterRejectionAnimation_ReturnsToBoltSelected" fullname="BoltSort.Tests.Unit.SortMechanic.SortMechanic_Validation_Test.BoltSelected_ColorMismatch_AfterRejectionAnimation_ReturnsToBoltSelected" methodname="BoltSelected_ColorMismatch_AfterRejectionAnimation_ReturnsToBoltSelected" classname="BoltSort.Tests.Unit.SortMechanic.SortMechanic_Validation_Test" runstate="Runnable" seed="4975371" result="Passed" start-time="2026-05-19 17:01:29Z" end-time="2026-05-19 17:01:29Z" duration="0.001944" asserts="0">
                  <properties />
                  <output><![CDATA[You are trying to create a MonoBehaviour using the 'new' keyword.  This is not allowed.  MonoBehaviours can only be added using AddComponent(). Alternatively, your script can inherit from ScriptableObject or no base class at all
]]></output>
                </test-case>
                <test-case id="1673" name="BoltSelected_ColorMismatch_EmitsMoveRejected_ColorMismatch" fullname="BoltSort.Tests.Unit.SortMechanic.SortMechanic_Validation_Test.BoltSelected_ColorMismatch_EmitsMoveRejected_ColorMismatch" methodname="BoltSelected_ColorMismatch_EmitsMoveRejected_ColorMismatch" classname="BoltSort.Tests.Unit.SortMechanic.SortMechanic_Validation_Test" runstate="Runnable" seed="642161880" result="Passed" start-time="2026-05-19 17:01:29Z" end-time="2026-05-19 17:01:29Z" duration="0.001942" asserts="0">
                  <properties />
                  <output><![CDATA[You are trying to create a MonoBehaviour using the 'new' keyword.  This is not allowed.  MonoBehaviours can only be added using AddComponent(). Alternatively, your script can inherit from ScriptableObject or no base class at all
]]></output>
                </test-case>
                <test-case id="1674" name="BoltSelected_ColorMismatch_EntersInvalidMove" fullname="BoltSort.Tests.Unit.SortMechanic.SortMechanic_Validation_Test.BoltSelected_ColorMismatch_EntersInvalidMove" methodname="BoltSelected_ColorMismatch_EntersInvalidMove" classname="BoltSort.Tests.Unit.SortMechanic.SortMechanic_Validation_Test" runstate="Runnable" seed="737810165" result="Passed" start-time="2026-05-19 17:01:29Z" end-time="2026-05-19 17:01:29Z" duration="0.001469" asserts="0">
                  <properties />
                  <output><![CDATA[You are trying to create a MonoBehaviour using the 'new' keyword.  This is not allowed.  MonoBehaviours can only be added using AddComponent(). Alternatively, your script can inherit from ScriptableObject or no base class at all
]]></output>
                </test-case>
                <test-case id="1685" name="BoltSelected_DestinationAtCap_EmitsMoveRejected_DestinationFull" fullname="BoltSort.Tests.Unit.SortMechanic.SortMechanic_Validation_Test.BoltSelected_DestinationAtCap_EmitsMoveRejected_DestinationFull" methodname="BoltSelected_DestinationAtCap_EmitsMoveRejected_DestinationFull" classname="BoltSort.Tests.Unit.SortMechanic.SortMechanic_Validation_Test" runstate="Runnable" seed="190563026" result="Passed" start-time="2026-05-19 17:01:29Z" end-time="2026-05-19 17:01:29Z" duration="0.001494" asserts="0">
                  <properties />
                  <output><![CDATA[You are trying to create a MonoBehaviour using the 'new' keyword.  This is not allowed.  MonoBehaviours can only be added using AddComponent(). Alternatively, your script can inherit from ScriptableObject or no base class at all
]]></output>
                </test-case>
                <test-case id="1684" name="BoltSelected_DestinationAtCapMinus1_ColorMatch_EmitsMoveCommitted" fullname="BoltSort.Tests.Unit.SortMechanic.SortMechanic_Validation_Test.BoltSelected_DestinationAtCapMinus1_ColorMatch_EmitsMoveCommitted" methodname="BoltSelected_DestinationAtCapMinus1_ColorMatch_EmitsMoveCommitted" classname="BoltSort.Tests.Unit.SortMechanic.SortMechanic_Validation_Test" runstate="Runnable" seed="1856082281" result="Passed" start-time="2026-05-19 17:01:29Z" end-time="2026-05-19 17:01:29Z" duration="0.001291" asserts="0">
                  <properties />
                  <output><![CDATA[You are trying to create a MonoBehaviour using the 'new' keyword.  This is not allowed.  MonoBehaviours can only be added using AddComponent(). Alternatively, your script can inherit from ScriptableObject or no base class at all
]]></output>
                </test-case>
                <test-case id="1671" name="BoltSelected_EmptyDestination_CommitPayloadCorrect" fullname="BoltSort.Tests.Unit.SortMechanic.SortMechanic_Validation_Test.BoltSelected_EmptyDestination_CommitPayloadCorrect" methodname="BoltSelected_EmptyDestination_CommitPayloadCorrect" classname="BoltSort.Tests.Unit.SortMechanic.SortMechanic_Validation_Test" runstate="Runnable" seed="45690259" result="Passed" start-time="2026-05-19 17:01:29Z" end-time="2026-05-19 17:01:29Z" duration="0.001194" asserts="0">
                  <properties />
                  <output><![CDATA[You are trying to create a MonoBehaviour using the 'new' keyword.  This is not allowed.  MonoBehaviours can only be added using AddComponent(). Alternatively, your script can inherit from ScriptableObject or no base class at all
]]></output>
                </test-case>
                <test-case id="1670" name="BoltSelected_EmptyDestination_EmitsMoveCommitted" fullname="BoltSort.Tests.Unit.SortMechanic.SortMechanic_Validation_Test.BoltSelected_EmptyDestination_EmitsMoveCommitted" methodname="BoltSelected_EmptyDestination_EmitsMoveCommitted" classname="BoltSort.Tests.Unit.SortMechanic.SortMechanic_Validation_Test" runstate="Runnable" seed="1432563778" result="Passed" start-time="2026-05-19 17:01:29Z" end-time="2026-05-19 17:01:29Z" duration="0.001250" asserts="0">
                  <properties />
                  <output><![CDATA[You are trying to create a MonoBehaviour using the 'new' keyword.  This is not allowed.  MonoBehaviours can only be added using AddComponent(). Alternatively, your script can inherit from ScriptableObject or no base class at all
]]></output>
                </test-case>
                <test-case id="1676" name="BoltSelected_FullDestination_EmitsMoveRejected_DestinationFull" fullname="BoltSort.Tests.Unit.SortMechanic.SortMechanic_Validation_Test.BoltSelected_FullDestination_EmitsMoveRejected_DestinationFull" methodname="BoltSelected_FullDestination_EmitsMoveRejected_DestinationFull" classname="BoltSort.Tests.Unit.SortMechanic.SortMechanic_Validation_Test" runstate="Runnable" seed="2068638713" result="Passed" start-time="2026-05-19 17:01:29Z" end-time="2026-05-19 17:01:29Z" duration="0.001629" asserts="0">
                  <properties />
                  <output><![CDATA[You are trying to create a MonoBehaviour using the 'new' keyword.  This is not allowed.  MonoBehaviours can only be added using AddComponent(). Alternatively, your script can inherit from ScriptableObject or no base class at all
]]></output>
                </test-case>
                <test-case id="1677" name="BoltSelected_FullDestination_HeldBoltRetained" fullname="BoltSort.Tests.Unit.SortMechanic.SortMechanic_Validation_Test.BoltSelected_FullDestination_HeldBoltRetained" methodname="BoltSelected_FullDestination_HeldBoltRetained" classname="BoltSort.Tests.Unit.SortMechanic.SortMechanic_Validation_Test" runstate="Runnable" seed="656651002" result="Passed" start-time="2026-05-19 17:01:29Z" end-time="2026-05-19 17:01:29Z" duration="0.001452" asserts="0">
                  <properties />
                  <output><![CDATA[You are trying to create a MonoBehaviour using the 'new' keyword.  This is not allowed.  MonoBehaviours can only be added using AddComponent(). Alternatively, your script can inherit from ScriptableObject or no base class at all
]]></output>
                </test-case>
                <test-case id="1681" name="ColumnCap_AtMaximum_InitializesSuccessfully" fullname="BoltSort.Tests.Unit.SortMechanic.SortMechanic_Validation_Test.ColumnCap_AtMaximum_InitializesSuccessfully" methodname="ColumnCap_AtMaximum_InitializesSuccessfully" classname="BoltSort.Tests.Unit.SortMechanic.SortMechanic_Validation_Test" runstate="Runnable" seed="1601743475" result="Passed" start-time="2026-05-19 17:01:29Z" end-time="2026-05-19 17:01:29Z" duration="0.001347" asserts="0">
                  <properties />
                  <output><![CDATA[You are trying to create a MonoBehaviour using the 'new' keyword.  This is not allowed.  MonoBehaviours can only be added using AddComponent(). Alternatively, your script can inherit from ScriptableObject or no base class at all
]]></output>
                </test-case>
                <test-case id="1683" name="ColumnCap_BelowMaximum_InitializesSuccessfully" fullname="BoltSort.Tests.Unit.SortMechanic.SortMechanic_Validation_Test.ColumnCap_BelowMaximum_InitializesSuccessfully" methodname="ColumnCap_BelowMaximum_InitializesSuccessfully" classname="BoltSort.Tests.Unit.SortMechanic.SortMechanic_Validation_Test" runstate="Runnable" seed="750094961" result="Passed" start-time="2026-05-19 17:01:29Z" end-time="2026-05-19 17:01:29Z" duration="0.001105" asserts="0">
                  <properties />
                  <output><![CDATA[You are trying to create a MonoBehaviour using the 'new' keyword.  This is not allowed.  MonoBehaviours can only be added using AddComponent(). Alternatively, your script can inherit from ScriptableObject or no base class at all
]]></output>
                </test-case>
                <test-case id="1682" name="ColumnCap_Exceeded_EmitsLevelLoadFailed" fullname="BoltSort.Tests.Unit.SortMechanic.SortMechanic_Validation_Test.ColumnCap_Exceeded_EmitsLevelLoadFailed" methodname="ColumnCap_Exceeded_EmitsLevelLoadFailed" classname="BoltSort.Tests.Unit.SortMechanic.SortMechanic_Validation_Test" runstate="Runnable" seed="777932238" result="Passed" start-time="2026-05-19 17:01:29Z" end-time="2026-05-19 17:01:29Z" duration="0.001778" asserts="0">
                  <properties />
                  <output><![CDATA[You are trying to create a MonoBehaviour using the 'new' keyword.  This is not allowed.  MonoBehaviours can only be added using AddComponent(). Alternatively, your script can inherit from ScriptableObject or no base class at all
]]></output>
                </test-case>
                <test-case id="1680" name="MultiRejection_ThreeRejections_ThenLegalMove_FsmStable" fullname="BoltSort.Tests.Unit.SortMechanic.SortMechanic_Validation_Test.MultiRejection_ThreeRejections_ThenLegalMove_FsmStable" methodname="MultiRejection_ThreeRejections_ThenLegalMove_FsmStable" classname="BoltSort.Tests.Unit.SortMechanic.SortMechanic_Validation_Test" runstate="Runnable" seed="2064950721" result="Passed" start-time="2026-05-19 17:01:29Z" end-time="2026-05-19 17:01:29Z" duration="0.003302" asserts="0">
                  <properties />
                  <output><![CDATA[You are trying to create a MonoBehaviour using the 'new' keyword.  This is not allowed.  MonoBehaviours can only be added using AddComponent(). Alternatively, your script can inherit from ScriptableObject or no base class at all
]]></output>
                </test-case>
                <test-case id="1678" name="TempSlot_SingleBolt_EntersBoltSelected" fullname="BoltSort.Tests.Unit.SortMechanic.SortMechanic_Validation_Test.TempSlot_SingleBolt_EntersBoltSelected" methodname="TempSlot_SingleBolt_EntersBoltSelected" classname="BoltSort.Tests.Unit.SortMechanic.SortMechanic_Validation_Test" runstate="Runnable" seed="1888919811" result="Passed" start-time="2026-05-19 17:01:29Z" end-time="2026-05-19 17:01:30Z" duration="0.001900" asserts="0">
                  <properties />
                  <output><![CDATA[You are trying to create a MonoBehaviour using the 'new' keyword.  This is not allowed.  MonoBehaviours can only be added using AddComponent(). Alternatively, your script can inherit from ScriptableObject or no base class at all
]]></output>
                </test-case>
                <test-case id="1679" name="TempSlot_ValidDestination_EmitsMoveCommitted" fullname="BoltSort.Tests.Unit.SortMechanic.SortMechanic_Validation_Test.TempSlot_ValidDestination_EmitsMoveCommitted" methodname="TempSlot_ValidDestination_EmitsMoveCommitted" classname="BoltSort.Tests.Unit.SortMechanic.SortMechanic_Validation_Test" runstate="Runnable" seed="537279736" result="Passed" start-time="2026-05-19 17:01:30Z" end-time="2026-05-19 17:01:30Z" duration="0.001465" asserts="0">
                  <properties />
                  <output><![CDATA[You are trying to create a MonoBehaviour using the 'new' keyword.  This is not allowed.  MonoBehaviours can only be added using AddComponent(). Alternatively, your script can inherit from ScriptableObject or no base class at all
]]></output>
                </test-case>
              </test-suite>
              <test-suite type="TestFixture" id="1686" name="SortMechanic_WinCondition_Test" fullname="BoltSort.Tests.Unit.SortMechanic.SortMechanic_WinCondition_Test" classname="BoltSort.Tests.Unit.SortMechanic.SortMechanic_WinCondition_Test" runstate="Runnable" testcasecount="20" result="Passed" start-time="2026-05-19 17:01:30Z" end-time="2026-05-19 17:01:30Z" duration="0.038994" total="20" passed="20" failed="0" inconclusive="0" skipped="0" asserts="0">
                <properties />
                <test-case id="1705" name="AnimationComplete_EmptyColorStack_NotWon" fullname="BoltSort.Tests.Unit.SortMechanic.SortMechanic_WinCondition_Test.AnimationComplete_EmptyColorStack_NotWon" methodname="AnimationComplete_EmptyColorStack_NotWon" classname="BoltSort.Tests.Unit.SortMechanic.SortMechanic_WinCondition_Test" runstate="Runnable" seed="1328216450" result="Passed" start-time="2026-05-19 17:01:30Z" end-time="2026-05-19 17:01:30Z" duration="0.002017" asserts="0">
                  <properties />
                  <output><![CDATA[You are trying to create a MonoBehaviour using the 'new' keyword.  This is not allowed.  MonoBehaviours can only be added using AddComponent(). Alternatively, your script can inherit from ScriptableObject or no base class at all
]]></output>
                </test-case>
                <test-case id="1695" name="AnimationComplete_FullButNonMonochromatic_NotWon" fullname="BoltSort.Tests.Unit.SortMechanic.SortMechanic_WinCondition_Test.AnimationComplete_FullButNonMonochromatic_NotWon" methodname="AnimationComplete_FullButNonMonochromatic_NotWon" classname="BoltSort.Tests.Unit.SortMechanic.SortMechanic_WinCondition_Test" runstate="Runnable" seed="730655651" result="Passed" start-time="2026-05-19 17:01:30Z" end-time="2026-05-19 17:01:30Z" duration="0.001611" asserts="0">
                  <properties />
                  <output><![CDATA[You are trying to create a MonoBehaviour using the 'new' keyword.  This is not allowed.  MonoBehaviours can only be added using AddComponent(). Alternatively, your script can inherit from ScriptableObject or no base class at all
]]></output>
                </test-case>
                <test-case id="1693" name="AnimationComplete_NotWon_EmitsMoveExecutingExited" fullname="BoltSort.Tests.Unit.SortMechanic.SortMechanic_WinCondition_Test.AnimationComplete_NotWon_EmitsMoveExecutingExited" methodname="AnimationComplete_NotWon_EmitsMoveExecutingExited" classname="BoltSort.Tests.Unit.SortMechanic.SortMechanic_WinCondition_Test" runstate="Runnable" seed="695662236" result="Passed" start-time="2026-05-19 17:01:30Z" end-time="2026-05-19 17:01:30Z" duration="0.001587" asserts="0">
                  <properties />
                  <output><![CDATA[You are trying to create a MonoBehaviour using the 'new' keyword.  This is not allowed.  MonoBehaviours can only be added using AddComponent(). Alternatively, your script can inherit from ScriptableObject or no base class at all
]]></output>
                </test-case>
                <test-case id="1691" name="AnimationComplete_NotWon_NotFull_NoPuzzleSolved" fullname="BoltSort.Tests.Unit.SortMechanic.SortMechanic_WinCondition_Test.AnimationComplete_NotWon_NotFull_NoPuzzleSolved" methodname="AnimationComplete_NotWon_NotFull_NoPuzzleSolved" classname="BoltSort.Tests.Unit.SortMechanic.SortMechanic_WinCondition_Test" runstate="Runnable" seed="397308444" result="Passed" start-time="2026-05-19 17:01:30Z" end-time="2026-05-19 17:01:30Z" duration="0.002335" asserts="0">
                  <properties />
                  <output><![CDATA[You are trying to create a MonoBehaviour using the 'new' keyword.  This is not allowed.  MonoBehaviours can only be added using AddComponent(). Alternatively, your script can inherit from ScriptableObject or no base class at all
]]></output>
                </test-case>
                <test-case id="1692" name="AnimationComplete_NotWon_NotFull_TransitionsToIdle" fullname="BoltSort.Tests.Unit.SortMechanic.SortMechanic_WinCondition_Test.AnimationComplete_NotWon_NotFull_TransitionsToIdle" methodname="AnimationComplete_NotWon_NotFull_TransitionsToIdle" classname="BoltSort.Tests.Unit.SortMechanic.SortMechanic_WinCondition_Test" runstate="Runnable" seed="136806705" result="Passed" start-time="2026-05-19 17:01:30Z" end-time="2026-05-19 17:01:30Z" duration="0.001665" asserts="0">
                  <properties />
                  <output><![CDATA[You are trying to create a MonoBehaviour using the 'new' keyword.  This is not allowed.  MonoBehaviours can only be added using AddComponent(). Alternatively, your script can inherit from ScriptableObject or no base class at all
]]></output>
                </test-case>
                <test-case id="1704" name="AnimationComplete_StackDepthOne_SingleBoltPerStack_Won" fullname="BoltSort.Tests.Unit.SortMechanic.SortMechanic_WinCondition_Test.AnimationComplete_StackDepthOne_SingleBoltPerStack_Won" methodname="AnimationComplete_StackDepthOne_SingleBoltPerStack_Won" classname="BoltSort.Tests.Unit.SortMechanic.SortMechanic_WinCondition_Test" runstate="Runnable" seed="1716723609" result="Passed" start-time="2026-05-19 17:01:30Z" end-time="2026-05-19 17:01:30Z" duration="0.001614" asserts="0">
                  <properties />
                  <output><![CDATA[You are trying to create a MonoBehaviour using the 'new' keyword.  This is not allowed.  MonoBehaviours can only be added using AddComponent(). Alternatively, your script can inherit from ScriptableObject or no base class at all
]]></output>
                </test-case>
                <test-case id="1702" name="AnimationComplete_StaleSeqId_WonBoard_IsNoOp" fullname="BoltSort.Tests.Unit.SortMechanic.SortMechanic_WinCondition_Test.AnimationComplete_StaleSeqId_WonBoard_IsNoOp" methodname="AnimationComplete_StaleSeqId_WonBoard_IsNoOp" classname="BoltSort.Tests.Unit.SortMechanic.SortMechanic_WinCondition_Test" runstate="Runnable" seed="1340224042" result="Passed" start-time="2026-05-19 17:01:30Z" end-time="2026-05-19 17:01:30Z" duration="0.002111" asserts="0">
                  <properties />
                  <output><![CDATA[You are trying to create a MonoBehaviour using the 'new' keyword.  This is not allowed.  MonoBehaviours can only be added using AddComponent(). Alternatively, your script can inherit from ScriptableObject or no base class at all
]]></output>
                </test-case>
                <test-case id="1694" name="AnimationComplete_ThreeStacksAllWon_EmitsPuzzleSolved" fullname="BoltSort.Tests.Unit.SortMechanic.SortMechanic_WinCondition_Test.AnimationComplete_ThreeStacksAllWon_EmitsPuzzleSolved" methodname="AnimationComplete_ThreeStacksAllWon_EmitsPuzzleSolved" classname="BoltSort.Tests.Unit.SortMechanic.SortMechanic_WinCondition_Test" runstate="Runnable" seed="786638679" result="Passed" start-time="2026-05-19 17:01:30Z" end-time="2026-05-19 17:01:30Z" duration="0.001824" asserts="0">
                  <properties />
                  <output><![CDATA[You are trying to create a MonoBehaviour using the 'new' keyword.  This is not allowed.  MonoBehaviours can only be added using AddComponent(). Alternatively, your script can inherit from ScriptableObject or no base class at all
]]></output>
                </test-case>
                <test-case id="1687" name="AnimationComplete_WonBoard_EmitsPuzzleSolved" fullname="BoltSort.Tests.Unit.SortMechanic.SortMechanic_WinCondition_Test.AnimationComplete_WonBoard_EmitsPuzzleSolved" methodname="AnimationComplete_WonBoard_EmitsPuzzleSolved" classname="BoltSort.Tests.Unit.SortMechanic.SortMechanic_WinCondition_Test" runstate="Runnable" seed="1241345894" result="Passed" start-time="2026-05-19 17:01:30Z" end-time="2026-05-19 17:01:30Z" duration="0.001283" asserts="0">
                  <properties />
                  <output><![CDATA[You are trying to create a MonoBehaviour using the 'new' keyword.  This is not allowed.  MonoBehaviours can only be added using AddComponent(). Alternatively, your script can inherit from ScriptableObject or no base class at all
]]></output>
                </test-case>
                <test-case id="1689" name="AnimationComplete_WonBoard_NoMoveExecutingExited" fullname="BoltSort.Tests.Unit.SortMechanic.SortMechanic_WinCondition_Test.AnimationComplete_WonBoard_NoMoveExecutingExited" methodname="AnimationComplete_WonBoard_NoMoveExecutingExited" classname="BoltSort.Tests.Unit.SortMechanic.SortMechanic_WinCondition_Test" runstate="Runnable" seed="188024675" result="Passed" start-time="2026-05-19 17:01:30Z" end-time="2026-05-19 17:01:30Z" duration="0.001155" asserts="0">
                  <properties />
                  <output><![CDATA[You are trying to create a MonoBehaviour using the 'new' keyword.  This is not allowed.  MonoBehaviours can only be added using AddComponent(). Alternatively, your script can inherit from ScriptableObject or no base class at all
]]></output>
                </test-case>
                <test-case id="1688" name="AnimationComplete_WonBoard_TransitionsToWin" fullname="BoltSort.Tests.Unit.SortMechanic.SortMechanic_WinCondition_Test.AnimationComplete_WonBoard_TransitionsToWin" methodname="AnimationComplete_WonBoard_TransitionsToWin" classname="BoltSort.Tests.Unit.SortMechanic.SortMechanic_WinCondition_Test" runstate="Runnable" seed="1461572604" result="Passed" start-time="2026-05-19 17:01:30Z" end-time="2026-05-19 17:01:30Z" duration="0.001158" asserts="0">
                  <properties />
                  <output><![CDATA[You are trying to create a MonoBehaviour using the 'new' keyword.  This is not allowed.  MonoBehaviours can only be added using AddComponent(). Alternatively, your script can inherit from ScriptableObject or no base class at all
]]></output>
                </test-case>
                <test-case id="1706" name="AnimationComplete_WonColorStacksWithTempBolts_StillWins" fullname="BoltSort.Tests.Unit.SortMechanic.SortMechanic_WinCondition_Test.AnimationComplete_WonColorStacksWithTempBolts_StillWins" methodname="AnimationComplete_WonColorStacksWithTempBolts_StillWins" classname="BoltSort.Tests.Unit.SortMechanic.SortMechanic_WinCondition_Test" runstate="Runnable" seed="16138422" result="Passed" start-time="2026-05-19 17:01:30Z" end-time="2026-05-19 17:01:30Z" duration="0.002029" asserts="0">
                  <properties />
                  <output><![CDATA[You are trying to create a MonoBehaviour using the 'new' keyword.  This is not allowed.  MonoBehaviours can only be added using AddComponent(). Alternatively, your script can inherit from ScriptableObject or no base class at all
]]></output>
                </test-case>
                <test-case id="1696" name="AnimationComplete_WonWithPendingTap_DiscardsPendingTap" fullname="BoltSort.Tests.Unit.SortMechanic.SortMechanic_WinCondition_Test.AnimationComplete_WonWithPendingTap_DiscardsPendingTap" methodname="AnimationComplete_WonWithPendingTap_DiscardsPendingTap" classname="BoltSort.Tests.Unit.SortMechanic.SortMechanic_WinCondition_Test" runstate="Runnable" seed="360164267" result="Passed" start-time="2026-05-19 17:01:30Z" end-time="2026-05-19 17:01:30Z" duration="0.001569" asserts="0">
                  <properties />
                  <output><![CDATA[You are trying to create a MonoBehaviour using the 'new' keyword.  This is not allowed.  MonoBehaviours can only be added using AddComponent(). Alternatively, your script can inherit from ScriptableObject or no base class at all
]]></output>
                </test-case>
                <test-case id="1697" name="AnimationComplete_WonWithPendingTap_NoMoveExecutingExitedOrAdditionalEvents" fullname="BoltSort.Tests.Unit.SortMechanic.SortMechanic_WinCondition_Test.AnimationComplete_WonWithPendingTap_NoMoveExecutingExitedOrAdditionalEvents" methodname="AnimationComplete_WonWithPendingTap_NoMoveExecutingExitedOrAdditionalEvents" classname="BoltSort.Tests.Unit.SortMechanic.SortMechanic_WinCondition_Test" runstate="Runnable" seed="1110468684" result="Passed" start-time="2026-05-19 17:01:30Z" end-time="2026-05-19 17:01:30Z" duration="0.001504" asserts="0">
                  <properties />
                  <output><![CDATA[You are trying to create a MonoBehaviour using the 'new' keyword.  This is not allowed.  MonoBehaviours can only be added using AddComponent(). Alternatively, your script can inherit from ScriptableObject or no base class at all
]]></output>
                </test-case>
                <test-case id="1703" name="IsWon_StackContentsLengthMismatchColorCount_DefensiveFallbackPreventsWin" fullname="BoltSort.Tests.Unit.SortMechanic.SortMechanic_WinCondition_Test.IsWon_StackContentsLengthMismatchColorCount_DefensiveFallbackPreventsWin" methodname="IsWon_StackContentsLengthMismatchColorCount_DefensiveFallbackPreventsWin" classname="BoltSort.Tests.Unit.SortMechanic.SortMechanic_WinCondition_Test" runstate="Runnable" seed="957507915" result="Passed" start-time="2026-05-19 17:01:30Z" end-time="2026-05-19 17:01:30Z" duration="0.002096" asserts="0">
                  <properties />
                  <output><![CDATA[You are trying to create a MonoBehaviour using the 'new' keyword.  This is not allowed.  MonoBehaviours can only be added using AddComponent(). Alternatively, your script can inherit from ScriptableObject or no base class at all
]]></output>
                </test-case>
                <test-case id="1699" name="Watchdog_NotWon_NoMoveExecutingExited" fullname="BoltSort.Tests.Unit.SortMechanic.SortMechanic_WinCondition_Test.Watchdog_NotWon_NoMoveExecutingExited" methodname="Watchdog_NotWon_NoMoveExecutingExited" classname="BoltSort.Tests.Unit.SortMechanic.SortMechanic_WinCondition_Test" runstate="Runnable" seed="1626505147" result="Passed" start-time="2026-05-19 17:01:30Z" end-time="2026-05-19 17:01:30Z" duration="0.001283" asserts="0">
                  <properties />
                  <output><![CDATA[You are trying to create a MonoBehaviour using the 'new' keyword.  This is not allowed.  MonoBehaviours can only be added using AddComponent(). Alternatively, your script can inherit from ScriptableObject or no base class at all
]]></output>
                </test-case>
                <test-case id="1700" name="Watchdog_WonBoard_EmitsPuzzleSolved_NoMoveExecutingExited" fullname="BoltSort.Tests.Unit.SortMechanic.SortMechanic_WinCondition_Test.Watchdog_WonBoard_EmitsPuzzleSolved_NoMoveExecutingExited" methodname="Watchdog_WonBoard_EmitsPuzzleSolved_NoMoveExecutingExited" classname="BoltSort.Tests.Unit.SortMechanic.SortMechanic_WinCondition_Test" runstate="Runnable" seed="527900400" result="Passed" start-time="2026-05-19 17:01:30Z" end-time="2026-05-19 17:01:30Z" duration="0.001407" asserts="0">
                  <properties />
                  <output><![CDATA[You are trying to create a MonoBehaviour using the 'new' keyword.  This is not allowed.  MonoBehaviours can only be added using AddComponent(). Alternatively, your script can inherit from ScriptableObject or no base class at all
]]></output>
                </test-case>
                <test-case id="1701" name="Watchdog_WonWithPendingTap_DiscardsPendingTap" fullname="BoltSort.Tests.Unit.SortMechanic.SortMechanic_WinCondition_Test.Watchdog_WonWithPendingTap_DiscardsPendingTap" methodname="Watchdog_WonWithPendingTap_DiscardsPendingTap" classname="BoltSort.Tests.Unit.SortMechanic.SortMechanic_WinCondition_Test" runstate="Runnable" seed="1382946094" result="Passed" start-time="2026-05-19 17:01:30Z" end-time="2026-05-19 17:01:30Z" duration="0.001221" asserts="0">
                  <properties />
                  <output><![CDATA[You are trying to create a MonoBehaviour using the 'new' keyword.  This is not allowed.  MonoBehaviours can only be added using AddComponent(). Alternatively, your script can inherit from ScriptableObject or no base class at all
]]></output>
                </test-case>
                <test-case id="1698" name="Win_AfterBufferedTapDiscarded_TapsProduceNoEvents" fullname="BoltSort.Tests.Unit.SortMechanic.SortMechanic_WinCondition_Test.Win_AfterBufferedTapDiscarded_TapsProduceNoEvents" methodname="Win_AfterBufferedTapDiscarded_TapsProduceNoEvents" classname="BoltSort.Tests.Unit.SortMechanic.SortMechanic_WinCondition_Test" runstate="Runnable" seed="165324549" result="Passed" start-time="2026-05-19 17:01:30Z" end-time="2026-05-19 17:01:30Z" duration="0.001253" asserts="0">
                  <properties />
                  <output><![CDATA[You are trying to create a MonoBehaviour using the 'new' keyword.  This is not allowed.  MonoBehaviours can only be added using AddComponent(). Alternatively, your script can inherit from ScriptableObject or no base class at all
]]></output>
                </test-case>
                <test-case id="1690" name="Win_SubsequentTaps_EmitZeroEvents" fullname="BoltSort.Tests.Unit.SortMechanic.SortMechanic_WinCondition_Test.Win_SubsequentTaps_EmitZeroEvents" methodname="Win_SubsequentTaps_EmitZeroEvents" classname="BoltSort.Tests.Unit.SortMechanic.SortMechanic_WinCondition_Test" runstate="Runnable" seed="1863849641" result="Passed" start-time="2026-05-19 17:01:30Z" end-time="2026-05-19 17:01:30Z" duration="0.001258" asserts="0">
                  <properties />
                  <output><![CDATA[You are trying to create a MonoBehaviour using the 'new' keyword.  This is not allowed.  MonoBehaviours can only be added using AddComponent(). Alternatively, your script can inherit from ScriptableObject or no base class at all
]]></output>
                </test-case>
              </test-suite>
            </test-suite>
          </test-suite>
        </test-suite>
      </test-suite>
    </test-suite>
  </test-suite>
</test-run>